******************************************************************************
                  TI ARM Linker PC v20.2.0                     
******************************************************************************
>> Linked Wed Jun  3 23:17:49 2020

OUTPUT FILE NAME:   <lab4.out>
ENTRY POINT SYMBOL: "_c_int00_noargs"  address: 2000ed21


MEMORY CONFIGURATION

         name            origin    length      used     unused   attr    fill
----------------------  --------  ---------  --------  --------  ----  --------
  SRAM_CODE             20004000   00013000  0000bf5e  000070a2  RW X
  SRAM_DATA             20017000   00019000  000012d6  00017d2a  RW X


SEGMENT ALLOCATION MAP

run origin  load origin   length   init length attrs members
----------  ----------- ---------- ----------- ----- -------
20004000    20004000    0000bf60   0000bf60    r-x
  20004000    20004000    00000400   00000400    r-- .intvecs
  20004400    20004400    0000afea   0000afea    r-x .text
  2000f3ec    2000f3ec    00000b0c   00000b0c    r-- .const
  2000fef8    2000fef8    00000068   00000068    r-- .cinit
20017000    20017000    00000ad8   00000000    rw-
  20017000    20017000    00000800   00000000    rw- .sysmem
  20017800    20017800    0000021a   00000000    rw- .bss
  20017a1c    20017a1c    000000bc   00000000    rw- .data
2002f800    2002f800    00000800   00000000    rw-
  2002f800    2002f800    00000800   00000000    rw- .stack


SECTION ALLOCATION MAP

 output                                  attributes/
section   page    origin      length       input sections
--------  ----  ----------  ----------   ----------------
.intvecs   0    20004000    00000400     
                  20004000    00000400     startup_ccs.obj (.intvecs)

.init_array 
*          0    20004000    00000000     UNINITIALIZED

.text      0    20004400    0000afea     
                  20004400    00001988     main.obj (.text)
                  20005d88    00000b38     Adafruit_GFX.obj (.text)
                  200068c0    00000a4e     rtsv7M4_T_le_eabi.lib : _printfi.c.obj (.text:__TI_printfi)
                  2000730e    00000712     test.obj (.text)
                  20007a20    00000590     simplelink.a : driver.obj (.text:_SlDrvMsgRead)
                  20007fb0    0000047a     Adafruit_OLED.obj (.text)
                  2000842a    00000002     driverlib.a : interrupt.obj (.text:IntDefaultHandler)
                  2000842c    00000398     gpio_if.obj (.text)
                  200087c4    000002b4     i2c_if.obj (.text)
                  20008a78    00000280     simplelink.a : wlan.obj (.text:sl_WlanConnect)
                  20008cf8    0000027c     uart_if.obj (.text)
                  20008f74    00000268     rtsv7M4_T_le_eabi.lib : _printfi.c.obj (.text:_pconv_a)
                  200091dc    00000248     simplelink.a : driver.obj (.text:_SlDrvRxHdrRead)
                  20009424    000001e4                  : driver.obj (.text:_SlDrvDataReadOp)
                  20009608    000001d0                  : driver.obj (.text:_SlDrvReleasePoolObj)
                  200097d8    000001cc     rtsv7M4_T_le_eabi.lib : _printfi.c.obj (.text:_pconv_g)
                  200099a4    000001b6                           : fd_add_t2.asm.obj (.text)
                  20009b5a    00000002                           : _lock.c.obj (.text:_nop)
                  20009b5c    000001b4     simplelink.a : driver.obj (.text:_SlDrvDriverCBInit)
                  20009d10    0000019c                  : driver.obj (.text:_SlDrvMsgWrite)
                  20009eac    00000190                  : driver.obj (.text:_SlDrvWaitForPoolObj)
                  2000a03c    0000018c                  : socket.obj (.text:sl_Connect)
                  2000a1c8    00000178     driverlib.a : prcm.obj (.text:PRCMCC3200MCUInit)
                  2000a340    00000170     simplelink.a : driver.obj (.text:_SlFindAndSetActiveObj)
                  2000a4b0    0000015c     rtsv7M4_T_le_eabi.lib : e_sqrt.c.obj (.text:sqrt)
                  2000a60c    00000150     simplelink.a : driver.obj (.text:_SlDrvDataWriteOp)
                  2000a75c    00000148                  : cc_pal.obj (.text:spi_Open)
                  2000a8a4    00000144                  : driver.obj (.text:_SlDrvMsgReadCmdCtx)
                  2000a9e8    00000144                  : netapp.obj (.text:sl_NetAppDnsGetHostByName)
                  2000ab2c    0000013c     rtsv7M4_T_le_eabi.lib : _printfi.c.obj (.text:_pconv_e)
                  2000ac68    00000136                           : fd_div_t2.asm.obj (.text)
                  2000ad9e    00000002                           : div0.asm.obj (.text)
                  2000ada0    00000134     simplelink.a : socket.obj (.text:sl_Send)
                  2000aed4    00000130                  : driver.obj (.text:_SlDrvDriverCBDeinit)
                  2000b004    00000130     pin_mux_config.obj (.text)
                  2000b134    00000120     rtsv7M4_T_le_eabi.lib : _printfi.c.obj (.text:fcvt)
                  2000b254    00000108                           : memory.c.obj (.text:aligned_alloc)
                  2000b35c    00000104     simplelink.a : netapp.obj (.text:_SlDrvNetAppEventHandler)
                  2000b460    000000fc     rtsv7M4_T_le_eabi.lib : fd_mul_t2.asm.obj (.text)
                  2000b55c    000000f0     simplelink.a : device.obj (.text:sl_Start)
                  2000b64c    000000f0                  : device.obj (.text:sl_Stop)
                  2000b73c    000000f0                  : cc_pal.obj (.text:spi_Read)
                  2000b82c    000000f0     driverlib.a : udma.obj (.text:uDMAChannelTransferSet)
                  2000b91c    000000e8     simplelink.a : driver.obj (.text:_SlAsyncEventGenericHandler)
                  2000ba04    000000e8                  : driver.obj (.text:_SlDrvMsgReadSpawnCtx)
                  2000baec    000000e4     rtsv7M4_T_le_eabi.lib : memory.c.obj (.text:free)
                  2000bbd0    000000e4                           : memory.c.obj (.text:realloc)
                  2000bcb4    000000e4     simplelink.a : netapp.obj (.text:sl_NetAppMDNSRegisterUnregisterService)
                  2000bd98    000000dc                  : driver.obj (.text:_SlDrvClassifyRxMsg)
                  2000be74    000000d0     rtsv7M4_T_le_eabi.lib : s_scalbn.c.obj (.text:scalbn)
                  2000bf44    000000cc     simplelink.a : netapp.obj (.text:_sl_HandleAsync_DnsGetHostByService)
                  2000c010    000000cc                  : device.obj (.text:sl_DevGet)
                  2000c0dc    000000c4                  : driver.obj (.text:_SlRemoveFromList)
                  2000c1a0    000000c0                  : driver.obj (.text:_SlDrvCmdOp)
                  2000c260    000000b1     rtsv7M4_T_le_eabi.lib : _printfi.c.obj (.text:_ltostr)
                  2000c311    00000003     --HOLE-- [fill = 0]
                  2000c314    000000b0     simplelink.a : nonos.obj (.text:_SlNonOsSemGet)
                  2000c3c4    000000a8     driverlib.a : interrupt.obj (.text:IntDisable)
                  2000c46c    000000a8                 : interrupt.obj (.text:IntEnable)
                  2000c514    000000a4     simplelink.a : driver.obj (.text:_SlDriverHandleError)
                  2000c5b8    000000a0     driverlib.a : spi.obj (.text:SPIConfigSetExpClk)
                  2000c658    000000a0     simplelink.a : socket.obj (.text:sl_Recv)
                  2000c6f8    0000009c     rtsv7M4_T_le_eabi.lib : memcpy_t2.asm.obj (.text)
                  2000c794    0000009a     simplelink.a : device.obj (.text:_SlDrvDeviceEventHandler)
                  2000c82e    00000002     --HOLE-- [fill = 0]
                  2000c830    00000098                  : device.obj (.text:sl_DevSet)
                  2000c8c8    00000098                  : netcfg.obj (.text:sl_NetCfgSet)
                  2000c960    00000098                  : socket.obj (.text:sl_SetSockOpt)
                  2000c9f8    00000098                  : wlan.obj (.text:sl_WlanSet)
                  2000ca90    00000098                  : cc_pal.obj (.text:spi_Write)
                  2000cb28    00000096     rtsv7M4_T_le_eabi.lib : ull_div_t2.asm.obj (.text)
                  2000cbbe    00000002     --HOLE-- [fill = 0]
                  2000cbc0    00000094     driverlib.a : prcm.obj (.text:PRCMPeripheralClockGet)
                  2000cc54    00000090     simplelink.a : netapp.obj (.text:_sl_HandleAsync_DnsGetHostByName)
                  2000cce4    00000090                  : netapp.obj (.text:_sl_HandleAsync_PingResponse)
                  2000cd74    00000090                  : wlan.obj (.text:sl_WlanPolicySet)
                  2000ce04    0000008c                  : cc_pal.obj (.text:SetupDMAReceive)
                  2000ce90    0000008c                  : cc_pal.obj (.text:SetupDMASend)
                  2000cf1c    0000008c                  : driver.obj (.text:_SlDrvIsTimeoutExpired)
                  2000cfa8    0000008c                  : device.obj (.text:_sl_HandleAsync_InitComplete)
                  2000d034    0000008c                  : socket.obj (.text:sl_Socket)
                  2000d0c0    00000088     driverlib.a : pin.obj (.text:PinConfigSet)
                  2000d148    00000086     rtsv7M4_T_le_eabi.lib : fd_cmp_t2.asm.obj (.text:__aeabi_cdcmple)
                  2000d1ce    00000086                           : fd_cmp_t2.asm.obj (.text:__aeabi_cdrcmple)
                  2000d254    00000084     driverlib.a : i2c.obj (.text:I2CMasterInitExpClk)
                  2000d2d8    00000084     simplelink.a : cc_pal.obj (.text:NwpPowerOnPreamble)
                  2000d35c    00000084                  : wlan.obj (.text:sl_WlanRxFilterSet)
                  2000d3e0    00000082     driverlib.a : gpio.obj (.text:GPIOIntTypeSet)
                  2000d462    00000002     --HOLE-- [fill = 0]
                  2000d464    00000080     simplelink.a : socket.obj (.text:_sl_HandleAsync_Connect)
                  2000d4e4    00000080                  : cc_pal.obj (.text:spi_Read_CPU)
                  2000d564    00000080                  : cc_pal.obj (.text:spi_Write_CPU)
                  2000d5e4    0000007a     rtsv7M4_T_le_eabi.lib : memset_t2.asm.obj (.text)
                  2000d65e    00000002     --HOLE-- [fill = 0]
                  2000d660    00000078     simplelink.a : cc_pal.obj (.text:spi_Close)
                  2000d6d8    00000076     driverlib.a : uart.obj (.text:UARTConfigSetExpClk)
                  2000d74e    00000002     --HOLE-- [fill = 0]
                  2000d750    00000074     simplelink.a : nonos.obj (.text:_SlNonOsMainLoopTask)
                  2000d7c4    00000070     rtsv7M4_T_le_eabi.lib : memory.c.obj (.text:split)
                  2000d834    0000006e                           : _printfi.c.obj (.text:_mcpy)
                  2000d8a2    00000002     --HOLE-- [fill = 0]
                  2000d8a4    0000006c     simplelink.a : driver.obj (.text:_SlDrvCmdSend)
                  2000d910    0000006c                  : netapp.obj (.text:_sl_NetAppSendTokenValue)
                  2000d97c    00000068     rtsv7M4_T_le_eabi.lib : copy_decompress_lzss.c.obj (.text:decompress:lzss:__TI_decompress_lzss)
                  2000d9e4    00000064     simplelink.a : nonos.obj (.text:_SlNonOsSpawn)
                  2000da48    00000064                  : socket.obj (.text:_sl_HandleAsync_Accept)
                  2000daac    00000064                  : netapp.obj (.text:sl_NetAppMDNSUnRegisterService)
                  2000db10    00000064     driverlib.a : udma.obj (.text:uDMAChannelAttributeDisable)
                  2000db74    00000064                 : udma.obj (.text:uDMAChannelAttributeEnable)
                  2000dbd8    00000060     simplelink.a : socket.obj (.text:sl_Close)
                  2000dc38    00000060                  : wlan.obj (.text:sl_WlanProfileDel)
                  2000dc98    00000060                  : wlan.obj (.text:sl_WlanSetMode)
                  2000dcf8    0000005c     rtsv7M4_T_le_eabi.lib : s_frexp.c.obj (.text:frexp)
                  2000dd54    00000058     driverlib.a : interrupt.obj (.text:IntPendClear)
                  2000ddac    00000058                 : prcm.obj (.text:PRCMPeripheralReset)
                  2000de04    00000056     rtsv7M4_T_le_eabi.lib : _printfi.c.obj (.text:_pconv_f)
                  2000de5a    00000002     --HOLE-- [fill = 0]
                  2000de5c    00000054     driverlib.a : interrupt.obj (.text:IntPrioritySet)
                  2000deb0    00000054     simplelink.a : driver.obj (.text:_SlDrvRxIrqHandler)
                  2000df04    00000054     rtsv7M4_T_le_eabi.lib : _ltoa.c.obj (.text:__TI_ltoa)
                  2000df58    00000054     simplelink.a : socket.obj (.text:_sl_HandleAsync_Select)
                  2000dfac    00000052     rtsv7M4_T_le_eabi.lib : _printfi.c.obj (.text:_ecpy)
                  2000dffe    00000002     --HOLE-- [fill = 0]
                  2000e000    00000050     simplelink.a : device.obj (.text:_sl_HandleAsync_Stop)
                  2000e050    0000004c     driverlib.a : spi.obj (.text:SPIIntEnable)
                  2000e09c    0000004c                 : spi.obj (.text:SPIIntNumberGet)
                  2000e0e8    0000004c     simplelink.a : driver.obj (.text:_SlDrvProtectAsyncRespSetting)
                  2000e134    0000004c                  : socket.obj (.text:_sl_BuildAddress)
                  2000e180    0000004c     rtsv7M4_T_le_eabi.lib : atoi.c.obj (.text:atoi)
                  2000e1cc    0000004c     driverlib.a : udma.obj (.text:uDMAChannelAssign)
                  2000e218    00000048                 : gpio.obj (.text:GPIOGetIntNumber)
                  2000e260    00000048                 : spi.obj (.text:SPIIntClear)
                  2000e2a8    00000048     simplelink.a : driver.obj (.text:_SlDrvBasicCmd)
                  2000e2f0    00000048     rtsv7M4_T_le_eabi.lib : fd_toi_t2.asm.obj (.text)
                  2000e338    00000044     driverlib.a : spi.obj (.text:SPIDmaMaskGet)
                  2000e37c    00000044                 : timer.obj (.text:TimerConfigure)
                  2000e3c0    00000044     simplelink.a : driver.obj (.text:_SlDrvHandleHttpServerEvents)
                  2000e404    00000044                  : driver.obj (.text:_SlDrvSyncObjWaitTimeout)
                  2000e448    00000044     rtsv7M4_T_le_eabi.lib : autoinit.c.obj (.text:__TI_auto_init_nobinit_nopinit:__TI_auto_init_nobinit_nopinit)
                  2000e48c    00000044     simplelink.a : cc_pal.obj (.text:cc_SetupTransfer)
                  2000e4d0    00000042                  : socket.obj (.text:sl_Htonl)
                  2000e512    00000002     --HOLE-- [fill = 0]
                  2000e514    00000040     driverlib.a : pin.obj (.text:PinModeSet)
                  2000e554    00000040     simplelink.a : driver.obj (.text:_SlDrvHandleNetAppEvents)
                  2000e594    00000040                  : driver.obj (.text:_SlDrvHandleWlanEvents)
                  2000e5d4    00000040                  : socket.obj (.text:_sl_TruncatePayloadByProtocol)
                  2000e614    00000040     rtsv7M4_T_le_eabi.lib : sprintf.c.obj (.text:sprintf)
                  2000e654    00000040                           : vsnprintf.c.obj (.text:vsnprintf)
                  2000e694    0000003e     simplelink.a : cc_pal.obj (.text:NwpRegisterInterruptHandler)
                  2000e6d2    0000003e     rtsv7M4_T_le_eabi.lib : _printfi.c.obj (.text:_fcpy)
                  2000e710    0000003c     simplelink.a : netapp.obj (.text:CopyPingResultsToReport)
                  2000e74c    0000003c     driverlib.a : prcm.obj (.text:PRCMPeripheralClkEnable)
                  2000e788    0000003c     simplelink.a : cc_pal.obj (.text:simplelink_timerA2_start)
                  2000e7c4    0000003c                  : socket.obj (.text:sl_Htons)
                  2000e800    0000003c     driverlib.a : udma.obj (.text:uDMAChannelControlSet)
                  2000e83c    00000038     simplelink.a : cc_pal.obj (.text:NwpPowerOff)
                  2000e874    00000038                  : wlan.obj (.text:sl_WlanDisconnect)
                  2000e8ac    00000036     driverlib.a : gpio.obj (.text:GPIODirModeSet)
                  2000e8e2    00000002     --HOLE-- [fill = 0]
                  2000e8e4    00000034     simplelink.a : cc_pal.obj (.text:NwpPowerOn)
                  2000e918    00000034     driverlib.a : prcm.obj (.text:PRCMPeripheralStatusGet)
                  2000e94c    00000034                 : spi.obj (.text:SPIFIFOLevelSet)
                  2000e980    00000034     rtsv7M4_T_le_eabi.lib : rand.c.obj (.text:rand)
                  2000e9b4    00000030     driverlib.a : pin.obj (.text:PinTypeGPIO)
                  2000e9e4    00000030                 : uart.obj (.text:UARTDisable)
                  2000ea14    00000030     rtsv7M4_T_le_eabi.lib : vsnprintf.c.obj (.text:_outs)
                  2000ea44    0000002e                           : i_tofd_t2.asm.obj (.text)
                  2000ea72    0000002c     driverlib.a : i2c.obj (.text:I2CMasterErr)
                  2000ea9e    00000002     --HOLE-- [fill = 0]
                  2000eaa0    0000002c                 : prcm.obj (.text:PRCMSysResetCauseGet)
                  2000eacc    0000002c     simplelink.a : driver.obj (.text:_SlDrvObjGlobalLockWaitForever)
                  2000eaf8    0000002c                  : driver.obj (.text:_SlDrvProtectionObjLockWaitForever)
                  2000eb24    0000002a     driverlib.a : timer.obj (.text:TimerLoadSet)
                  2000eb4e    0000002a                 : timer.obj (.text:TimerPrescaleSet)
                  2000eb78    00000028                 : prcm.obj (.text:PRCMPeripheralClkDisable)
                  2000eba0    00000028     simplelink.a : driver.obj (.text:_SlDrvGlobalObjUnLock)
                  2000ebc8    00000028                  : driver.obj (.text:_SlDrvProtectionObjUnLock)
                  2000ebf0    00000028                  : driver.obj (.text:_SlDrvSyncObjWaitForever)
                  2000ec18    00000028     rtsv7M4_T_le_eabi.lib : memory.c.obj (.text:free_list_insert)
                  2000ec40    00000028                           : memmov.c.obj (.text:memmove)
                  2000ec68    00000026     simplelink.a : driver.obj (.text:_SlDrvObjLockWaitForever)
                  2000ec8e    00000026     network_common.obj (.text)
                  2000ecb4    00000024     simplelink.a : cc_pal.obj (.text:DmaSpiSwIntHandler)
                  2000ecd8    00000024     driverlib.a : interrupt.obj (.text:IntUnregister)
                  2000ecfc    00000024                 : uart.obj (.text:UARTEnable)
                  2000ed20    00000024     rtsv7M4_T_le_eabi.lib : boot_cortex_m.c.obj (.text:_c_int00_noargs:_c_int00_noargs)
                  2000ed44    00000024                           : rand.c.obj (.text:srand)
                  2000ed68    00000022     driverlib.a : i2c.obj (.text:I2CMasterSlaveAddrSet)
                  2000ed8a    00000022                 : spi.obj (.text:SPIReset)
                  2000edac    00000022                 : spi.obj (.text:SPIWordCountSet)
                  2000edce    00000020                 : gpio.obj (.text:GPIOPinWrite)
                  2000edee    00000002     --HOLE-- [fill = 0]
                  2000edf0    00000020                 : interrupt.obj (.text:IntRegister)
                  2000ee10    00000020     simplelink.a : cc_pal.obj (.text:NwpPrePowerOffTimout0)
                  2000ee30    00000020     driverlib.a : spi.obj (.text:SPIDataGet)
                  2000ee50    00000020     simplelink.a : cc_pal.obj (.text:TimerGetCurrentTimestamp)
                  2000ee70    00000020                  : driver.obj (.text:_SlDrvObjUnLock)
                  2000ee90    00000020                  : driver.obj (.text:_SlDrvSyncObjSignal)
                  2000eeb0    0000001e     driverlib.a : gpio.obj (.text:GPIOIntRegister)
                  2000eece    0000001e                 : i2c.obj (.text:I2CMasterIntStatusEx)
                  2000eeec    0000001e                 : spi.obj (.text:SPIDataPut)
                  2000ef0a    0000001e                 : timer.obj (.text:TimerEnable)
                  2000ef28    0000001e                 : uart.obj (.text:UARTCharPut)
                  2000ef46    0000001e     simplelink.a : cc_pal.obj (.text:cc_UDMAChannelSelect)
                  2000ef64    0000001c     driverlib.a : pin.obj (.text:PinTypeI2C)
                  2000ef80    0000001c                 : timer.obj (.text:TimerValueGet)
                  2000ef9c    0000001c                 : uart.obj (.text:UARTCharGetNonBlocking)
                  2000efb8    0000001c     simplelink.a : driver.obj (.text:_SlDrvStartMeasureTimeout)
                  2000efd4    0000001c     rtsv7M4_T_le_eabi.lib : copy_zero_init.c.obj (.text:decompress:ZI:__TI_zero_init_nomemset:__TI_zero_init_nomemset)
                  2000eff0    0000001c                           : memory.c.obj (.text:free_list_remove)
                  2000f00c    0000001c                           : memccpy.c.obj (.text:memccpy)
                  2000f028    0000001c     driverlib.a : udma.obj (.text:uDMAChannelEnable)
                  2000f044    0000001a                 : gpio.obj (.text:GPIOIntEnable)
                  2000f05e    0000001a                 : pin.obj (.text:PinTypeSPI)
                  2000f078    0000001a                 : pin.obj (.text:PinTypeUART)
                  2000f092    0000001a                 : spi.obj (.text:SPIDmaDisable)
                  2000f0ac    0000001a                 : spi.obj (.text:SPIDmaEnable)
                  2000f0c6    0000001a                 : spi.obj (.text:SPIFIFODisable)
                  2000f0e0    0000001a                 : spi.obj (.text:SPIFIFOEnable)
                  2000f0fa    0000001a                 : spi.obj (.text:SPIIntUnregister)
                  2000f114    00000018                 : gpio.obj (.text:GPIOPinRead)
                  2000f12c    00000018                 : i2c.obj (.text:I2CMasterIntEnableEx)
                  2000f144    00000018                 : spi.obj (.text:SPICSDisable)
                  2000f15c    00000018                 : spi.obj (.text:SPICSEnable)
                  2000f174    00000018                 : spi.obj (.text:SPIDisable)
                  2000f18c    00000018                 : spi.obj (.text:SPIEnable)
                  2000f1a4    00000018                 : uart.obj (.text:UARTCharsAvail)
                  2000f1bc    00000018     simplelink.a : nonos.obj (.text:_SlNonOsSemSet)
                  2000f1d4    00000018     rtsv7M4_T_le_eabi.lib : vsnprintf.c.obj (.text:_outc)
                  2000f1ec    00000018                           : sprintf.c.obj (.text:_outs)
                  2000f204    00000018     simplelink.a : device.obj (.text:_sl_GetStartResponseConvert)
                  2000f21c    00000016     driverlib.a : i2c.obj (.text:I2CMasterDataPut)
                  2000f232    00000016                 : i2c.obj (.text:I2CMasterEnable)
                  2000f248    00000016                 : prcm.obj (.text:PRCMHIBRegRead)
                  2000f25e    00000016                 : prcm.obj (.text:PRCMHIBRegWrite)
                  2000f274    00000016     simplelink.a : driver.obj (.text:_SlDrvMemZero)
                  2000f28a    00000016     rtsv7M4_T_le_eabi.lib : strchr.c.obj (.text:strchr)
                  2000f2a0    00000014     driverlib.a : cpu.obj (.text:CPUcpsie)
                  2000f2b4    00000014                 : gpio.obj (.text:GPIOIntClear)
                  2000f2c8    00000014                 : interrupt.obj (.text:IntVTableBaseSet)
                  2000f2dc    00000014     rtsv7M4_T_le_eabi.lib : strcpy.c.obj (.text:strcpy)
                  2000f2f0    00000014                           : strlen.c.obj (.text:strlen)
                  2000f304    00000012     driverlib.a : i2c.obj (.text:I2CMasterControl)
                  2000f316    00000012                 : i2c.obj (.text:I2CMasterIntClearEx)
                  2000f328    00000012                 : i2c.obj (.text:I2CMasterTimeoutSet)
                  2000f33a    00000012     rtsv7M4_T_le_eabi.lib : wcslen.c.obj (.text:wcslen)
                  2000f34c    00000010     simplelink.a : driver.obj (.text:_SlDrvDispatchHttpServerEvents)
                  2000f35c    0000000e     driverlib.a : i2c.obj (.text:I2CMasterDataGet)
                  2000f36a    0000000e     simplelink.a : driver.obj (.text:_SlDrvResetCmdExt)
                  2000f378    0000000e     rtsv7M4_T_le_eabi.lib : copy_decompress_none.c.obj (.text:decompress:none:__TI_decompress_none)
                  2000f386    0000000e     startup_ccs.obj (.text)
                  2000f394    0000000c     simplelink.a : cc_pal.obj (.text:NwpMaskInterrupt)
                  2000f3a0    0000000c                  : cc_pal.obj (.text:NwpUnMaskInterrupt)
                  2000f3ac    0000000c     rtsv7M4_T_le_eabi.lib : s_copysign.c.obj (.text:copysign)
                  2000f3b8    0000000a     driverlib.a : interrupt.obj (.text:IntMasterEnable)
                  2000f3c2    0000000a     rtsv7M4_T_le_eabi.lib : sprintf.c.obj (.text:_outc)
                  2000f3cc    00000008                           : errno.c.obj (.text:__aeabi_errno_addr)
                  2000f3d4    00000008                           : memory.c.obj (.text:malloc)
                  2000f3dc    00000006     driverlib.a : utils.obj (.text:UtilsDelay)
                  2000f3e2    00000004     rtsv7M4_T_le_eabi.lib : pre_init.c.obj (.text:_system_pre_init)
                  2000f3e6    00000004                           : exit.c.obj (.text:abort:abort)

.const     0    2000f3ec    00000b0c     
                  2000f3ec    000004fb     Adafruit_GFX.obj (.const:.string:font)
                  2000f8e7    00000101     rtsv7M4_T_le_eabi.lib : ctype.c.obj (.const:.string:_ctypes_)
                  2000f9e8    00000100     driverlib.a : pin.obj (.const:g_ulPinToPadMap)
                  2000fae8    000000d4                 : interrupt.obj (.const:g_pulRegs)
                  2000fbbc    000000a8                 : prcm.obj (.const:PRCM_PeriphRegsList)
                  2000fc64    0000003c     simplelink.a : driver.obj (.const:OpcodeTranslateTable)
                  2000fca0    00000038                  : driver.obj (.const:_SlActionLookupTable)
                  2000fcd8    00000030     main.obj (.const:.string)
                  2000fd08    0000002c     main.obj (.const:$P$T1$2)
                  2000fd34    00000024     driverlib.a : spi.obj (.const:g_ppulSPIIntMap)
                  2000fd58    00000022     main.obj (.const:.string:$P$T0$1)
                  2000fd7a    00000002     --HOLE-- [fill = 0]
                  2000fd7c    00000020     simplelink.a : driver.obj (.const:RxMsgClassLUT)
                  2000fd9c    00000018     driverlib.a : interrupt.obj (.const:g_pulDisRegs)
                  2000fdb4    00000018                 : interrupt.obj (.const:g_pulEnRegs)
                  2000fdcc    00000018                 : interrupt.obj (.const:g_pulUnpendRegs)
                  2000fde4    00000018                 : spi.obj (.const:g_ulSPIDmaMaskMap)
                  2000fdfc    00000015     main.obj (.const:.string:$P$T6$7)
                  2000fe11    00000003     --HOLE-- [fill = 0]
                  2000fe14    00000014     simplelink.a : driver.obj (.const:$P$T0$1)
                  2000fe28    00000014                  : nonos.obj (.const:$P$T0$1)
                  2000fe3c    00000014     main.obj (.const:$P$T2$3)
                  2000fe50    00000010     simplelink.a : socket.obj (.const:.string:_SlPayloadByProtocolLUT)
                  2000fe60    0000000c     main.obj (.const:$P$T4$5)
                  2000fe6c    0000000c     main.obj (.const:.string:$P$T3$4)
                  2000fe78    00000009     main.obj (.const:.string:$P$T5$6)
                  2000fe81    00000008     simplelink.a : device.obj (.const:StartResponseLUT)
                  2000fe89    00000003     --HOLE-- [fill = 0]
                  2000fe8c    00000008                  : driver.obj (.const:g_H2NCnysPattern)
                  2000fe94    00000008                  : driver.obj (.const:g_H2NSyncPattern)
                  2000fe9c    00000005     main.obj (.const:.string:$P$T7$8)
                  2000fea1    00000001     --HOLE-- [fill = 0]
                  2000fea2    00000004     simplelink.a : wlan.obj (.const:$P$T0$1)
                  2000fea6    00000004                  : socket.obj (.const:$P$T2$3)
                  2000feaa    00000004                  : device.obj (.const:_SlDeviceGetCmdCtrl)
                  2000feae    00000004                  : device.obj (.const:_SlDeviceSetCmdCtrl)
                  2000feb2    00000004                  : netapp.obj (.const:_SlGetHostByNameCtrl)
                  2000feb6    00000004                  : netapp.obj (.const:_SlNetAppSendTokenValueCmdCtrl)
                  2000feba    00000004                  : netcfg.obj (.const:_SlNetCfgSetCmdCtrl)
                  2000febe    00000004                  : wlan.obj (.const:_SlPolicySetCmdCtrl)
                  2000fec2    00000004                  : wlan.obj (.const:_SlProfileDelCmdCtrl)
                  2000fec6    00000004                  : socket.obj (.const:_SlRecvCmdCtrl)
                  2000feca    00000004                  : netapp.obj (.const:_SlRegisterServiceCtrl)
                  2000fece    00000004                  : wlan.obj (.const:_SlRxFilterSetCmdCtrl)
                  2000fed2    00000004                  : socket.obj (.const:_SlSendCmdCtrl)
                  2000fed6    00000004                  : socket.obj (.const:_SlSetSockOptCmdCtrl)
                  2000feda    00000004                  : socket.obj (.const:_SlSockCloseCmdCtrl)
                  2000fede    00000004                  : socket.obj (.const:_SlSockSocketCmdCtrl)
                  2000fee2    00000004                  : device.obj (.const:_SlStopCmdCtrl)
                  2000fee6    00000004                  : wlan.obj (.const:_SlWlanCfgSetCmdCtrl)
                  2000feea    00000004                  : wlan.obj (.const:_SlWlanSetModeCmdCtrl)
                  2000feee    00000002     --HOLE-- [fill = 0]
                  2000fef0    00000004                  : driver.obj (.const:httpServer_callbacks)
                  2000fef4    00000004                  : driver.obj (.const:netApp_callbacks)

.cinit     0    2000fef8    00000068     
                  2000fef8    00000043     (.cinit..data.load) [load image, compression = lzss]
                  2000ff3b    00000001     --HOLE-- [fill = 0]
                  2000ff3c    0000000c     (__TI_handler_table)
                  2000ff48    00000008     (.cinit..bss.load) [load image, compression = zero_init]
                  2000ff50    00000010     (__TI_cinit_table)

.sysmem    0    20017000    00000800     UNINITIALIZED
                  20017000    00000010     rtsv7M4_T_le_eabi.lib : memory.c.obj (.sysmem)
                  20017010    000007f0     --HOLE--

.bss       0    20017800    0000021a     UNINITIALIZED
                  20017800    00000168     simplelink.a : driver.obj (.bss:g_StatMem)
                  20017968    00000050     (.common:g_ucDinDout)
                  200179b8    0000002c     (.common:g_time)
                  200179e4    00000024     (.common:g_ucConnectionSSID)
                  20017a08    00000008     (.common:g_ucConnectionBSSID)
                  20017a10    00000004     uart_if.obj (.bss)
                  20017a14    00000001     (.common:RxIrqCnt)
                  20017a15    00000001     (.common:g_bDeviceRestartIsRequired)
                  20017a16    00000001     (.common:g_cDummy)
                  20017a17    00000001     (.common:g_ucLED1Pin)
                  20017a18    00000001     (.common:g_ucLED2Pin)
                  20017a19    00000001     (.common:g_ucLED3Pin)

.data      0    20017a1c    000000bc     UNINITIALIZED
                  20017a1c    0000003c     simplelink.a : nonos.obj (.data:g__SlNonOsCB)
                  20017a58    00000015     Adafruit_GFX.obj (.data)
                  20017a6d    00000003     --HOLE--
                  20017a70    00000014     gpio_if.obj (.data:ulReg)
                  20017a84    00000010     main.obj (.data)
                  20017a94    0000000d     simplelink.a : driver.obj (.data)
                  20017aa1    00000003     --HOLE--
                  20017aa4    0000000c     gpio_if.obj (.data)
                  20017ab0    00000009     simplelink.a : cc_pal.obj (.data)
                  20017ab9    00000003     --HOLE--
                  20017abc    00000008     rtsv7M4_T_le_eabi.lib : _lock.c.obj (.data:$O1$$)
                  20017ac4    00000008                           : memory.c.obj (.data:$O1$$)
                  20017acc    00000004                           : errno.c.obj (.data)
                  20017ad0    00000004                           : rand.c.obj (.data)
                  20017ad4    00000004     simplelink.a : driver.obj (.data:wlan_callbacks)

.stack     0    2002f800    00000800     UNINITIALIZED
                  2002f800    00000004     rtsv7M4_T_le_eabi.lib : boot_cortex_m.c.obj (.stack)
                  2002f804    000007fc     --HOLE--

__llvm_prf_cnts 
*          0    20017000    00000000     UNINITIALIZED

MODULE SUMMARY

       Module                       code    ro data   rw data
       ------                       ----    -------   -------
    .\
       main.obj                     6536    205       104    
       Adafruit_GFX.obj             2872    1275      21     
       test.obj                     1810    0         0      
       Adafruit_OLED.obj            1146    0         0      
       startup_ccs.obj              14      1024      0      
       gpio_if.obj                  920     0         35     
       i2c_if.obj                   692     0         0      
       uart_if.obj                  636     0         4      
       pin_mux_config.obj           304     0         0      
       network_common.obj           38      0         0      
    +--+----------------------------+-------+---------+---------+
       Total:                       14968   2504      164    
                                                             
    C:/ti/CC3200SDK_1.4.0/cc3200-sdk/driverlib/ccs/Release/driverlib.a
       prcm.obj                     852     168       0      
       spi.obj                      860     60        0      
       interrupt.obj                608     284       0      
       udma.obj                     604     0         0      
       pin.obj                      328     256       0      
       gpio.obj                     388     0         0      
       i2c.obj                      376     0         0      
       uart.obj                     284     0         0      
       timer.obj                    210     0         0      
       cpu.obj                      20      0         0      
       utils.obj                    6       0         0      
    +--+----------------------------+-------+---------+---------+
       Total:                       4536    768       0      
                                                             
    C:/ti/CC3200SDK_1.4.0/cc3200-sdk/simplelink/ccs/NON_OS_debug/simplelink.a
       driver.obj                   7906    192       379    
       cc_pal.obj                   1960    0         90     
       socket.obj                   1830    40        0      
       netapp.obj                   1572    12        0      
       wlan.obj                     1316    24        0      
       device.obj                   1234    20        0      
       nonos.obj                    416     20        60     
       netcfg.obj                   152     4         0      
    +--+----------------------------+-------+---------+---------+
       Total:                       16386   312       529    
                                                             
    C:\ti\ccs1000\ccs\tools\compiler\ti-cgt-arm_20.2.0.LTS\lib\rtsv7M4_T_le_eabi.lib
       _printfi.c.obj               4835    0         0      
       memory.c.obj                 908     0         8      
       fd_add_t2.asm.obj            438     0         0      
       e_sqrt.c.obj                 348     0         0      
       fd_div_t2.asm.obj            310     0         0      
       fd_cmp_t2.asm.obj            268     0         0      
       ctype.c.obj                  0       257       0      
       fd_mul_t2.asm.obj            252     0         0      
       s_scalbn.c.obj               208     0         0      
       memcpy_t2.asm.obj            156     0         0      
       ull_div_t2.asm.obj           150     0         0      
       vsnprintf.c.obj              136     0         0      
       memset_t2.asm.obj            122     0         0      
       copy_decompress_lzss.c.obj   104     0         0      
       sprintf.c.obj                98      0         0      
       rand.c.obj                   88      0         4      
       s_frexp.c.obj                92      0         0      
       _ltoa.c.obj                  84      0         0      
       atoi.c.obj                   76      0         0      
       fd_toi_t2.asm.obj            72      0         0      
       autoinit.c.obj               68      0         0      
       i_tofd_t2.asm.obj            46      0         0      
       memmov.c.obj                 40      0         0      
       boot_cortex_m.c.obj          36      0         0      
       copy_zero_init.c.obj         28      0         0      
       memccpy.c.obj                28      0         0      
       strchr.c.obj                 22      0         0      
       strcpy.c.obj                 20      0         0      
       strlen.c.obj                 20      0         0      
       wcslen.c.obj                 18      0         0      
       copy_decompress_none.c.obj   14      0         0      
       errno.c.obj                  8       0         4      
       s_copysign.c.obj             12      0         0      
       _lock.c.obj                  2       0         8      
       exit.c.obj                   4       0         0      
       pre_init.c.obj               4       0         0      
       div0.asm.obj                 2       0         0      
    +--+----------------------------+-------+---------+---------+
       Total:                       9117    257       24     
                                                             
       Heap:                        0       0         2048   
       Stack:                       0       0         2048   
       Linker Generated:            0       103       0      
    +--+----------------------------+-------+---------+---------+
       Grand Total:                 45007   3944      4813   


LINKER GENERATED COPY TABLES

__TI_cinit_table @ 2000ff50 records: 2, size/record: 8, table size: 16
	.data: load addr=2000fef8, load size=00000043 bytes, run addr=20017a1c, run size=000000bc bytes, compression=lzss
	.bss: load addr=2000ff48, load size=00000008 bytes, run addr=20017800, run size=0000021a bytes, compression=zero_init


LINKER GENERATED HANDLER TABLE

__TI_handler_table @ 2000ff3c records: 3, size/record: 4, table size: 12
	index: 0, handler: __TI_decompress_lzss
	index: 1, handler: __TI_decompress_none
	index: 2, handler: __TI_zero_init


GLOBAL SYMBOLS: SORTED ALPHABETICALLY BY Name 

address   name                                  
-------   ----                                  
20008011  Adafruit_Init                         
2000f3e7  C$$EXIT                               
2000f2a1  CPUcpsie                              
20008d39  ClearTerm                             
20008187  Color565                              
2000ecb5  DmaSpiSwIntHandler                    
20008d43  Error                                 
2000e8ad  GPIODirModeSet                        
2000f2b5  GPIOIntClear                          
2000f045  GPIOIntEnable                         
2000eeb1  GPIOIntRegister                       
2000d3e1  GPIOIntTypeSet                        
2000f115  GPIOPinRead                           
2000edcf  GPIOPinWrite                          
200086ed  GPIO_IF_ConfigureNIntEnable           
20008779  GPIO_IF_Get                           
200086a7  GPIO_IF_GetPortNPin                   
20008469  GPIO_IF_LedConfigure                  
2000855b  GPIO_IF_LedOff                        
200084a7  GPIO_IF_LedOn                         
2000860f  GPIO_IF_LedStatus                     
20008679  GPIO_IF_LedToggle                     
20008735  GPIO_IF_Set                           
20008d7b  GetCmd                                
2000f305  I2CMasterControl                      
2000f35d  I2CMasterDataGet                      
2000f21d  I2CMasterDataPut                      
2000f233  I2CMasterEnable                       
2000ea73  I2CMasterErr                          
2000d255  I2CMasterInitExpClk                   
2000f317  I2CMasterIntClearEx                   
2000f12d  I2CMasterIntEnableEx                  
2000eecf  I2CMasterIntStatusEx                  
2000ed69  I2CMasterSlaveAddrSet                 
2000f329  I2CMasterTimeoutSet                   
20008a63  I2C_IF_Close                          
200089fd  I2C_IF_Open                           
200088fb  I2C_IF_Read                           
200089b7  I2C_IF_ReadFrom                       
2000884b  I2C_IF_Write                          
20008cf9  InitTerm                              
2000c3c5  IntDisable                            
2000c46d  IntEnable                             
2000f3b9  IntMasterEnable                       
2000dd55  IntPendClear                          
2000de5d  IntPrioritySet                        
2000edf1  IntRegister                           
2000ecd9  IntUnregister                         
2000f2c9  IntVTableBaseSet                      
20008d17  Message                               
2000f395  NwpMaskInterrupt                      
2000e83d  NwpPowerOff                           
2000e8e5  NwpPowerOn                            
2000d2d9  NwpPowerOnPreamble                    
2000ee11  NwpPrePowerOffTimout0                 
2000e695  NwpRegisterInterruptHandler           
2000f3a1  NwpUnMaskInterrupt                    
2000fc64  OpcodeTranslateTable                  
200067d3  Outstr                                
2000a1c9  PRCMCC3200MCUInit                     
2000f249  PRCMHIBRegRead                        
2000f25f  PRCMHIBRegWrite                       
2000eb79  PRCMPeripheralClkDisable              
2000e74d  PRCMPeripheralClkEnable               
2000cbc1  PRCMPeripheralClockGet                
2000ddad  PRCMPeripheralReset                   
2000e919  PRCMPeripheralStatusGet               
2000eaa1  PRCMSysResetCauseGet                  
2000d0c1  PinConfigSet                          
2000e515  PinModeSet                            
2000b005  PinMuxConfig                          
2000e9b5  PinTypeGPIO                           
2000ef65  PinTypeI2C                            
2000f05f  PinTypeSPI                            
2000f079  PinTypeUART                           
20008eb9  Report                                
2000f387  ResetISR                              
20017a14  RxIrqCnt                              
2000f145  SPICSDisable                          
2000f15d  SPICSEnable                           
2000c5b9  SPIConfigSetExpClk                    
2000ee31  SPIDataGet                            
2000eeed  SPIDataPut                            
2000f175  SPIDisable                            
2000f093  SPIDmaDisable                         
2000f0ad  SPIDmaEnable                          
2000f18d  SPIEnable                             
2000f0c7  SPIFIFODisable                        
2000f0e1  SPIFIFOEnable                         
2000e94d  SPIFIFOLevelSet                       
2000e261  SPIIntClear                           
2000e051  SPIIntEnable                          
2000f0fb  SPIIntUnregister                      
2000ed8b  SPIReset                              
2000edad  SPIWordCountSet                       
200045d5  SimpleLinkGeneralEventHandler         
200045b1  SimpleLinkHttpServerCallback          
2000450f  SimpleLinkNetAppEventHandler          
200045f5  SimpleLinkSockEventHandler            
20004401  SimpleLinkWlanEventHandler            
2000e37d  TimerConfigure                        
2000ef0b  TimerEnable                           
2000ee51  TimerGetCurrentTimestamp              
2000eb25  TimerLoadSet                          
2000eb4f  TimerPrescaleSet                      
2000ef81  TimerValueGet                         
20008e21  TrimSpace                             
2000ef9d  UARTCharGetNonBlocking                
2000ef29  UARTCharPut                           
2000f1a5  UARTCharsAvail                        
2000d6d9  UARTConfigSetExpClk                   
2000e9e5  UARTDisable                           
2000ecfd  UARTEnable                            
2000f3dd  UtilsDelay                            
2000fca0  _SlActionLookupTable                  
2000c515  _SlDriverHandleError                  
2000e2a9  _SlDrvBasicCmd                        
2000c1a1  _SlDrvCmdOp                           
2000d8a5  _SlDrvCmdSend                         
20009425  _SlDrvDataReadOp                      
2000a60d  _SlDrvDataWriteOp                     
2000c795  _SlDrvDeviceEventHandler              
2000f34d  _SlDrvDispatchHttpServerEvents        
2000aed5  _SlDrvDriverCBDeinit                  
20009b5d  _SlDrvDriverCBInit                    
2000eba1  _SlDrvGlobalObjUnLock                 
2000e3c1  _SlDrvHandleHttpServerEvents          
2000e555  _SlDrvHandleNetAppEvents              
2000e595  _SlDrvHandleWlanEvents                
2000cf1d  _SlDrvIsTimeoutExpired                
2000f275  _SlDrvMemZero                         
2000ba05  _SlDrvMsgReadSpawnCtx                 
2000b35d  _SlDrvNetAppEventHandler              
2000ec69  _SlDrvObjLockWaitForever              
2000ee71  _SlDrvObjUnLock                       
2000e0e9  _SlDrvProtectAsyncRespSetting         
2000eaf9  _SlDrvProtectionObjLockWaitForever    
2000ebc9  _SlDrvProtectionObjUnLock             
20009609  _SlDrvReleasePoolObj                  
2000f36b  _SlDrvResetCmdExt                     
2000deb1  _SlDrvRxIrqHandler                    
2000efb9  _SlDrvStartMeasureTimeout             
2000ee91  _SlDrvSyncObjSignal                   
2000ebf1  _SlDrvSyncObjWaitForever              
2000e405  _SlDrvSyncObjWaitTimeout              
20009ead  _SlDrvWaitForPoolObj                  
2000feb6  _SlNetAppSendTokenValueCmdCtrl        
2000d751  _SlNonOsMainLoopTask                  
2000c315  _SlNonOsSemGet                        
2000f1bd  _SlNonOsSemSet                        
2000d9e5  _SlNonOsSpawn                         
20030000  __STACK_END                           
00000800  __STACK_SIZE                          
00000800  __SYSMEM_SIZE                         
2000ff50  __TI_CINIT_Base                       
2000ff60  __TI_CINIT_Limit                      
2000ff3c  __TI_Handler_Table_Base               
2000ff48  __TI_Handler_Table_Limit              
2000e449  __TI_auto_init_nobinit_nopinit        
2000d97d  __TI_decompress_lzss                  
2000f379  __TI_decompress_none                  
2000df05  __TI_ltoa                             
ffffffff  __TI_pprof_out_hndl                   
200068c1  __TI_printfi                          
ffffffff  __TI_prof_data_size                   
ffffffff  __TI_prof_data_start                  
2000fef8  __TI_static_base__                    
2000efd5  __TI_zero_init_nomemset               
2000d149  __aeabi_cdcmpeq                       
2000d149  __aeabi_cdcmple                       
2000d1cf  __aeabi_cdrcmple                      
2000e2f1  __aeabi_d2iz                          
200099af  __aeabi_dadd                          
2000ac69  __aeabi_ddiv                          
2000b461  __aeabi_dmul                          
200099a5  __aeabi_dsub                          
2000f3cd  __aeabi_errno_addr                    
2000ea45  __aeabi_i2d                           
2000ad9f  __aeabi_idiv0                         
2000ad9f  __aeabi_ldiv0                         
2000d5e5  __aeabi_memclr                        
2000d5e5  __aeabi_memclr4                       
2000d5e5  __aeabi_memclr8                       
2000c6f9  __aeabi_memcpy                        
2000c6f9  __aeabi_memcpy4                       
2000c6f9  __aeabi_memcpy8                       
2000d5e7  __aeabi_memset                        
2000d5e7  __aeabi_memset4                       
2000d5e7  __aeabi_memset8                       
2000cb29  __aeabi_uldivmod                      
ffffffff  __binit__                             
ffffffff  __c_args__                            
UNDEFED   __mpu_init                            
2002f800  __stack                               
20017000  __start___llvm_prf_cnts               
20017000  __stop___llvm_prf_cnts                
2000ed21  _c_int00_noargs                       
2000f8e7  _ctypes_                              
20017abc  _lock                                 
20009b5b  _nop                                  
2000da49  _sl_HandleAsync_Accept                
2000d465  _sl_HandleAsync_Connect               
2000cc55  _sl_HandleAsync_DnsGetHostByName      
2000bf45  _sl_HandleAsync_DnsGetHostByService   
2000cfa9  _sl_HandleAsync_InitComplete          
2000cce5  _sl_HandleAsync_PingResponse          
2000df59  _sl_HandleAsync_Select                
2000e001  _sl_HandleAsync_Stop                  
2000d911  _sl_NetAppSendTokenValue              
20017000  _sys_memory                           
UNDEFED   _system_post_cinit                    
2000f3e3  _system_pre_init                      
20017ac0  _unlock                               
2000f3e7  abort                                 
2000b255  aligned_alloc                         
2000e181  atoi                                  
ffffffff  binit                                 
200055db  changeSpeed                           
200050c5  collision                             
2000f3ad  copysign                              
2000f3ad  copysignl                             
20017a58  cursor_x                              
20017a5c  cursor_y                              
2000730f  delay                                 
200065e7  drawBitmap                            
20006687  drawChar                              
20005d89  drawCircle                            
20005ebd  drawCircleHelper                      
20008335  drawFastHLine                         
20008295  drawFastVLine                         
20006103  drawLine                              
200083d1  drawPixel                             
200061ef  drawRect                              
2000623d  drawRoundRect                         
200054e3  drawShip                              
200063a5  drawTriangle                          
20017acc  errno                                 
20005fdb  fillCircle                            
20006015  fillCircleHelper                      
200081df  fillRect                              
2000632b  fillRoundRect                         
200081c9  fillScreen                            
200063e7  fillTriangle                          
2000baed  free                                  
2000dcf9  frexp                                 
2000dcf9  frexpl                                
20017a90  g_Host                                
20017a94  g_SlDeviceStatus                      
20017ab0  g_SpiFd                               
20017a1c  g__SlNonOsCB                          
20017a15  g_bDeviceRestartIsRequired            
20017a16  g_cDummy                              
20017a98  g_pCB                                 
20017ab4  g_pHostIntHdl                         
20004000  g_pfnVectors                          
200179b8  g_time                                
20017a08  g_ucConnectionBSSID                   
200179e4  g_ucConnectionSSID                    
20017ab8  g_ucDMAEnabled                        
20017968  g_ucDinDout                           
20017a17  g_ucLED1Pin                           
20017a18  g_ucLED2Pin                           
20017a19  g_ucLED3Pin                           
20017aa4  g_uiLED1Port                          
20017aa8  g_uiLED2Port                          
20017aac  g_uiLED3Port                          
20017a8c  g_ulGatewayIP                         
20017a88  g_ulPingPacketsRecv                   
20017a84  g_ulStatus                            
20005147  gameOver                              
20008143  goTo                                  
2000689f  height                                
2000840f  invert                                
20007881  lcdTestPattern                        
20007951  lcdTestPattern2                       
2000be75  ldexp                                 
2000be75  ldexpl                                
20005681  main                                  
2000f3d5  malloc                                
2000b255  memalign                              
2000f00d  memccpy                               
2000c6f9  memcpy                                
2000ec41  memmove                               
2000d5ed  memset                                
2000541b  moveObject                            
200054b5  objBound                              
20017a9c  pPingCallBackFunc                     
200052ef  playerBound                           
200051fd  playerMove                            
20004fe5  printErrConvenience                   
2000e981  rand                                  
2000bbd1  realloc                               
2000be75  scalbn                                
2000be75  scalbnl                               
20006837  setCursor                             
2000686f  setTextColor                          
2000684f  setTextSize                           
20006887  setTextWrap                           
2000e789  simplelink_timerA2_start              
2000dbd9  sl_Close                              
2000a03d  sl_Connect                            
2000c011  sl_DevGet                             
2000c831  sl_DevSet                             
2000e4d1  sl_Htonl                              
2000e7c5  sl_Htons                              
2000a9e9  sl_NetAppDnsGetHostByName             
2000bcb5  sl_NetAppMDNSRegisterUnregisterService
2000daad  sl_NetAppMDNSUnRegisterService        
2000c8c9  sl_NetCfgSet                          
2000ec8f  sl_Provisioning_HttpServerEventHdl    
2000ec9d  sl_Provisioning_NetAppEventHdl        
2000eca9  sl_Provisioning_WlanEventHdl          
2000c659  sl_Recv                               
2000ada1  sl_Send                               
2000c961  sl_SetSockOpt                         
2000d035  sl_Socket                             
2000b55d  sl_Start                              
2000b64d  sl_Stop                               
20008a79  sl_WlanConnect                        
2000e875  sl_WlanDisconnect                     
2000cd75  sl_WlanPolicySet                      
2000dc39  sl_WlanProfileDel                     
2000d35d  sl_WlanRxFilterSet                    
2000c9f9  sl_WlanSet                            
2000dc99  sl_WlanSetMode                        
2000d661  spi_Close                             
2000a75d  spi_Open                              
2000b73d  spi_Read                              
2000ca91  spi_Write                             
2000e615  sprintf                               
2000a4b1  sqrt                                  
2000a4b1  sqrtl                                 
2000ed45  srand                                 
2000f28b  strchr                                
2000f2dd  strcpy                                
2000f2f1  strlen                                
20007545  testdrawcircles                       
200073b5  testdrawrects                         
20007343  testfastlines                         
200074d3  testfillcircles                       
20007415  testfillrects                         
200076b3  testlines                             
20007641  testroundrects                        
200075bf  testtriangles                         
20017a68  textbgcolor                           
20017a64  textcolor                             
20017a60  textsize                              
2000e1cd  uDMAChannelAssign                     
2000db11  uDMAChannelAttributeDisable           
2000db75  uDMAChannelAttributeEnable            
2000e801  uDMAChannelControlSet                 
2000f029  uDMAChannelEnable                     
2000b82d  uDMAChannelTransferSet                
2000e655  vsnprintf                             
2000f33b  wcslen                                
2000689b  width                                 
20017a6c  wrap                                  
20007fb1  writeCommand                          
20007fe1  writeData                             


GLOBAL SYMBOLS: SORTED BY Symbol Address 

address   name                                  
-------   ----                                  
00000800  __STACK_SIZE                          
00000800  __SYSMEM_SIZE                         
20004000  g_pfnVectors                          
20004401  SimpleLinkWlanEventHandler            
2000450f  SimpleLinkNetAppEventHandler          
200045b1  SimpleLinkHttpServerCallback          
200045d5  SimpleLinkGeneralEventHandler         
200045f5  SimpleLinkSockEventHandler            
20004fe5  printErrConvenience                   
200050c5  collision                             
20005147  gameOver                              
200051fd  playerMove                            
200052ef  playerBound                           
2000541b  moveObject                            
200054b5  objBound                              
200054e3  drawShip                              
200055db  changeSpeed                           
20005681  main                                  
20005d89  drawCircle                            
20005ebd  drawCircleHelper                      
20005fdb  fillCircle                            
20006015  fillCircleHelper                      
20006103  drawLine                              
200061ef  drawRect                              
2000623d  drawRoundRect                         
2000632b  fillRoundRect                         
200063a5  drawTriangle                          
200063e7  fillTriangle                          
200065e7  drawBitmap                            
20006687  drawChar                              
200067d3  Outstr                                
20006837  setCursor                             
2000684f  setTextSize                           
2000686f  setTextColor                          
20006887  setTextWrap                           
2000689b  width                                 
2000689f  height                                
200068c1  __TI_printfi                          
2000730f  delay                                 
20007343  testfastlines                         
200073b5  testdrawrects                         
20007415  testfillrects                         
200074d3  testfillcircles                       
20007545  testdrawcircles                       
200075bf  testtriangles                         
20007641  testroundrects                        
200076b3  testlines                             
20007881  lcdTestPattern                        
20007951  lcdTestPattern2                       
20007fb1  writeCommand                          
20007fe1  writeData                             
20008011  Adafruit_Init                         
20008143  goTo                                  
20008187  Color565                              
200081c9  fillScreen                            
200081df  fillRect                              
20008295  drawFastVLine                         
20008335  drawFastHLine                         
200083d1  drawPixel                             
2000840f  invert                                
20008469  GPIO_IF_LedConfigure                  
200084a7  GPIO_IF_LedOn                         
2000855b  GPIO_IF_LedOff                        
2000860f  GPIO_IF_LedStatus                     
20008679  GPIO_IF_LedToggle                     
200086a7  GPIO_IF_GetPortNPin                   
200086ed  GPIO_IF_ConfigureNIntEnable           
20008735  GPIO_IF_Set                           
20008779  GPIO_IF_Get                           
2000884b  I2C_IF_Write                          
200088fb  I2C_IF_Read                           
200089b7  I2C_IF_ReadFrom                       
200089fd  I2C_IF_Open                           
20008a63  I2C_IF_Close                          
20008a79  sl_WlanConnect                        
20008cf9  InitTerm                              
20008d17  Message                               
20008d39  ClearTerm                             
20008d43  Error                                 
20008d7b  GetCmd                                
20008e21  TrimSpace                             
20008eb9  Report                                
20009425  _SlDrvDataReadOp                      
20009609  _SlDrvReleasePoolObj                  
200099a5  __aeabi_dsub                          
200099af  __aeabi_dadd                          
20009b5b  _nop                                  
20009b5d  _SlDrvDriverCBInit                    
20009ead  _SlDrvWaitForPoolObj                  
2000a03d  sl_Connect                            
2000a1c9  PRCMCC3200MCUInit                     
2000a4b1  sqrt                                  
2000a4b1  sqrtl                                 
2000a60d  _SlDrvDataWriteOp                     
2000a75d  spi_Open                              
2000a9e9  sl_NetAppDnsGetHostByName             
2000ac69  __aeabi_ddiv                          
2000ad9f  __aeabi_idiv0                         
2000ad9f  __aeabi_ldiv0                         
2000ada1  sl_Send                               
2000aed5  _SlDrvDriverCBDeinit                  
2000b005  PinMuxConfig                          
2000b255  aligned_alloc                         
2000b255  memalign                              
2000b35d  _SlDrvNetAppEventHandler              
2000b461  __aeabi_dmul                          
2000b55d  sl_Start                              
2000b64d  sl_Stop                               
2000b73d  spi_Read                              
2000b82d  uDMAChannelTransferSet                
2000ba05  _SlDrvMsgReadSpawnCtx                 
2000baed  free                                  
2000bbd1  realloc                               
2000bcb5  sl_NetAppMDNSRegisterUnregisterService
2000be75  ldexp                                 
2000be75  ldexpl                                
2000be75  scalbn                                
2000be75  scalbnl                               
2000bf45  _sl_HandleAsync_DnsGetHostByService   
2000c011  sl_DevGet                             
2000c1a1  _SlDrvCmdOp                           
2000c315  _SlNonOsSemGet                        
2000c3c5  IntDisable                            
2000c46d  IntEnable                             
2000c515  _SlDriverHandleError                  
2000c5b9  SPIConfigSetExpClk                    
2000c659  sl_Recv                               
2000c6f9  __aeabi_memcpy                        
2000c6f9  __aeabi_memcpy4                       
2000c6f9  __aeabi_memcpy8                       
2000c6f9  memcpy                                
2000c795  _SlDrvDeviceEventHandler              
2000c831  sl_DevSet                             
2000c8c9  sl_NetCfgSet                          
2000c961  sl_SetSockOpt                         
2000c9f9  sl_WlanSet                            
2000ca91  spi_Write                             
2000cb29  __aeabi_uldivmod                      
2000cbc1  PRCMPeripheralClockGet                
2000cc55  _sl_HandleAsync_DnsGetHostByName      
2000cce5  _sl_HandleAsync_PingResponse          
2000cd75  sl_WlanPolicySet                      
2000cf1d  _SlDrvIsTimeoutExpired                
2000cfa9  _sl_HandleAsync_InitComplete          
2000d035  sl_Socket                             
2000d0c1  PinConfigSet                          
2000d149  __aeabi_cdcmpeq                       
2000d149  __aeabi_cdcmple                       
2000d1cf  __aeabi_cdrcmple                      
2000d255  I2CMasterInitExpClk                   
2000d2d9  NwpPowerOnPreamble                    
2000d35d  sl_WlanRxFilterSet                    
2000d3e1  GPIOIntTypeSet                        
2000d465  _sl_HandleAsync_Connect               
2000d5e5  __aeabi_memclr                        
2000d5e5  __aeabi_memclr4                       
2000d5e5  __aeabi_memclr8                       
2000d5e7  __aeabi_memset                        
2000d5e7  __aeabi_memset4                       
2000d5e7  __aeabi_memset8                       
2000d5ed  memset                                
2000d661  spi_Close                             
2000d6d9  UARTConfigSetExpClk                   
2000d751  _SlNonOsMainLoopTask                  
2000d8a5  _SlDrvCmdSend                         
2000d911  _sl_NetAppSendTokenValue              
2000d97d  __TI_decompress_lzss                  
2000d9e5  _SlNonOsSpawn                         
2000da49  _sl_HandleAsync_Accept                
2000daad  sl_NetAppMDNSUnRegisterService        
2000db11  uDMAChannelAttributeDisable           
2000db75  uDMAChannelAttributeEnable            
2000dbd9  sl_Close                              
2000dc39  sl_WlanProfileDel                     
2000dc99  sl_WlanSetMode                        
2000dcf9  frexp                                 
2000dcf9  frexpl                                
2000dd55  IntPendClear                          
2000ddad  PRCMPeripheralReset                   
2000de5d  IntPrioritySet                        
2000deb1  _SlDrvRxIrqHandler                    
2000df05  __TI_ltoa                             
2000df59  _sl_HandleAsync_Select                
2000e001  _sl_HandleAsync_Stop                  
2000e051  SPIIntEnable                          
2000e0e9  _SlDrvProtectAsyncRespSetting         
2000e181  atoi                                  
2000e1cd  uDMAChannelAssign                     
2000e261  SPIIntClear                           
2000e2a9  _SlDrvBasicCmd                        
2000e2f1  __aeabi_d2iz                          
2000e37d  TimerConfigure                        
2000e3c1  _SlDrvHandleHttpServerEvents          
2000e405  _SlDrvSyncObjWaitTimeout              
2000e449  __TI_auto_init_nobinit_nopinit        
2000e4d1  sl_Htonl                              
2000e515  PinModeSet                            
2000e555  _SlDrvHandleNetAppEvents              
2000e595  _SlDrvHandleWlanEvents                
2000e615  sprintf                               
2000e655  vsnprintf                             
2000e695  NwpRegisterInterruptHandler           
2000e74d  PRCMPeripheralClkEnable               
2000e789  simplelink_timerA2_start              
2000e7c5  sl_Htons                              
2000e801  uDMAChannelControlSet                 
2000e83d  NwpPowerOff                           
2000e875  sl_WlanDisconnect                     
2000e8ad  GPIODirModeSet                        
2000e8e5  NwpPowerOn                            
2000e919  PRCMPeripheralStatusGet               
2000e94d  SPIFIFOLevelSet                       
2000e981  rand                                  
2000e9b5  PinTypeGPIO                           
2000e9e5  UARTDisable                           
2000ea45  __aeabi_i2d                           
2000ea73  I2CMasterErr                          
2000eaa1  PRCMSysResetCauseGet                  
2000eaf9  _SlDrvProtectionObjLockWaitForever    
2000eb25  TimerLoadSet                          
2000eb4f  TimerPrescaleSet                      
2000eb79  PRCMPeripheralClkDisable              
2000eba1  _SlDrvGlobalObjUnLock                 
2000ebc9  _SlDrvProtectionObjUnLock             
2000ebf1  _SlDrvSyncObjWaitForever              
2000ec41  memmove                               
2000ec69  _SlDrvObjLockWaitForever              
2000ec8f  sl_Provisioning_HttpServerEventHdl    
2000ec9d  sl_Provisioning_NetAppEventHdl        
2000eca9  sl_Provisioning_WlanEventHdl          
2000ecb5  DmaSpiSwIntHandler                    
2000ecd9  IntUnregister                         
2000ecfd  UARTEnable                            
2000ed21  _c_int00_noargs                       
2000ed45  srand                                 
2000ed69  I2CMasterSlaveAddrSet                 
2000ed8b  SPIReset                              
2000edad  SPIWordCountSet                       
2000edcf  GPIOPinWrite                          
2000edf1  IntRegister                           
2000ee11  NwpPrePowerOffTimout0                 
2000ee31  SPIDataGet                            
2000ee51  TimerGetCurrentTimestamp              
2000ee71  _SlDrvObjUnLock                       
2000ee91  _SlDrvSyncObjSignal                   
2000eeb1  GPIOIntRegister                       
2000eecf  I2CMasterIntStatusEx                  
2000eeed  SPIDataPut                            
2000ef0b  TimerEnable                           
2000ef29  UARTCharPut                           
2000ef65  PinTypeI2C                            
2000ef81  TimerValueGet                         
2000ef9d  UARTCharGetNonBlocking                
2000efb9  _SlDrvStartMeasureTimeout             
2000efd5  __TI_zero_init_nomemset               
2000f00d  memccpy                               
2000f029  uDMAChannelEnable                     
2000f045  GPIOIntEnable                         
2000f05f  PinTypeSPI                            
2000f079  PinTypeUART                           
2000f093  SPIDmaDisable                         
2000f0ad  SPIDmaEnable                          
2000f0c7  SPIFIFODisable                        
2000f0e1  SPIFIFOEnable                         
2000f0fb  SPIIntUnregister                      
2000f115  GPIOPinRead                           
2000f12d  I2CMasterIntEnableEx                  
2000f145  SPICSDisable                          
2000f15d  SPICSEnable                           
2000f175  SPIDisable                            
2000f18d  SPIEnable                             
2000f1a5  UARTCharsAvail                        
2000f1bd  _SlNonOsSemSet                        
2000f21d  I2CMasterDataPut                      
2000f233  I2CMasterEnable                       
2000f249  PRCMHIBRegRead                        
2000f25f  PRCMHIBRegWrite                       
2000f275  _SlDrvMemZero                         
2000f28b  strchr                                
2000f2a1  CPUcpsie                              
2000f2b5  GPIOIntClear                          
2000f2c9  IntVTableBaseSet                      
2000f2dd  strcpy                                
2000f2f1  strlen                                
2000f305  I2CMasterControl                      
2000f317  I2CMasterIntClearEx                   
2000f329  I2CMasterTimeoutSet                   
2000f33b  wcslen                                
2000f34d  _SlDrvDispatchHttpServerEvents        
2000f35d  I2CMasterDataGet                      
2000f36b  _SlDrvResetCmdExt                     
2000f379  __TI_decompress_none                  
2000f387  ResetISR                              
2000f395  NwpMaskInterrupt                      
2000f3a1  NwpUnMaskInterrupt                    
2000f3ad  copysign                              
2000f3ad  copysignl                             
2000f3b9  IntMasterEnable                       
2000f3cd  __aeabi_errno_addr                    
2000f3d5  malloc                                
2000f3dd  UtilsDelay                            
2000f3e3  _system_pre_init                      
2000f3e7  C$$EXIT                               
2000f3e7  abort                                 
2000f8e7  _ctypes_                              
2000fc64  OpcodeTranslateTable                  
2000fca0  _SlActionLookupTable                  
2000feb6  _SlNetAppSendTokenValueCmdCtrl        
2000fef8  __TI_static_base__                    
2000ff3c  __TI_Handler_Table_Base               
2000ff48  __TI_Handler_Table_Limit              
2000ff50  __TI_CINIT_Base                       
2000ff60  __TI_CINIT_Limit                      
20017000  __start___llvm_prf_cnts               
20017000  __stop___llvm_prf_cnts                
20017000  _sys_memory                           
20017968  g_ucDinDout                           
200179b8  g_time                                
200179e4  g_ucConnectionSSID                    
20017a08  g_ucConnectionBSSID                   
20017a14  RxIrqCnt                              
20017a15  g_bDeviceRestartIsRequired            
20017a16  g_cDummy                              
20017a17  g_ucLED1Pin                           
20017a18  g_ucLED2Pin                           
20017a19  g_ucLED3Pin                           
20017a1c  g__SlNonOsCB                          
20017a58  cursor_x                              
20017a5c  cursor_y                              
20017a60  textsize                              
20017a64  textcolor                             
20017a68  textbgcolor                           
20017a6c  wrap                                  
20017a84  g_ulStatus                            
20017a88  g_ulPingPacketsRecv                   
20017a8c  g_ulGatewayIP                         
20017a90  g_Host                                
20017a94  g_SlDeviceStatus                      
20017a98  g_pCB                                 
20017a9c  pPingCallBackFunc                     
20017aa4  g_uiLED1Port                          
20017aa8  g_uiLED2Port                          
20017aac  g_uiLED3Port                          
20017ab0  g_SpiFd                               
20017ab4  g_pHostIntHdl                         
20017ab8  g_ucDMAEnabled                        
20017abc  _lock                                 
20017ac0  _unlock                               
20017acc  errno                                 
2002f800  __stack                               
20030000  __STACK_END                           
ffffffff  __TI_pprof_out_hndl                   
ffffffff  __TI_prof_data_size                   
ffffffff  __TI_prof_data_start                  
ffffffff  __binit__                             
ffffffff  __c_args__                            
ffffffff  binit                                 
UNDEFED   __mpu_init                            
UNDEFED   _system_post_cinit                    

[359 symbols]
