<?xml version="1.0" encoding="ISO-8859-1" ?>
<link_info>
   <banner>TI ARM Linker PC v20.2.0.LTS</banner>
   <copyright>Copyright (c) 1996-2018 Texas Instruments Incorporated</copyright>
   <link_time>0x5ed8920d</link_time>
   <link_errors>0x0</link_errors>
   <output_file>lab4.out</output_file>
   <entry_point>
      <name>_c_int00_noargs</name>
      <address>0x2000ed21</address>
   </entry_point>
   <input_file_list>
      <input_file id="fl-2">
         <path>.\</path>
         <kind>object</kind>
         <file>Adafruit_GFX.obj</file>
         <name>Adafruit_GFX.obj</name>
      </input_file>
      <input_file id="fl-3">
         <path>.\</path>
         <kind>object</kind>
         <file>Adafruit_OLED.obj</file>
         <name>Adafruit_OLED.obj</name>
      </input_file>
      <input_file id="fl-4">
         <path>.\</path>
         <kind>object</kind>
         <file>gpio_if.obj</file>
         <name>gpio_if.obj</name>
      </input_file>
      <input_file id="fl-5">
         <path>.\</path>
         <kind>object</kind>
         <file>i2c_if.obj</file>
         <name>i2c_if.obj</name>
      </input_file>
      <input_file id="fl-6">
         <path>.\</path>
         <kind>object</kind>
         <file>main.obj</file>
         <name>main.obj</name>
      </input_file>
      <input_file id="fl-7">
         <path>.\</path>
         <kind>object</kind>
         <file>network_common.obj</file>
         <name>network_common.obj</name>
      </input_file>
      <input_file id="fl-8">
         <path>.\</path>
         <kind>object</kind>
         <file>pin_mux_config.obj</file>
         <name>pin_mux_config.obj</name>
      </input_file>
      <input_file id="fl-9">
         <path>.\</path>
         <kind>object</kind>
         <file>startup_ccs.obj</file>
         <name>startup_ccs.obj</name>
      </input_file>
      <input_file id="fl-a">
         <path>.\</path>
         <kind>object</kind>
         <file>test.obj</file>
         <name>test.obj</name>
      </input_file>
      <input_file id="fl-b">
         <path>.\</path>
         <kind>object</kind>
         <file>uart_if.obj</file>
         <name>uart_if.obj</name>
      </input_file>
      <input_file id="fl-c">
         <path>.\</path>
         <kind>object</kind>
         <file>udma_if.obj</file>
         <name>udma_if.obj</name>
      </input_file>
      <input_file id="fl-12">
         <kind>object</kind>
         <file>&lt;internal&gt;</file>
         <name>&lt;internal&gt;</name>
      </input_file>
      <input_file id="fl-13">
         <path>C:\ti\CC3200SDK_1.4.0\cc3200-sdk\simplelink\ccs\NON_OS_debug\</path>
         <kind>archive</kind>
         <file>simplelink.a</file>
         <name>device.obj</name>
      </input_file>
      <input_file id="fl-14">
         <path>C:\ti\CC3200SDK_1.4.0\cc3200-sdk\simplelink\ccs\NON_OS_debug\</path>
         <kind>archive</kind>
         <file>simplelink.a</file>
         <name>driver.obj</name>
      </input_file>
      <input_file id="fl-15">
         <path>C:\ti\CC3200SDK_1.4.0\cc3200-sdk\simplelink\ccs\NON_OS_debug\</path>
         <kind>archive</kind>
         <file>simplelink.a</file>
         <name>netapp.obj</name>
      </input_file>
      <input_file id="fl-16">
         <path>C:\ti\CC3200SDK_1.4.0\cc3200-sdk\simplelink\ccs\NON_OS_debug\</path>
         <kind>archive</kind>
         <file>simplelink.a</file>
         <name>netcfg.obj</name>
      </input_file>
      <input_file id="fl-17">
         <path>C:\ti\CC3200SDK_1.4.0\cc3200-sdk\simplelink\ccs\NON_OS_debug\</path>
         <kind>archive</kind>
         <file>simplelink.a</file>
         <name>nonos.obj</name>
      </input_file>
      <input_file id="fl-18">
         <path>C:\ti\CC3200SDK_1.4.0\cc3200-sdk\simplelink\ccs\NON_OS_debug\</path>
         <kind>archive</kind>
         <file>simplelink.a</file>
         <name>socket.obj</name>
      </input_file>
      <input_file id="fl-19">
         <path>C:\ti\CC3200SDK_1.4.0\cc3200-sdk\simplelink\ccs\NON_OS_debug\</path>
         <kind>archive</kind>
         <file>simplelink.a</file>
         <name>wlan.obj</name>
      </input_file>
      <input_file id="fl-1a">
         <path>C:\ti\CC3200SDK_1.4.0\cc3200-sdk\simplelink\ccs\NON_OS_debug\</path>
         <kind>archive</kind>
         <file>simplelink.a</file>
         <name>cc_pal.obj</name>
      </input_file>
      <input_file id="fl-1b">
         <path>C:\ti\CC3200SDK_1.4.0\cc3200-sdk\driverlib\ccs\Release\</path>
         <kind>archive</kind>
         <file>driverlib.a</file>
         <name>gpio.obj</name>
      </input_file>
      <input_file id="fl-1c">
         <path>C:\ti\CC3200SDK_1.4.0\cc3200-sdk\driverlib\ccs\Release\</path>
         <kind>archive</kind>
         <file>driverlib.a</file>
         <name>i2c.obj</name>
      </input_file>
      <input_file id="fl-1d">
         <path>C:\ti\CC3200SDK_1.4.0\cc3200-sdk\driverlib\ccs\Release\</path>
         <kind>archive</kind>
         <file>driverlib.a</file>
         <name>interrupt.obj</name>
      </input_file>
      <input_file id="fl-1e">
         <path>C:\ti\CC3200SDK_1.4.0\cc3200-sdk\driverlib\ccs\Release\</path>
         <kind>archive</kind>
         <file>driverlib.a</file>
         <name>pin.obj</name>
      </input_file>
      <input_file id="fl-1f">
         <path>C:\ti\CC3200SDK_1.4.0\cc3200-sdk\driverlib\ccs\Release\</path>
         <kind>archive</kind>
         <file>driverlib.a</file>
         <name>prcm.obj</name>
      </input_file>
      <input_file id="fl-20">
         <path>C:\ti\CC3200SDK_1.4.0\cc3200-sdk\driverlib\ccs\Release\</path>
         <kind>archive</kind>
         <file>driverlib.a</file>
         <name>spi.obj</name>
      </input_file>
      <input_file id="fl-21">
         <path>C:\ti\CC3200SDK_1.4.0\cc3200-sdk\driverlib\ccs\Release\</path>
         <kind>archive</kind>
         <file>driverlib.a</file>
         <name>timer.obj</name>
      </input_file>
      <input_file id="fl-22">
         <path>C:\ti\CC3200SDK_1.4.0\cc3200-sdk\driverlib\ccs\Release\</path>
         <kind>archive</kind>
         <file>driverlib.a</file>
         <name>uart.obj</name>
      </input_file>
      <input_file id="fl-23">
         <path>C:\ti\CC3200SDK_1.4.0\cc3200-sdk\driverlib\ccs\Release\</path>
         <kind>archive</kind>
         <file>driverlib.a</file>
         <name>udma.obj</name>
      </input_file>
      <input_file id="fl-24">
         <path>C:\ti\CC3200SDK_1.4.0\cc3200-sdk\driverlib\ccs\Release\</path>
         <kind>archive</kind>
         <file>driverlib.a</file>
         <name>utils.obj</name>
      </input_file>
      <input_file id="fl-25">
         <path>C:\ti\CC3200SDK_1.4.0\cc3200-sdk\driverlib\ccs\Release\</path>
         <kind>archive</kind>
         <file>driverlib.a</file>
         <name>cpu.obj</name>
      </input_file>
      <input_file id="fl-26">
         <path>C:\ti\CC3200SDK_1.4.0\cc3200-sdk\driverlib\ccs\Release\</path>
         <kind>archive</kind>
         <file>driverlib.a</file>
         <name>flash.obj</name>
      </input_file>
      <input_file id="fl-dc">
         <path>C:\ti\ccs1000\ccs\tools\compiler\ti-cgt-arm_20.2.0.LTS\lib\</path>
         <kind>archive</kind>
         <file>rtsv7M4_T_le_eabi.lib</file>
         <name>e_sqrt.c.obj</name>
      </input_file>
      <input_file id="fl-dd">
         <path>C:\ti\ccs1000\ccs\tools\compiler\ti-cgt-arm_20.2.0.LTS\lib\</path>
         <kind>archive</kind>
         <file>rtsv7M4_T_le_eabi.lib</file>
         <name>sprintf.c.obj</name>
      </input_file>
      <input_file id="fl-de">
         <path>C:\ti\ccs1000\ccs\tools\compiler\ti-cgt-arm_20.2.0.LTS\lib\</path>
         <kind>archive</kind>
         <file>rtsv7M4_T_le_eabi.lib</file>
         <name>vsnprintf.c.obj</name>
      </input_file>
      <input_file id="fl-df">
         <path>C:\ti\ccs1000\ccs\tools\compiler\ti-cgt-arm_20.2.0.LTS\lib\</path>
         <kind>archive</kind>
         <file>rtsv7M4_T_le_eabi.lib</file>
         <name>fd_add_t2.asm.obj</name>
      </input_file>
      <input_file id="fl-e0">
         <path>C:\ti\ccs1000\ccs\tools\compiler\ti-cgt-arm_20.2.0.LTS\lib\</path>
         <kind>archive</kind>
         <file>rtsv7M4_T_le_eabi.lib</file>
         <name>fd_mul_t2.asm.obj</name>
      </input_file>
      <input_file id="fl-e1">
         <path>C:\ti\ccs1000\ccs\tools\compiler\ti-cgt-arm_20.2.0.LTS\lib\</path>
         <kind>archive</kind>
         <file>rtsv7M4_T_le_eabi.lib</file>
         <name>fd_toi_t2.asm.obj</name>
      </input_file>
      <input_file id="fl-e2">
         <path>C:\ti\ccs1000\ccs\tools\compiler\ti-cgt-arm_20.2.0.LTS\lib\</path>
         <kind>archive</kind>
         <file>rtsv7M4_T_le_eabi.lib</file>
         <name>i_tofd_t2.asm.obj</name>
      </input_file>
      <input_file id="fl-e3">
         <path>C:\ti\ccs1000\ccs\tools\compiler\ti-cgt-arm_20.2.0.LTS\lib\</path>
         <kind>archive</kind>
         <file>rtsv7M4_T_le_eabi.lib</file>
         <name>memcpy_t2.asm.obj</name>
      </input_file>
      <input_file id="fl-e4">
         <path>C:\ti\ccs1000\ccs\tools\compiler\ti-cgt-arm_20.2.0.LTS\lib\</path>
         <kind>archive</kind>
         <file>rtsv7M4_T_le_eabi.lib</file>
         <name>memset_t2.asm.obj</name>
      </input_file>
      <input_file id="fl-e5">
         <path>C:\ti\ccs1000\ccs\tools\compiler\ti-cgt-arm_20.2.0.LTS\lib\</path>
         <kind>archive</kind>
         <file>rtsv7M4_T_le_eabi.lib</file>
         <name>ull_div_t2.asm.obj</name>
      </input_file>
      <input_file id="fl-e6">
         <path>C:\ti\ccs1000\ccs\tools\compiler\ti-cgt-arm_20.2.0.LTS\lib\</path>
         <kind>archive</kind>
         <file>rtsv7M4_T_le_eabi.lib</file>
         <name>copy_zero_init.c.obj</name>
      </input_file>
      <input_file id="fl-e7">
         <path>C:\ti\ccs1000\ccs\tools\compiler\ti-cgt-arm_20.2.0.LTS\lib\</path>
         <kind>archive</kind>
         <file>rtsv7M4_T_le_eabi.lib</file>
         <name>copy_decompress_none.c.obj</name>
      </input_file>
      <input_file id="fl-e8">
         <path>C:\ti\ccs1000\ccs\tools\compiler\ti-cgt-arm_20.2.0.LTS\lib\</path>
         <kind>archive</kind>
         <file>rtsv7M4_T_le_eabi.lib</file>
         <name>copy_decompress_lzss.c.obj</name>
      </input_file>
      <input_file id="fl-e9">
         <path>C:\ti\ccs1000\ccs\tools\compiler\ti-cgt-arm_20.2.0.LTS\lib\</path>
         <kind>archive</kind>
         <file>rtsv7M4_T_le_eabi.lib</file>
         <name>memmov.c.obj</name>
      </input_file>
      <input_file id="fl-ea">
         <path>C:\ti\ccs1000\ccs\tools\compiler\ti-cgt-arm_20.2.0.LTS\lib\</path>
         <kind>archive</kind>
         <file>rtsv7M4_T_le_eabi.lib</file>
         <name>memory.c.obj</name>
      </input_file>
      <input_file id="fl-eb">
         <path>C:\ti\ccs1000\ccs\tools\compiler\ti-cgt-arm_20.2.0.LTS\lib\</path>
         <kind>archive</kind>
         <file>rtsv7M4_T_le_eabi.lib</file>
         <name>rand.c.obj</name>
      </input_file>
      <input_file id="fl-ec">
         <path>C:\ti\ccs1000\ccs\tools\compiler\ti-cgt-arm_20.2.0.LTS\lib\</path>
         <kind>archive</kind>
         <file>rtsv7M4_T_le_eabi.lib</file>
         <name>strcpy.c.obj</name>
      </input_file>
      <input_file id="fl-ed">
         <path>C:\ti\ccs1000\ccs\tools\compiler\ti-cgt-arm_20.2.0.LTS\lib\</path>
         <kind>archive</kind>
         <file>rtsv7M4_T_le_eabi.lib</file>
         <name>strlen.c.obj</name>
      </input_file>
      <input_file id="fl-ee">
         <path>C:\ti\ccs1000\ccs\tools\compiler\ti-cgt-arm_20.2.0.LTS\lib\</path>
         <kind>archive</kind>
         <file>rtsv7M4_T_le_eabi.lib</file>
         <name>errno.c.obj</name>
      </input_file>
      <input_file id="fl-ef">
         <path>C:\ti\ccs1000\ccs\tools\compiler\ti-cgt-arm_20.2.0.LTS\lib\</path>
         <kind>archive</kind>
         <file>rtsv7M4_T_le_eabi.lib</file>
         <name>boot_cortex_m.c.obj</name>
      </input_file>
      <input_file id="fl-f0">
         <path>C:\ti\ccs1000\ccs\tools\compiler\ti-cgt-arm_20.2.0.LTS\lib\</path>
         <kind>archive</kind>
         <file>rtsv7M4_T_le_eabi.lib</file>
         <name>_printfi.c.obj</name>
      </input_file>
      <input_file id="fl-f1">
         <path>C:\ti\ccs1000\ccs\tools\compiler\ti-cgt-arm_20.2.0.LTS\lib\</path>
         <kind>archive</kind>
         <file>rtsv7M4_T_le_eabi.lib</file>
         <name>div0.asm.obj</name>
      </input_file>
      <input_file id="fl-f2">
         <path>C:\ti\ccs1000\ccs\tools\compiler\ti-cgt-arm_20.2.0.LTS\lib\</path>
         <kind>archive</kind>
         <file>rtsv7M4_T_le_eabi.lib</file>
         <name>fd_cmp_t2.asm.obj</name>
      </input_file>
      <input_file id="fl-f3">
         <path>C:\ti\ccs1000\ccs\tools\compiler\ti-cgt-arm_20.2.0.LTS\lib\</path>
         <kind>archive</kind>
         <file>rtsv7M4_T_le_eabi.lib</file>
         <name>fd_div_t2.asm.obj</name>
      </input_file>
      <input_file id="fl-f4">
         <path>C:\ti\ccs1000\ccs\tools\compiler\ti-cgt-arm_20.2.0.LTS\lib\</path>
         <kind>archive</kind>
         <file>rtsv7M4_T_le_eabi.lib</file>
         <name>autoinit.c.obj</name>
      </input_file>
      <input_file id="fl-f5">
         <path>C:\ti\ccs1000\ccs\tools\compiler\ti-cgt-arm_20.2.0.LTS\lib\</path>
         <kind>archive</kind>
         <file>rtsv7M4_T_le_eabi.lib</file>
         <name>pre_init.c.obj</name>
      </input_file>
      <input_file id="fl-f6">
         <path>C:\ti\ccs1000\ccs\tools\compiler\ti-cgt-arm_20.2.0.LTS\lib\</path>
         <kind>archive</kind>
         <file>rtsv7M4_T_le_eabi.lib</file>
         <name>cpy_tbl.c.obj</name>
      </input_file>
      <input_file id="fl-f7">
         <path>C:\ti\ccs1000\ccs\tools\compiler\ti-cgt-arm_20.2.0.LTS\lib\</path>
         <kind>archive</kind>
         <file>rtsv7M4_T_le_eabi.lib</file>
         <name>exit.c.obj</name>
      </input_file>
      <input_file id="fl-f8">
         <path>C:\ti\ccs1000\ccs\tools\compiler\ti-cgt-arm_20.2.0.LTS\lib\</path>
         <kind>archive</kind>
         <file>rtsv7M4_T_le_eabi.lib</file>
         <name>_lock.c.obj</name>
      </input_file>
      <input_file id="fl-f9">
         <path>C:\ti\ccs1000\ccs\tools\compiler\ti-cgt-arm_20.2.0.LTS\lib\</path>
         <kind>archive</kind>
         <file>rtsv7M4_T_le_eabi.lib</file>
         <name>_ltoa.c.obj</name>
      </input_file>
      <input_file id="fl-fa">
         <path>C:\ti\ccs1000\ccs\tools\compiler\ti-cgt-arm_20.2.0.LTS\lib\</path>
         <kind>archive</kind>
         <file>rtsv7M4_T_le_eabi.lib</file>
         <name>args_main.c.obj</name>
      </input_file>
      <input_file id="fl-fb">
         <path>C:\ti\ccs1000\ccs\tools\compiler\ti-cgt-arm_20.2.0.LTS\lib\</path>
         <kind>archive</kind>
         <file>rtsv7M4_T_le_eabi.lib</file>
         <name>atoi.c.obj</name>
      </input_file>
      <input_file id="fl-fc">
         <path>C:\ti\ccs1000\ccs\tools\compiler\ti-cgt-arm_20.2.0.LTS\lib\</path>
         <kind>archive</kind>
         <file>rtsv7M4_T_le_eabi.lib</file>
         <name>ctype.c.obj</name>
      </input_file>
      <input_file id="fl-fd">
         <path>C:\ti\ccs1000\ccs\tools\compiler\ti-cgt-arm_20.2.0.LTS\lib\</path>
         <kind>archive</kind>
         <file>rtsv7M4_T_le_eabi.lib</file>
         <name>memccpy.c.obj</name>
      </input_file>
      <input_file id="fl-fe">
         <path>C:\ti\ccs1000\ccs\tools\compiler\ti-cgt-arm_20.2.0.LTS\lib\</path>
         <kind>archive</kind>
         <file>rtsv7M4_T_le_eabi.lib</file>
         <name>strchr.c.obj</name>
      </input_file>
      <input_file id="fl-ff">
         <path>C:\ti\ccs1000\ccs\tools\compiler\ti-cgt-arm_20.2.0.LTS\lib\</path>
         <kind>archive</kind>
         <file>rtsv7M4_T_le_eabi.lib</file>
         <name>s_frexp.c.obj</name>
      </input_file>
      <input_file id="fl-100">
         <path>C:\ti\ccs1000\ccs\tools\compiler\ti-cgt-arm_20.2.0.LTS\lib\</path>
         <kind>archive</kind>
         <file>rtsv7M4_T_le_eabi.lib</file>
         <name>s_scalbn.c.obj</name>
      </input_file>
      <input_file id="fl-101">
         <path>C:\ti\ccs1000\ccs\tools\compiler\ti-cgt-arm_20.2.0.LTS\lib\</path>
         <kind>archive</kind>
         <file>rtsv7M4_T_le_eabi.lib</file>
         <name>s_copysign.c.obj</name>
      </input_file>
      <input_file id="fl-102">
         <path>C:\ti\ccs1000\ccs\tools\compiler\ti-cgt-arm_20.2.0.LTS\lib\</path>
         <kind>archive</kind>
         <file>rtsv7M4_T_le_eabi.lib</file>
         <name>wcslen.c.obj</name>
      </input_file>
   </input_file_list>
   <object_component_list>
      <object_component id="oc-12">
         <name>.intvecs</name>
         <load_address>0x20004000</load_address>
         <run_address>0x20004000</run_address>
         <size>0x400</size>
         <input_file_ref idref="fl-9"/>
      </object_component>
      <object_component id="oc-97">
         <name>.text</name>
         <load_address>0x20004400</load_address>
         <run_address>0x20004400</run_address>
         <size>0x1988</size>
         <input_file_ref idref="fl-6"/>
      </object_component>
      <object_component id="oc-18c">
         <name>.text</name>
         <load_address>0x20005d88</load_address>
         <run_address>0x20005d88</run_address>
         <size>0xb38</size>
         <input_file_ref idref="fl-2"/>
      </object_component>
      <object_component id="oc-4e1">
         <name>.text:__TI_printfi</name>
         <load_address>0x200068c0</load_address>
         <run_address>0x200068c0</run_address>
         <size>0xa4e</size>
         <input_file_ref idref="fl-f0"/>
      </object_component>
      <object_component id="oc-199">
         <name>.text</name>
         <load_address>0x2000730e</load_address>
         <run_address>0x2000730e</run_address>
         <size>0x712</size>
         <input_file_ref idref="fl-a"/>
      </object_component>
      <object_component id="oc-7d5">
         <name>.text:_SlDrvMsgRead</name>
         <load_address>0x20007a20</load_address>
         <run_address>0x20007a20</run_address>
         <size>0x590</size>
         <input_file_ref idref="fl-14"/>
      </object_component>
      <object_component id="oc-1a5">
         <name>.text</name>
         <load_address>0x20007fb0</load_address>
         <run_address>0x20007fb0</run_address>
         <size>0x47a</size>
         <input_file_ref idref="fl-3"/>
      </object_component>
      <object_component id="oc-7c3">
         <name>.text:IntDefaultHandler</name>
         <load_address>0x2000842a</load_address>
         <run_address>0x2000842a</run_address>
         <size>0x2</size>
         <input_file_ref idref="fl-1d"/>
      </object_component>
      <object_component id="oc-145">
         <name>.text</name>
         <load_address>0x2000842c</load_address>
         <run_address>0x2000842c</run_address>
         <size>0x398</size>
         <input_file_ref idref="fl-4"/>
      </object_component>
      <object_component id="oc-193">
         <name>.text</name>
         <load_address>0x200087c4</load_address>
         <run_address>0x200087c4</run_address>
         <size>0x2b4</size>
         <input_file_ref idref="fl-5"/>
      </object_component>
      <object_component id="oc-13f">
         <name>.text:sl_WlanConnect</name>
         <load_address>0x20008a78</load_address>
         <run_address>0x20008a78</run_address>
         <size>0x280</size>
         <input_file_ref idref="fl-19"/>
      </object_component>
      <object_component id="oc-c5">
         <name>.text</name>
         <load_address>0x20008cf8</load_address>
         <run_address>0x20008cf8</run_address>
         <size>0x27c</size>
         <input_file_ref idref="fl-b"/>
      </object_component>
      <object_component id="oc-720">
         <name>.text:_pconv_a</name>
         <load_address>0x20008f74</load_address>
         <run_address>0x20008f74</run_address>
         <size>0x268</size>
         <input_file_ref idref="fl-f0"/>
      </object_component>
      <object_component id="oc-8a3">
         <name>.text:_SlDrvRxHdrRead</name>
         <load_address>0x200091dc</load_address>
         <run_address>0x200091dc</run_address>
         <size>0x248</size>
         <input_file_ref idref="fl-14"/>
      </object_component>
      <object_component id="oc-50b">
         <name>.text:_SlDrvDataReadOp</name>
         <load_address>0x20009424</load_address>
         <run_address>0x20009424</run_address>
         <size>0x1e4</size>
         <input_file_ref idref="fl-14"/>
      </object_component>
      <object_component id="oc-2ef">
         <name>.text:_SlDrvReleasePoolObj</name>
         <load_address>0x20009608</load_address>
         <run_address>0x20009608</run_address>
         <size>0x1d0</size>
         <input_file_ref idref="fl-14"/>
      </object_component>
      <object_component id="oc-70e">
         <name>.text:_pconv_g</name>
         <load_address>0x200097d8</load_address>
         <run_address>0x200097d8</run_address>
         <size>0x1cc</size>
         <input_file_ref idref="fl-f0"/>
      </object_component>
      <object_component id="oc-433">
         <name>.text</name>
         <load_address>0x200099a4</load_address>
         <run_address>0x200099a4</run_address>
         <size>0x1b6</size>
         <input_file_ref idref="fl-df"/>
      </object_component>
      <object_component id="oc-6d9">
         <name>.text:_nop</name>
         <load_address>0x20009b5a</load_address>
         <run_address>0x20009b5a</run_address>
         <size>0x2</size>
         <input_file_ref idref="fl-f8"/>
      </object_component>
      <object_component id="oc-2c5">
         <name>.text:_SlDrvDriverCBInit</name>
         <load_address>0x20009b5c</load_address>
         <run_address>0x20009b5c</run_address>
         <size>0x1b4</size>
         <input_file_ref idref="fl-14"/>
      </object_component>
      <object_component id="oc-636">
         <name>.text:_SlDrvMsgWrite</name>
         <load_address>0x20009d10</load_address>
         <run_address>0x20009d10</run_address>
         <size>0x19c</size>
         <input_file_ref idref="fl-14"/>
      </object_component>
      <object_component id="oc-3f2">
         <name>.text:_SlDrvWaitForPoolObj</name>
         <load_address>0x20009eac</load_address>
         <run_address>0x20009eac</run_address>
         <size>0x190</size>
         <input_file_ref idref="fl-14"/>
      </object_component>
      <object_component id="oc-176">
         <name>.text:sl_Connect</name>
         <load_address>0x2000a03c</load_address>
         <run_address>0x2000a03c</run_address>
         <size>0x18c</size>
         <input_file_ref idref="fl-18"/>
      </object_component>
      <object_component id="oc-133">
         <name>.text:PRCMCC3200MCUInit</name>
         <load_address>0x2000a1c8</load_address>
         <run_address>0x2000a1c8</run_address>
         <size>0x178</size>
         <input_file_ref idref="fl-1f"/>
      </object_component>
      <object_component id="oc-8b5">
         <name>.text:_SlFindAndSetActiveObj</name>
         <load_address>0x2000a340</load_address>
         <run_address>0x2000a340</run_address>
         <size>0x170</size>
         <input_file_ref idref="fl-14"/>
      </object_component>
      <object_component id="oc-181">
         <name>.text:sqrt</name>
         <load_address>0x2000a4b0</load_address>
         <run_address>0x2000a4b0</run_address>
         <size>0x15c</size>
         <input_file_ref idref="fl-dc"/>
      </object_component>
      <object_component id="oc-4fd">
         <name>.text:_SlDrvDataWriteOp</name>
         <load_address>0x2000a60c</load_address>
         <run_address>0x2000a60c</run_address>
         <size>0x150</size>
         <input_file_ref idref="fl-14"/>
      </object_component>
      <object_component id="oc-2cb">
         <name>.text:spi_Open</name>
         <load_address>0x2000a75c</load_address>
         <run_address>0x2000a75c</run_address>
         <size>0x148</size>
         <input_file_ref idref="fl-1a"/>
      </object_component>
      <object_component id="oc-63c">
         <name>.text:_SlDrvMsgReadCmdCtx</name>
         <load_address>0x2000a8a4</load_address>
         <run_address>0x2000a8a4</run_address>
         <size>0x144</size>
         <input_file_ref idref="fl-14"/>
      </object_component>
      <object_component id="oc-158">
         <name>.text:sl_NetAppDnsGetHostByName</name>
         <load_address>0x2000a9e8</load_address>
         <run_address>0x2000a9e8</run_address>
         <size>0x144</size>
         <input_file_ref idref="fl-15"/>
      </object_component>
      <object_component id="oc-71a">
         <name>.text:_pconv_e</name>
         <load_address>0x2000ab2c</load_address>
         <run_address>0x2000ab2c</run_address>
         <size>0x13c</size>
         <input_file_ref idref="fl-f0"/>
      </object_component>
      <object_component id="oc-828">
         <name>.text</name>
         <load_address>0x2000ac68</load_address>
         <run_address>0x2000ac68</run_address>
         <size>0x136</size>
         <input_file_ref idref="fl-f3"/>
      </object_component>
      <object_component id="oc-8e1">
         <name>.text</name>
         <load_address>0x2000ad9e</load_address>
         <run_address>0x2000ad9e</run_address>
         <size>0x2</size>
         <input_file_ref idref="fl-f1"/>
      </object_component>
      <object_component id="oc-1e8">
         <name>.text:sl_Send</name>
         <load_address>0x2000ada0</load_address>
         <run_address>0x2000ada0</run_address>
         <size>0x134</size>
         <input_file_ref idref="fl-18"/>
      </object_component>
      <object_component id="oc-334">
         <name>.text:_SlDrvDriverCBDeinit</name>
         <load_address>0x2000aed4</load_address>
         <run_address>0x2000aed4</run_address>
         <size>0x130</size>
         <input_file_ref idref="fl-14"/>
      </object_component>
      <object_component id="oc-1b1">
         <name>.text</name>
         <load_address>0x2000b004</load_address>
         <run_address>0x2000b004</run_address>
         <size>0x130</size>
         <input_file_ref idref="fl-8"/>
      </object_component>
      <object_component id="oc-845">
         <name>.text:fcvt</name>
         <load_address>0x2000b134</load_address>
         <run_address>0x2000b134</run_address>
         <size>0x120</size>
         <input_file_ref idref="fl-f0"/>
      </object_component>
      <object_component id="oc-55c">
         <name>.text:aligned_alloc</name>
         <load_address>0x2000b254</load_address>
         <run_address>0x2000b254</run_address>
         <size>0x108</size>
         <input_file_ref idref="fl-ea"/>
      </object_component>
      <object_component id="oc-927">
         <name>.text:_SlDrvNetAppEventHandler</name>
         <load_address>0x2000b35c</load_address>
         <run_address>0x2000b35c</run_address>
         <size>0x104</size>
         <input_file_ref idref="fl-15"/>
      </object_component>
      <object_component id="oc-42e">
         <name>.text</name>
         <load_address>0x2000b460</load_address>
         <run_address>0x2000b460</run_address>
         <size>0xfc</size>
         <input_file_ref idref="fl-e0"/>
      </object_component>
      <object_component id="oc-d2">
         <name>.text:sl_Start</name>
         <load_address>0x2000b55c</load_address>
         <run_address>0x2000b55c</run_address>
         <size>0xf0</size>
         <input_file_ref idref="fl-13"/>
      </object_component>
      <object_component id="oc-e4">
         <name>.text:sl_Stop</name>
         <load_address>0x2000b64c</load_address>
         <run_address>0x2000b64c</run_address>
         <size>0xf0</size>
         <input_file_ref idref="fl-13"/>
      </object_component>
      <object_component id="oc-8af">
         <name>.text:spi_Read</name>
         <load_address>0x2000b73c</load_address>
         <run_address>0x2000b73c</run_address>
         <size>0xf0</size>
         <input_file_ref idref="fl-1a"/>
      </object_component>
      <object_component id="oc-9e4">
         <name>.text:uDMAChannelTransferSet</name>
         <load_address>0x2000b82c</load_address>
         <run_address>0x2000b82c</run_address>
         <size>0xf0</size>
         <input_file_ref idref="fl-23"/>
      </object_component>
      <object_component id="oc-7db">
         <name>.text:_SlAsyncEventGenericHandler</name>
         <load_address>0x2000b91c</load_address>
         <run_address>0x2000b91c</run_address>
         <size>0xe8</size>
         <input_file_ref idref="fl-14"/>
      </object_component>
      <object_component id="oc-61d">
         <name>.text:_SlDrvMsgReadSpawnCtx</name>
         <load_address>0x2000ba04</load_address>
         <run_address>0x2000ba04</run_address>
         <size>0xe8</size>
         <input_file_ref idref="fl-14"/>
      </object_component>
      <object_component id="oc-282">
         <name>.text:free</name>
         <load_address>0x2000baec</load_address>
         <run_address>0x2000baec</run_address>
         <size>0xe4</size>
         <input_file_ref idref="fl-ea"/>
      </object_component>
      <object_component id="oc-27c">
         <name>.text:realloc</name>
         <load_address>0x2000bbd0</load_address>
         <run_address>0x2000bbd0</run_address>
         <size>0xe4</size>
         <input_file_ref idref="fl-ea"/>
      </object_component>
      <object_component id="oc-36f">
         <name>.text:sl_NetAppMDNSRegisterUnregisterService</name>
         <load_address>0x2000bcb4</load_address>
         <run_address>0x2000bcb4</run_address>
         <size>0xe4</size>
         <input_file_ref idref="fl-15"/>
      </object_component>
      <object_component id="oc-8a9">
         <name>.text:_SlDrvClassifyRxMsg</name>
         <load_address>0x2000bd98</load_address>
         <run_address>0x2000bd98</run_address>
         <size>0xdc</size>
         <input_file_ref idref="fl-14"/>
      </object_component>
      <object_component id="oc-859">
         <name>.text:scalbn</name>
         <load_address>0x2000be74</load_address>
         <run_address>0x2000be74</run_address>
         <size>0xd0</size>
         <input_file_ref idref="fl-100"/>
      </object_component>
      <object_component id="oc-9a2">
         <name>.text:_sl_HandleAsync_DnsGetHostByService</name>
         <load_address>0x2000bf44</load_address>
         <run_address>0x2000bf44</run_address>
         <size>0xcc</size>
         <input_file_ref idref="fl-15"/>
      </object_component>
      <object_component id="oc-ea">
         <name>.text:sl_DevGet</name>
         <load_address>0x2000c010</load_address>
         <run_address>0x2000c010</run_address>
         <size>0xcc</size>
         <input_file_ref idref="fl-13"/>
      </object_component>
      <object_component id="oc-5f8">
         <name>.text:_SlRemoveFromList</name>
         <load_address>0x2000c0dc</load_address>
         <run_address>0x2000c0dc</run_address>
         <size>0xc4</size>
         <input_file_ref idref="fl-14"/>
      </object_component>
      <object_component id="oc-318">
         <name>.text:_SlDrvCmdOp</name>
         <load_address>0x2000c1a0</load_address>
         <run_address>0x2000c1a0</run_address>
         <size>0xc0</size>
         <input_file_ref idref="fl-14"/>
      </object_component>
      <object_component id="oc-703">
         <name>.text:_ltostr</name>
         <load_address>0x2000c260</load_address>
         <run_address>0x2000c260</run_address>
         <size>0xb1</size>
         <input_file_ref idref="fl-f0"/>
      </object_component>
      <object_component id="oc-587">
         <name>.text:_SlNonOsSemGet</name>
         <load_address>0x2000c314</load_address>
         <run_address>0x2000c314</run_address>
         <size>0xb0</size>
         <input_file_ref idref="fl-17"/>
      </object_component>
      <object_component id="oc-5d7">
         <name>.text:IntDisable</name>
         <load_address>0x2000c3c4</load_address>
         <run_address>0x2000c3c4</run_address>
         <size>0xa8</size>
         <input_file_ref idref="fl-1d"/>
      </object_component>
      <object_component id="oc-12d">
         <name>.text:IntEnable</name>
         <load_address>0x2000c46c</load_address>
         <run_address>0x2000c46c</run_address>
         <size>0xa8</size>
         <input_file_ref idref="fl-1d"/>
      </object_component>
      <object_component id="oc-5f1">
         <name>.text:_SlDriverHandleError</name>
         <load_address>0x2000c514</load_address>
         <run_address>0x2000c514</run_address>
         <size>0xa4</size>
         <input_file_ref idref="fl-14"/>
      </object_component>
      <object_component id="oc-1c9">
         <name>.text:SPIConfigSetExpClk</name>
         <load_address>0x2000c5b8</load_address>
         <run_address>0x2000c5b8</run_address>
         <size>0xa0</size>
         <input_file_ref idref="fl-20"/>
      </object_component>
      <object_component id="oc-1f4">
         <name>.text:sl_Recv</name>
         <load_address>0x2000c658</load_address>
         <run_address>0x2000c658</run_address>
         <size>0xa0</size>
         <input_file_ref idref="fl-18"/>
      </object_component>
      <object_component id="oc-3d">
         <name>.text</name>
         <load_address>0x2000c6f8</load_address>
         <run_address>0x2000c6f8</run_address>
         <size>0x9c</size>
         <input_file_ref idref="fl-e3"/>
      </object_component>
      <object_component id="oc-988">
         <name>.text:_SlDrvDeviceEventHandler</name>
         <load_address>0x2000c794</load_address>
         <run_address>0x2000c794</run_address>
         <size>0x9a</size>
         <input_file_ref idref="fl-13"/>
      </object_component>
      <object_component id="oc-14c">
         <name>.text:sl_DevSet</name>
         <load_address>0x2000c830</load_address>
         <run_address>0x2000c830</run_address>
         <size>0x98</size>
         <input_file_ref idref="fl-13"/>
      </object_component>
      <object_component id="oc-102">
         <name>.text:sl_NetCfgSet</name>
         <load_address>0x2000c8c8</load_address>
         <run_address>0x2000c8c8</run_address>
         <size>0x98</size>
         <input_file_ref idref="fl-16"/>
      </object_component>
      <object_component id="oc-170">
         <name>.text:sl_SetSockOpt</name>
         <load_address>0x2000c960</load_address>
         <run_address>0x2000c960</run_address>
         <size>0x98</size>
         <input_file_ref idref="fl-18"/>
      </object_component>
      <object_component id="oc-108">
         <name>.text:sl_WlanSet</name>
         <load_address>0x2000c9f8</load_address>
         <run_address>0x2000c9f8</run_address>
         <size>0x98</size>
         <input_file_ref idref="fl-19"/>
      </object_component>
      <object_component id="oc-7e4">
         <name>.text:spi_Write</name>
         <load_address>0x2000ca90</load_address>
         <run_address>0x2000ca90</run_address>
         <size>0x98</size>
         <input_file_ref idref="fl-1a"/>
      </object_component>
      <object_component id="oc-821">
         <name>.text</name>
         <load_address>0x2000cb28</load_address>
         <run_address>0x2000cb28</run_address>
         <size>0x96</size>
         <input_file_ref idref="fl-e5"/>
      </object_component>
      <object_component id="oc-1c3">
         <name>.text:PRCMPeripheralClockGet</name>
         <load_address>0x2000cbc0</load_address>
         <run_address>0x2000cbc0</run_address>
         <size>0x94</size>
         <input_file_ref idref="fl-1f"/>
      </object_component>
      <object_component id="oc-99c">
         <name>.text:_sl_HandleAsync_DnsGetHostByName</name>
         <load_address>0x2000cc54</load_address>
         <run_address>0x2000cc54</run_address>
         <size>0x90</size>
         <input_file_ref idref="fl-15"/>
      </object_component>
      <object_component id="oc-92d">
         <name>.text:_sl_HandleAsync_PingResponse</name>
         <load_address>0x2000cce4</load_address>
         <run_address>0x2000cce4</run_address>
         <size>0x90</size>
         <input_file_ref idref="fl-15"/>
      </object_component>
      <object_component id="oc-f0">
         <name>.text:sl_WlanPolicySet</name>
         <load_address>0x2000cd74</load_address>
         <run_address>0x2000cd74</run_address>
         <size>0x90</size>
         <input_file_ref idref="fl-19"/>
      </object_component>
      <object_component id="oc-934">
         <name>.text:SetupDMAReceive</name>
         <load_address>0x2000ce04</load_address>
         <run_address>0x2000ce04</run_address>
         <size>0x8c</size>
         <input_file_ref idref="fl-1a"/>
      </object_component>
      <object_component id="oc-8c0">
         <name>.text:SetupDMASend</name>
         <load_address>0x2000ce90</load_address>
         <run_address>0x2000ce90</run_address>
         <size>0x8c</size>
         <input_file_ref idref="fl-1a"/>
      </object_component>
      <object_component id="oc-789">
         <name>.text:_SlDrvIsTimeoutExpired</name>
         <load_address>0x2000cf1c</load_address>
         <run_address>0x2000cf1c</run_address>
         <size>0x8c</size>
         <input_file_ref idref="fl-14"/>
      </object_component>
      <object_component id="oc-9f5">
         <name>.text:_sl_HandleAsync_InitComplete</name>
         <load_address>0x2000cfa8</load_address>
         <run_address>0x2000cfa8</run_address>
         <size>0x8c</size>
         <input_file_ref idref="fl-13"/>
      </object_component>
      <object_component id="oc-16a">
         <name>.text:sl_Socket</name>
         <load_address>0x2000d034</load_address>
         <run_address>0x2000d034</run_address>
         <size>0x8c</size>
         <input_file_ref idref="fl-18"/>
      </object_component>
      <object_component id="oc-6f2">
         <name>.text:PinConfigSet</name>
         <load_address>0x2000d0c0</load_address>
         <run_address>0x2000d0c0</run_address>
         <size>0x88</size>
         <input_file_ref idref="fl-1e"/>
      </object_component>
      <object_component id="oc-709">
         <name>.text:__aeabi_cdcmple</name>
         <load_address>0x2000d148</load_address>
         <run_address>0x2000d148</run_address>
         <size>0x86</size>
         <input_file_ref idref="fl-f2"/>
      </object_component>
      <object_component id="oc-82d">
         <name>.text:__aeabi_cdrcmple</name>
         <load_address>0x2000d1ce</load_address>
         <run_address>0x2000d1ce</run_address>
         <size>0x86</size>
         <input_file_ref idref="fl-f2"/>
      </object_component>
      <object_component id="oc-48a">
         <name>.text:I2CMasterInitExpClk</name>
         <load_address>0x2000d254</load_address>
         <run_address>0x2000d254</run_address>
         <size>0x84</size>
         <input_file_ref idref="fl-1c"/>
      </object_component>
      <object_component id="oc-2bf">
         <name>.text:NwpPowerOnPreamble</name>
         <load_address>0x2000d2d8</load_address>
         <run_address>0x2000d2d8</run_address>
         <size>0x84</size>
         <input_file_ref idref="fl-1a"/>
      </object_component>
      <object_component id="oc-11a">
         <name>.text:sl_WlanRxFilterSet</name>
         <load_address>0x2000d35c</load_address>
         <run_address>0x2000d35c</run_address>
         <size>0x84</size>
         <input_file_ref idref="fl-19"/>
      </object_component>
      <object_component id="oc-3bc">
         <name>.text:GPIOIntTypeSet</name>
         <load_address>0x2000d3e0</load_address>
         <run_address>0x2000d3e0</run_address>
         <size>0x82</size>
         <input_file_ref idref="fl-1b"/>
      </object_component>
      <object_component id="oc-9c4">
         <name>.text:_sl_HandleAsync_Connect</name>
         <load_address>0x2000d464</load_address>
         <run_address>0x2000d464</run_address>
         <size>0x80</size>
         <input_file_ref idref="fl-18"/>
      </object_component>
      <object_component id="oc-93a">
         <name>.text:spi_Read_CPU</name>
         <load_address>0x2000d4e4</load_address>
         <run_address>0x2000d4e4</run_address>
         <size>0x80</size>
         <input_file_ref idref="fl-1a"/>
      </object_component>
      <object_component id="oc-8cc">
         <name>.text:spi_Write_CPU</name>
         <load_address>0x2000d564</load_address>
         <run_address>0x2000d564</run_address>
         <size>0x80</size>
         <input_file_ref idref="fl-1a"/>
      </object_component>
      <object_component id="oc-8b">
         <name>.text</name>
         <load_address>0x2000d5e4</load_address>
         <run_address>0x2000d5e4</run_address>
         <size>0x7a</size>
         <input_file_ref idref="fl-e4"/>
      </object_component>
      <object_component id="oc-32e">
         <name>.text:spi_Close</name>
         <load_address>0x2000d660</load_address>
         <run_address>0x2000d660</run_address>
         <size>0x78</size>
         <input_file_ref idref="fl-1a"/>
      </object_component>
      <object_component id="oc-252">
         <name>.text:UARTConfigSetExpClk</name>
         <load_address>0x2000d6d8</load_address>
         <run_address>0x2000d6d8</run_address>
         <size>0x76</size>
         <input_file_ref idref="fl-22"/>
      </object_component>
      <object_component id="oc-d8">
         <name>.text:_SlNonOsMainLoopTask</name>
         <load_address>0x2000d750</load_address>
         <run_address>0x2000d750</run_address>
         <size>0x74</size>
         <input_file_ref idref="fl-17"/>
      </object_component>
      <object_component id="oc-569">
         <name>.text:split</name>
         <load_address>0x2000d7c4</load_address>
         <run_address>0x2000d7c4</run_address>
         <size>0x70</size>
         <input_file_ref idref="fl-ea"/>
      </object_component>
      <object_component id="oc-83e">
         <name>.text:_mcpy</name>
         <load_address>0x2000d834</load_address>
         <run_address>0x2000d834</run_address>
         <size>0x6e</size>
         <input_file_ref idref="fl-f0"/>
      </object_component>
      <object_component id="oc-a0d">
         <name>.text:_SlDrvCmdSend</name>
         <load_address>0x2000d8a4</load_address>
         <run_address>0x2000d8a4</run_address>
         <size>0x6c</size>
         <input_file_ref idref="fl-14"/>
      </object_component>
      <object_component id="oc-9ae">
         <name>.text:_sl_NetAppSendTokenValue</name>
         <load_address>0x2000d910</load_address>
         <run_address>0x2000d910</run_address>
         <size>0x6c</size>
         <input_file_ref idref="fl-15"/>
      </object_component>
      <object_component id="oc-15">
         <name>.text:decompress:lzss:__TI_decompress_lzss</name>
         <load_address>0x2000d97c</load_address>
         <run_address>0x2000d97c</run_address>
         <size>0x68</size>
         <input_file_ref idref="fl-e8"/>
      </object_component>
      <object_component id="oc-617">
         <name>.text:_SlNonOsSpawn</name>
         <load_address>0x2000d9e4</load_address>
         <run_address>0x2000d9e4</run_address>
         <size>0x64</size>
         <input_file_ref idref="fl-17"/>
      </object_component>
      <object_component id="oc-9be">
         <name>.text:_sl_HandleAsync_Accept</name>
         <load_address>0x2000da48</load_address>
         <run_address>0x2000da48</run_address>
         <size>0x64</size>
         <input_file_ref idref="fl-18"/>
      </object_component>
      <object_component id="oc-10e">
         <name>.text:sl_NetAppMDNSUnRegisterService</name>
         <load_address>0x2000daac</load_address>
         <run_address>0x2000daac</run_address>
         <size>0x64</size>
         <input_file_ref idref="fl-15"/>
      </object_component>
      <object_component id="oc-79d">
         <name>.text:uDMAChannelAttributeDisable</name>
         <load_address>0x2000db10</load_address>
         <run_address>0x2000db10</run_address>
         <size>0x64</size>
         <input_file_ref idref="fl-23"/>
      </object_component>
      <object_component id="oc-9de">
         <name>.text:uDMAChannelAttributeEnable</name>
         <load_address>0x2000db74</load_address>
         <run_address>0x2000db74</run_address>
         <size>0x64</size>
         <input_file_ref idref="fl-23"/>
      </object_component>
      <object_component id="oc-1ee">
         <name>.text:sl_Close</name>
         <load_address>0x2000dbd8</load_address>
         <run_address>0x2000dbd8</run_address>
         <size>0x60</size>
         <input_file_ref idref="fl-18"/>
      </object_component>
      <object_component id="oc-f6">
         <name>.text:sl_WlanProfileDel</name>
         <load_address>0x2000dc38</load_address>
         <run_address>0x2000dc38</run_address>
         <size>0x60</size>
         <input_file_ref idref="fl-19"/>
      </object_component>
      <object_component id="oc-de">
         <name>.text:sl_WlanSetMode</name>
         <load_address>0x2000dc98</load_address>
         <run_address>0x2000dc98</run_address>
         <size>0x60</size>
         <input_file_ref idref="fl-19"/>
      </object_component>
      <object_component id="oc-853">
         <name>.text:frexp</name>
         <load_address>0x2000dcf8</load_address>
         <run_address>0x2000dcf8</run_address>
         <size>0x5c</size>
         <input_file_ref idref="fl-ff"/>
      </object_component>
      <object_component id="oc-5e3">
         <name>.text:IntPendClear</name>
         <load_address>0x2000dd54</load_address>
         <run_address>0x2000dd54</run_address>
         <size>0x58</size>
         <input_file_ref idref="fl-1d"/>
      </object_component>
      <object_component id="oc-3a3">
         <name>.text:PRCMPeripheralReset</name>
         <load_address>0x2000ddac</load_address>
         <run_address>0x2000ddac</run_address>
         <size>0x58</size>
         <input_file_ref idref="fl-1f"/>
      </object_component>
      <object_component id="oc-714">
         <name>.text:_pconv_f</name>
         <load_address>0x2000de04</load_address>
         <run_address>0x2000de04</run_address>
         <size>0x56</size>
         <input_file_ref idref="fl-f0"/>
      </object_component>
      <object_component id="oc-3c2">
         <name>.text:IntPrioritySet</name>
         <load_address>0x2000de5c</load_address>
         <run_address>0x2000de5c</run_address>
         <size>0x54</size>
         <input_file_ref idref="fl-1d"/>
      </object_component>
      <object_component id="oc-301">
         <name>.text:_SlDrvRxIrqHandler</name>
         <load_address>0x2000deb0</load_address>
         <run_address>0x2000deb0</run_address>
         <size>0x54</size>
         <input_file_ref idref="fl-14"/>
      </object_component>
      <object_component id="oc-832">
         <name>.text:__TI_ltoa</name>
         <load_address>0x2000df04</load_address>
         <run_address>0x2000df04</run_address>
         <size>0x54</size>
         <input_file_ref idref="fl-f9"/>
      </object_component>
      <object_component id="oc-9ca">
         <name>.text:_sl_HandleAsync_Select</name>
         <load_address>0x2000df58</load_address>
         <run_address>0x2000df58</run_address>
         <size>0x54</size>
         <input_file_ref idref="fl-18"/>
      </object_component>
      <object_component id="oc-838">
         <name>.text:_ecpy</name>
         <load_address>0x2000dfac</load_address>
         <run_address>0x2000dfac</run_address>
         <size>0x52</size>
         <input_file_ref idref="fl-f0"/>
      </object_component>
      <object_component id="oc-9d0">
         <name>.text:_sl_HandleAsync_Stop</name>
         <load_address>0x2000e000</load_address>
         <run_address>0x2000e000</run_address>
         <size>0x50</size>
         <input_file_ref idref="fl-13"/>
      </object_component>
      <object_component id="oc-5b6">
         <name>.text:SPIIntEnable</name>
         <load_address>0x2000e050</load_address>
         <run_address>0x2000e050</run_address>
         <size>0x4c</size>
         <input_file_ref idref="fl-20"/>
      </object_component>
      <object_component id="oc-7ef">
         <name>.text:SPIIntNumberGet</name>
         <load_address>0x2000e09c</load_address>
         <run_address>0x2000e09c</run_address>
         <size>0x4c</size>
         <input_file_ref idref="fl-20"/>
      </object_component>
      <object_component id="oc-2d1">
         <name>.text:_SlDrvProtectAsyncRespSetting</name>
         <load_address>0x2000e0e8</load_address>
         <run_address>0x2000e0e8</run_address>
         <size>0x4c</size>
         <input_file_ref idref="fl-14"/>
      </object_component>
      <object_component id="oc-423">
         <name>.text:_sl_BuildAddress</name>
         <load_address>0x2000e134</load_address>
         <run_address>0x2000e134</run_address>
         <size>0x4c</size>
         <input_file_ref idref="fl-18"/>
      </object_component>
      <object_component id="oc-6fd">
         <name>.text:atoi</name>
         <load_address>0x2000e180</load_address>
         <run_address>0x2000e180</run_address>
         <size>0x4c</size>
         <input_file_ref idref="fl-fb"/>
      </object_component>
      <object_component id="oc-797">
         <name>.text:uDMAChannelAssign</name>
         <load_address>0x2000e1cc</load_address>
         <run_address>0x2000e1cc</run_address>
         <size>0x4c</size>
         <input_file_ref idref="fl-23"/>
      </object_component>
      <object_component id="oc-68c">
         <name>.text:GPIOGetIntNumber</name>
         <load_address>0x2000e218</load_address>
         <run_address>0x2000e218</run_address>
         <size>0x48</size>
         <input_file_ref idref="fl-1b"/>
      </object_component>
      <object_component id="oc-7b7">
         <name>.text:SPIIntClear</name>
         <load_address>0x2000e260</load_address>
         <run_address>0x2000e260</run_address>
         <size>0x48</size>
         <input_file_ref idref="fl-20"/>
      </object_component>
      <object_component id="oc-35a">
         <name>.text:_SlDrvBasicCmd</name>
         <load_address>0x2000e2a8</load_address>
         <run_address>0x2000e2a8</run_address>
         <size>0x48</size>
         <input_file_ref idref="fl-14"/>
      </object_component>
      <object_component id="oc-187">
         <name>.text</name>
         <load_address>0x2000e2f0</load_address>
         <run_address>0x2000e2f0</run_address>
         <size>0x48</size>
         <input_file_ref idref="fl-e1"/>
      </object_component>
      <object_component id="oc-7a7">
         <name>.text:SPIDmaMaskGet</name>
         <load_address>0x2000e338</load_address>
         <run_address>0x2000e338</run_address>
         <size>0x44</size>
         <input_file_ref idref="fl-20"/>
      </object_component>
      <object_component id="oc-96a">
         <name>.text:TimerConfigure</name>
         <load_address>0x2000e37c</load_address>
         <run_address>0x2000e37c</run_address>
         <size>0x44</size>
         <input_file_ref idref="fl-21"/>
      </object_component>
      <object_component id="oc-a06">
         <name>.text:_SlDrvHandleHttpServerEvents</name>
         <load_address>0x2000e3c0</load_address>
         <run_address>0x2000e3c0</run_address>
         <size>0x44</size>
         <input_file_ref idref="fl-14"/>
      </object_component>
      <object_component id="oc-2e9">
         <name>.text:_SlDrvSyncObjWaitTimeout</name>
         <load_address>0x2000e404</load_address>
         <run_address>0x2000e404</run_address>
         <size>0x44</size>
         <input_file_ref idref="fl-14"/>
      </object_component>
      <object_component id="oc-220">
         <name>.text:__TI_auto_init_nobinit_nopinit:__TI_auto_init_nobinit_nopinit</name>
         <load_address>0x2000e448</load_address>
         <run_address>0x2000e448</run_address>
         <size>0x44</size>
         <input_file_ref idref="fl-f4"/>
      </object_component>
      <object_component id="oc-947">
         <name>.text:cc_SetupTransfer</name>
         <load_address>0x2000e48c</load_address>
         <run_address>0x2000e48c</run_address>
         <size>0x44</size>
         <input_file_ref idref="fl-1a"/>
      </object_component>
      <object_component id="oc-164">
         <name>.text:sl_Htonl</name>
         <load_address>0x2000e4d0</load_address>
         <run_address>0x2000e4d0</run_address>
         <size>0x42</size>
         <input_file_ref idref="fl-18"/>
      </object_component>
      <object_component id="oc-4b6">
         <name>.text:PinModeSet</name>
         <load_address>0x2000e514</load_address>
         <run_address>0x2000e514</run_address>
         <size>0x40</size>
         <input_file_ref idref="fl-1e"/>
      </object_component>
      <object_component id="oc-994">
         <name>.text:_SlDrvHandleNetAppEvents</name>
         <load_address>0x2000e554</load_address>
         <run_address>0x2000e554</run_address>
         <size>0x40</size>
         <input_file_ref idref="fl-14"/>
      </object_component>
      <object_component id="oc-98e">
         <name>.text:_SlDrvHandleWlanEvents</name>
         <load_address>0x2000e594</load_address>
         <run_address>0x2000e594</run_address>
         <size>0x40</size>
         <input_file_ref idref="fl-14"/>
      </object_component>
      <object_component id="oc-4f7">
         <name>.text:_sl_TruncatePayloadByProtocol</name>
         <load_address>0x2000e5d4</load_address>
         <run_address>0x2000e5d4</run_address>
         <size>0x40</size>
         <input_file_ref idref="fl-18"/>
      </object_component>
      <object_component id="oc-1dc">
         <name>.text:sprintf</name>
         <load_address>0x2000e614</load_address>
         <run_address>0x2000e614</run_address>
         <size>0x40</size>
         <input_file_ref idref="fl-dd"/>
      </object_component>
      <object_component id="oc-25e">
         <name>.text:vsnprintf</name>
         <load_address>0x2000e654</load_address>
         <run_address>0x2000e654</run_address>
         <size>0x40</size>
         <input_file_ref idref="fl-de"/>
      </object_component>
      <object_component id="oc-2dd">
         <name>.text:NwpRegisterInterruptHandler</name>
         <load_address>0x2000e694</load_address>
         <run_address>0x2000e694</run_address>
         <size>0x3e</size>
         <input_file_ref idref="fl-1a"/>
      </object_component>
      <object_component id="oc-84b">
         <name>.text:_fcpy</name>
         <load_address>0x2000e6d2</load_address>
         <run_address>0x2000e6d2</run_address>
         <size>0x3e</size>
         <input_file_ref idref="fl-f0"/>
      </object_component>
      <object_component id="oc-9b5">
         <name>.text:CopyPingResultsToReport</name>
         <load_address>0x2000e710</load_address>
         <run_address>0x2000e710</run_address>
         <size>0x3c</size>
         <input_file_ref idref="fl-15"/>
      </object_component>
      <object_component id="oc-39d">
         <name>.text:PRCMPeripheralClkEnable</name>
         <load_address>0x2000e74c</load_address>
         <run_address>0x2000e74c</run_address>
         <size>0x3c</size>
         <input_file_ref idref="fl-1f"/>
      </object_component>
      <object_component id="oc-90e">
         <name>.text:simplelink_timerA2_start</name>
         <load_address>0x2000e788</load_address>
         <run_address>0x2000e788</run_address>
         <size>0x3c</size>
         <input_file_ref idref="fl-1a"/>
      </object_component>
      <object_component id="oc-15e">
         <name>.text:sl_Htons</name>
         <load_address>0x2000e7c4</load_address>
         <run_address>0x2000e7c4</run_address>
         <size>0x3c</size>
         <input_file_ref idref="fl-18"/>
      </object_component>
      <object_component id="oc-9d8">
         <name>.text:uDMAChannelControlSet</name>
         <load_address>0x2000e800</load_address>
         <run_address>0x2000e800</run_address>
         <size>0x3c</size>
         <input_file_ref idref="fl-23"/>
      </object_component>
      <object_component id="oc-2d7">
         <name>.text:NwpPowerOff</name>
         <load_address>0x2000e83c</load_address>
         <run_address>0x2000e83c</run_address>
         <size>0x38</size>
         <input_file_ref idref="fl-1a"/>
      </object_component>
      <object_component id="oc-fc">
         <name>.text:sl_WlanDisconnect</name>
         <load_address>0x2000e874</load_address>
         <run_address>0x2000e874</run_address>
         <size>0x38</size>
         <input_file_ref idref="fl-19"/>
      </object_component>
      <object_component id="oc-4c2">
         <name>.text:GPIODirModeSet</name>
         <load_address>0x2000e8ac</load_address>
         <run_address>0x2000e8ac</run_address>
         <size>0x36</size>
         <input_file_ref idref="fl-1b"/>
      </object_component>
      <object_component id="oc-2e3">
         <name>.text:NwpPowerOn</name>
         <load_address>0x2000e8e4</load_address>
         <run_address>0x2000e8e4</run_address>
         <size>0x34</size>
         <input_file_ref idref="fl-1a"/>
      </object_component>
      <object_component id="oc-598">
         <name>.text:PRCMPeripheralStatusGet</name>
         <load_address>0x2000e918</load_address>
         <run_address>0x2000e918</run_address>
         <size>0x34</size>
         <input_file_ref idref="fl-1f"/>
      </object_component>
      <object_component id="oc-5aa">
         <name>.text:SPIFIFOLevelSet</name>
         <load_address>0x2000e94c</load_address>
         <run_address>0x2000e94c</run_address>
         <size>0x34</size>
         <input_file_ref idref="fl-20"/>
      </object_component>
      <object_component id="oc-19f">
         <name>.text:rand</name>
         <load_address>0x2000e980</load_address>
         <run_address>0x2000e980</run_address>
         <size>0x34</size>
         <input_file_ref idref="fl-eb"/>
      </object_component>
      <object_component id="oc-4bc">
         <name>.text:PinTypeGPIO</name>
         <load_address>0x2000e9b4</load_address>
         <run_address>0x2000e9b4</run_address>
         <size>0x30</size>
         <input_file_ref idref="fl-1e"/>
      </object_component>
      <object_component id="oc-532">
         <name>.text:UARTDisable</name>
         <load_address>0x2000e9e4</load_address>
         <run_address>0x2000e9e4</run_address>
         <size>0x30</size>
         <input_file_ref idref="fl-22"/>
      </object_component>
      <object_component id="oc-540">
         <name>.text:_outs</name>
         <load_address>0x2000ea14</load_address>
         <run_address>0x2000ea14</run_address>
         <size>0x30</size>
         <input_file_ref idref="fl-de"/>
      </object_component>
      <object_component id="oc-17c">
         <name>.text</name>
         <load_address>0x2000ea44</load_address>
         <run_address>0x2000ea44</run_address>
         <size>0x2e</size>
         <input_file_ref idref="fl-e2"/>
      </object_component>
      <object_component id="oc-466">
         <name>.text:I2CMasterErr</name>
         <load_address>0x2000ea72</load_address>
         <run_address>0x2000ea72</run_address>
         <size>0x2c</size>
         <input_file_ref idref="fl-1c"/>
      </object_component>
      <object_component id="oc-38b">
         <name>.text:PRCMSysResetCauseGet</name>
         <load_address>0x2000eaa0</load_address>
         <run_address>0x2000eaa0</run_address>
         <size>0x2c</size>
         <input_file_ref idref="fl-1f"/>
      </object_component>
      <object_component id="oc-62a">
         <name>.text:_SlDrvObjGlobalLockWaitForever</name>
         <load_address>0x2000eacc</load_address>
         <run_address>0x2000eacc</run_address>
         <size>0x2c</size>
         <input_file_ref idref="fl-14"/>
      </object_component>
      <object_component id="oc-3f8">
         <name>.text:_SlDrvProtectionObjLockWaitForever</name>
         <load_address>0x2000eaf8</load_address>
         <run_address>0x2000eaf8</run_address>
         <size>0x2c</size>
         <input_file_ref idref="fl-14"/>
      </object_component>
      <object_component id="oc-976">
         <name>.text:TimerLoadSet</name>
         <load_address>0x2000eb24</load_address>
         <run_address>0x2000eb24</run_address>
         <size>0x2a</size>
         <input_file_ref idref="fl-21"/>
      </object_component>
      <object_component id="oc-970">
         <name>.text:TimerPrescaleSet</name>
         <load_address>0x2000eb4e</load_address>
         <run_address>0x2000eb4e</run_address>
         <size>0x2a</size>
         <input_file_ref idref="fl-21"/>
      </object_component>
      <object_component id="oc-3a9">
         <name>.text:PRCMPeripheralClkDisable</name>
         <load_address>0x2000eb78</load_address>
         <run_address>0x2000eb78</run_address>
         <size>0x28</size>
         <input_file_ref idref="fl-1f"/>
      </object_component>
      <object_component id="oc-630">
         <name>.text:_SlDrvGlobalObjUnLock</name>
         <load_address>0x2000eba0</load_address>
         <run_address>0x2000eba0</run_address>
         <size>0x28</size>
         <input_file_ref idref="fl-14"/>
      </object_component>
      <object_component id="oc-3fe">
         <name>.text:_SlDrvProtectionObjUnLock</name>
         <load_address>0x2000ebc8</load_address>
         <run_address>0x2000ebc8</run_address>
         <size>0x28</size>
         <input_file_ref idref="fl-14"/>
      </object_component>
      <object_component id="oc-404">
         <name>.text:_SlDrvSyncObjWaitForever</name>
         <load_address>0x2000ebf0</load_address>
         <run_address>0x2000ebf0</run_address>
         <size>0x28</size>
         <input_file_ref idref="fl-14"/>
      </object_component>
      <object_component id="oc-570">
         <name>.text:free_list_insert</name>
         <load_address>0x2000ec18</load_address>
         <run_address>0x2000ec18</run_address>
         <size>0x28</size>
         <input_file_ref idref="fl-ea"/>
      </object_component>
      <object_component id="oc-270">
         <name>.text:memmove</name>
         <load_address>0x2000ec40</load_address>
         <run_address>0x2000ec40</run_address>
         <size>0x28</size>
         <input_file_ref idref="fl-e9"/>
      </object_component>
      <object_component id="oc-748">
         <name>.text:_SlDrvObjLockWaitForever</name>
         <load_address>0x2000ec68</load_address>
         <run_address>0x2000ec68</run_address>
         <size>0x26</size>
         <input_file_ref idref="fl-14"/>
      </object_component>
      <object_component id="oc-a22">
         <name>.text</name>
         <load_address>0x2000ec8e</load_address>
         <run_address>0x2000ec8e</run_address>
         <size>0x26</size>
         <input_file_ref idref="fl-7"/>
      </object_component>
      <object_component id="oc-5c2">
         <name>.text:DmaSpiSwIntHandler</name>
         <load_address>0x2000ecb4</load_address>
         <run_address>0x2000ecb4</run_address>
         <size>0x24</size>
         <input_file_ref idref="fl-1a"/>
      </object_component>
      <object_component id="oc-5dd">
         <name>.text:IntUnregister</name>
         <load_address>0x2000ecd8</load_address>
         <run_address>0x2000ecd8</run_address>
         <size>0x24</size>
         <input_file_ref idref="fl-1d"/>
      </object_component>
      <object_component id="oc-538">
         <name>.text:UARTEnable</name>
         <load_address>0x2000ecfc</load_address>
         <run_address>0x2000ecfc</run_address>
         <size>0x24</size>
         <input_file_ref idref="fl-22"/>
      </object_component>
      <object_component id="oc-5b">
         <name>.text:_c_int00_noargs:_c_int00_noargs</name>
         <load_address>0x2000ed20</load_address>
         <run_address>0x2000ed20</run_address>
         <size>0x24</size>
         <input_file_ref idref="fl-ef"/>
      </object_component>
      <object_component id="oc-1ab">
         <name>.text:srand</name>
         <load_address>0x2000ed44</load_address>
         <run_address>0x2000ed44</run_address>
         <size>0x24</size>
         <input_file_ref idref="fl-eb"/>
      </object_component>
      <object_component id="oc-46c">
         <name>.text:I2CMasterSlaveAddrSet</name>
         <load_address>0x2000ed68</load_address>
         <run_address>0x2000ed68</run_address>
         <size>0x22</size>
         <input_file_ref idref="fl-1c"/>
      </object_component>
      <object_component id="oc-1b7">
         <name>.text:SPIReset</name>
         <load_address>0x2000ed8a</load_address>
         <run_address>0x2000ed8a</run_address>
         <size>0x22</size>
         <input_file_ref idref="fl-20"/>
      </object_component>
      <object_component id="oc-8c6">
         <name>.text:SPIWordCountSet</name>
         <load_address>0x2000edac</load_address>
         <run_address>0x2000edac</run_address>
         <size>0x22</size>
         <input_file_ref idref="fl-20"/>
      </object_component>
      <object_component id="oc-3da">
         <name>.text:GPIOPinWrite</name>
         <load_address>0x2000edce</load_address>
         <run_address>0x2000edce</run_address>
         <size>0x20</size>
         <input_file_ref idref="fl-1b"/>
      </object_component>
      <object_component id="oc-5b0">
         <name>.text:IntRegister</name>
         <load_address>0x2000edf0</load_address>
         <run_address>0x2000edf0</run_address>
         <size>0x20</size>
         <input_file_ref idref="fl-1d"/>
      </object_component>
      <object_component id="oc-328">
         <name>.text:NwpPrePowerOffTimout0</name>
         <load_address>0x2000ee10</load_address>
         <run_address>0x2000ee10</run_address>
         <size>0x20</size>
         <input_file_ref idref="fl-1a"/>
      </object_component>
      <object_component id="oc-4a6">
         <name>.text:SPIDataGet</name>
         <load_address>0x2000ee30</load_address>
         <run_address>0x2000ee30</run_address>
         <size>0x20</size>
         <input_file_ref idref="fl-20"/>
      </object_component>
      <object_component id="oc-88d">
         <name>.text:TimerGetCurrentTimestamp</name>
         <load_address>0x2000ee50</load_address>
         <run_address>0x2000ee50</run_address>
         <size>0x20</size>
         <input_file_ref idref="fl-1a"/>
      </object_component>
      <object_component id="oc-74e">
         <name>.text:_SlDrvObjUnLock</name>
         <load_address>0x2000ee70</load_address>
         <run_address>0x2000ee70</run_address>
         <size>0x20</size>
         <input_file_ref idref="fl-14"/>
      </object_component>
      <object_component id="oc-5fe">
         <name>.text:_SlDrvSyncObjSignal</name>
         <load_address>0x2000ee90</load_address>
         <run_address>0x2000ee90</run_address>
         <size>0x20</size>
         <input_file_ref idref="fl-14"/>
      </object_component>
      <object_component id="oc-3c8">
         <name>.text:GPIOIntRegister</name>
         <load_address>0x2000eeb0</load_address>
         <run_address>0x2000eeb0</run_address>
         <size>0x1e</size>
         <input_file_ref idref="fl-1b"/>
      </object_component>
      <object_component id="oc-44e">
         <name>.text:I2CMasterIntStatusEx</name>
         <load_address>0x2000eece</load_address>
         <run_address>0x2000eece</run_address>
         <size>0x1e</size>
         <input_file_ref idref="fl-1c"/>
      </object_component>
      <object_component id="oc-4a0">
         <name>.text:SPIDataPut</name>
         <load_address>0x2000eeec</load_address>
         <run_address>0x2000eeec</run_address>
         <size>0x1e</size>
         <input_file_ref idref="fl-20"/>
      </object_component>
      <object_component id="oc-97c">
         <name>.text:TimerEnable</name>
         <load_address>0x2000ef0a</load_address>
         <run_address>0x2000ef0a</run_address>
         <size>0x1e</size>
         <input_file_ref idref="fl-21"/>
      </object_component>
      <object_component id="oc-258">
         <name>.text:UARTCharPut</name>
         <load_address>0x2000ef28</load_address>
         <run_address>0x2000ef28</run_address>
         <size>0x1e</size>
         <input_file_ref idref="fl-22"/>
      </object_component>
      <object_component id="oc-59e">
         <name>.text:cc_UDMAChannelSelect</name>
         <load_address>0x2000ef46</load_address>
         <run_address>0x2000ef46</run_address>
         <size>0x1e</size>
         <input_file_ref idref="fl-1a"/>
      </object_component>
      <object_component id="oc-4d4">
         <name>.text:PinTypeI2C</name>
         <load_address>0x2000ef64</load_address>
         <run_address>0x2000ef64</run_address>
         <size>0x1c</size>
         <input_file_ref idref="fl-1e"/>
      </object_component>
      <object_component id="oc-914">
         <name>.text:TimerValueGet</name>
         <load_address>0x2000ef80</load_address>
         <run_address>0x2000ef80</run_address>
         <size>0x1c</size>
         <input_file_ref idref="fl-21"/>
      </object_component>
      <object_component id="oc-26a">
         <name>.text:UARTCharGetNonBlocking</name>
         <load_address>0x2000ef9c</load_address>
         <run_address>0x2000ef9c</run_address>
         <size>0x1c</size>
         <input_file_ref idref="fl-22"/>
      </object_component>
      <object_component id="oc-783">
         <name>.text:_SlDrvStartMeasureTimeout</name>
         <load_address>0x2000efb8</load_address>
         <run_address>0x2000efb8</run_address>
         <size>0x1c</size>
         <input_file_ref idref="fl-14"/>
      </object_component>
      <object_component id="oc-49">
         <name>.text:decompress:ZI:__TI_zero_init_nomemset:__TI_zero_init_nomemset</name>
         <load_address>0x2000efd4</load_address>
         <run_address>0x2000efd4</run_address>
         <size>0x1c</size>
         <input_file_ref idref="fl-e6"/>
      </object_component>
      <object_component id="oc-563">
         <name>.text:free_list_remove</name>
         <load_address>0x2000eff0</load_address>
         <run_address>0x2000eff0</run_address>
         <size>0x1c</size>
         <input_file_ref idref="fl-ea"/>
      </object_component>
      <object_component id="oc-726">
         <name>.text:memccpy</name>
         <load_address>0x2000f00c</load_address>
         <run_address>0x2000f00c</run_address>
         <size>0x1c</size>
         <input_file_ref idref="fl-fd"/>
      </object_component>
      <object_component id="oc-9ea">
         <name>.text:uDMAChannelEnable</name>
         <load_address>0x2000f028</load_address>
         <run_address>0x2000f028</run_address>
         <size>0x1c</size>
         <input_file_ref idref="fl-23"/>
      </object_component>
      <object_component id="oc-3d4">
         <name>.text:GPIOIntEnable</name>
         <load_address>0x2000f044</load_address>
         <run_address>0x2000f044</run_address>
         <size>0x1a</size>
         <input_file_ref idref="fl-1b"/>
      </object_component>
      <object_component id="oc-4c8">
         <name>.text:PinTypeSPI</name>
         <load_address>0x2000f05e</load_address>
         <run_address>0x2000f05e</run_address>
         <size>0x1a</size>
         <input_file_ref idref="fl-1e"/>
      </object_component>
      <object_component id="oc-4ce">
         <name>.text:PinTypeUART</name>
         <load_address>0x2000f078</load_address>
         <run_address>0x2000f078</run_address>
         <size>0x1a</size>
         <input_file_ref idref="fl-1e"/>
      </object_component>
      <object_component id="oc-654">
         <name>.text:SPIDmaDisable</name>
         <load_address>0x2000f092</load_address>
         <run_address>0x2000f092</run_address>
         <size>0x1a</size>
         <input_file_ref idref="fl-20"/>
      </object_component>
      <object_component id="oc-5a4">
         <name>.text:SPIDmaEnable</name>
         <load_address>0x2000f0ac</load_address>
         <run_address>0x2000f0ac</run_address>
         <size>0x1a</size>
         <input_file_ref idref="fl-20"/>
      </object_component>
      <object_component id="oc-64e">
         <name>.text:SPIFIFODisable</name>
         <load_address>0x2000f0c6</load_address>
         <run_address>0x2000f0c6</run_address>
         <size>0x1a</size>
         <input_file_ref idref="fl-20"/>
      </object_component>
      <object_component id="oc-1bd">
         <name>.text:SPIFIFOEnable</name>
         <load_address>0x2000f0e0</load_address>
         <run_address>0x2000f0e0</run_address>
         <size>0x1a</size>
         <input_file_ref idref="fl-20"/>
      </object_component>
      <object_component id="oc-648">
         <name>.text:SPIIntUnregister</name>
         <load_address>0x2000f0fa</load_address>
         <run_address>0x2000f0fa</run_address>
         <size>0x1a</size>
         <input_file_ref idref="fl-20"/>
      </object_component>
      <object_component id="oc-1d5">
         <name>.text:GPIOPinRead</name>
         <load_address>0x2000f114</load_address>
         <run_address>0x2000f114</run_address>
         <size>0x18</size>
         <input_file_ref idref="fl-1b"/>
      </object_component>
      <object_component id="oc-484">
         <name>.text:I2CMasterIntEnableEx</name>
         <load_address>0x2000f12c</load_address>
         <run_address>0x2000f12c</run_address>
         <size>0x18</size>
         <input_file_ref idref="fl-1c"/>
      </object_component>
      <object_component id="oc-4ac">
         <name>.text:SPICSDisable</name>
         <load_address>0x2000f144</load_address>
         <run_address>0x2000f144</run_address>
         <size>0x18</size>
         <input_file_ref idref="fl-20"/>
      </object_component>
      <object_component id="oc-49a">
         <name>.text:SPICSEnable</name>
         <load_address>0x2000f15c</load_address>
         <run_address>0x2000f15c</run_address>
         <size>0x18</size>
         <input_file_ref idref="fl-20"/>
      </object_component>
      <object_component id="oc-592">
         <name>.text:SPIDisable</name>
         <load_address>0x2000f174</load_address>
         <run_address>0x2000f174</run_address>
         <size>0x18</size>
         <input_file_ref idref="fl-20"/>
      </object_component>
      <object_component id="oc-1cf">
         <name>.text:SPIEnable</name>
         <load_address>0x2000f18c</load_address>
         <run_address>0x2000f18c</run_address>
         <size>0x18</size>
         <input_file_ref idref="fl-20"/>
      </object_component>
      <object_component id="oc-264">
         <name>.text:UARTCharsAvail</name>
         <load_address>0x2000f1a4</load_address>
         <run_address>0x2000f1a4</run_address>
         <size>0x18</size>
         <input_file_ref idref="fl-22"/>
      </object_component>
      <object_component id="oc-581">
         <name>.text:_SlNonOsSemSet</name>
         <load_address>0x2000f1bc</load_address>
         <run_address>0x2000f1bc</run_address>
         <size>0x18</size>
         <input_file_ref idref="fl-17"/>
      </object_component>
      <object_component id="oc-546">
         <name>.text:_outc</name>
         <load_address>0x2000f1d4</load_address>
         <run_address>0x2000f1d4</run_address>
         <size>0x18</size>
         <input_file_ref idref="fl-de"/>
      </object_component>
      <object_component id="oc-4e7">
         <name>.text:_outs</name>
         <load_address>0x2000f1ec</load_address>
         <run_address>0x2000f1ec</run_address>
         <size>0x18</size>
         <input_file_ref idref="fl-dd"/>
      </object_component>
      <object_component id="oc-2f5">
         <name>.text:_sl_GetStartResponseConvert</name>
         <load_address>0x2000f204</load_address>
         <run_address>0x2000f204</run_address>
         <size>0x18</size>
         <input_file_ref idref="fl-13"/>
      </object_component>
      <object_component id="oc-472">
         <name>.text:I2CMasterDataPut</name>
         <load_address>0x2000f21c</load_address>
         <run_address>0x2000f21c</run_address>
         <size>0x16</size>
         <input_file_ref idref="fl-1c"/>
      </object_component>
      <object_component id="oc-47e">
         <name>.text:I2CMasterEnable</name>
         <load_address>0x2000f232</load_address>
         <run_address>0x2000f232</run_address>
         <size>0x16</size>
         <input_file_ref idref="fl-1c"/>
      </object_component>
      <object_component id="oc-391">
         <name>.text:PRCMHIBRegRead</name>
         <load_address>0x2000f248</load_address>
         <run_address>0x2000f248</run_address>
         <size>0x16</size>
         <input_file_ref idref="fl-1f"/>
      </object_component>
      <object_component id="oc-397">
         <name>.text:PRCMHIBRegWrite</name>
         <load_address>0x2000f25e</load_address>
         <run_address>0x2000f25e</run_address>
         <size>0x16</size>
         <input_file_ref idref="fl-1f"/>
      </object_component>
      <object_component id="oc-3b2">
         <name>.text:_SlDrvMemZero</name>
         <load_address>0x2000f274</load_address>
         <run_address>0x2000f274</run_address>
         <size>0x16</size>
         <input_file_ref idref="fl-14"/>
      </object_component>
      <object_component id="oc-85f">
         <name>.text:strchr</name>
         <load_address>0x2000f28a</load_address>
         <run_address>0x2000f28a</run_address>
         <size>0x16</size>
         <input_file_ref idref="fl-fe"/>
      </object_component>
      <object_component id="oc-380">
         <name>.text:CPUcpsie</name>
         <load_address>0x2000f2a0</load_address>
         <run_address>0x2000f2a0</run_address>
         <size>0x14</size>
         <input_file_ref idref="fl-25"/>
      </object_component>
      <object_component id="oc-3ce">
         <name>.text:GPIOIntClear</name>
         <load_address>0x2000f2b4</load_address>
         <run_address>0x2000f2b4</run_address>
         <size>0x14</size>
         <input_file_ref idref="fl-1b"/>
      </object_component>
      <object_component id="oc-121">
         <name>.text:IntVTableBaseSet</name>
         <load_address>0x2000f2c8</load_address>
         <run_address>0x2000f2c8</run_address>
         <size>0x14</size>
         <input_file_ref idref="fl-1d"/>
      </object_component>
      <object_component id="oc-1e2">
         <name>.text:strcpy</name>
         <load_address>0x2000f2dc</load_address>
         <run_address>0x2000f2dc</run_address>
         <size>0x14</size>
         <input_file_ref idref="fl-ec"/>
      </object_component>
      <object_component id="oc-139">
         <name>.text:strlen</name>
         <load_address>0x2000f2f0</load_address>
         <run_address>0x2000f2f0</run_address>
         <size>0x14</size>
         <input_file_ref idref="fl-ed"/>
      </object_component>
      <object_component id="oc-460">
         <name>.text:I2CMasterControl</name>
         <load_address>0x2000f304</load_address>
         <run_address>0x2000f304</run_address>
         <size>0x12</size>
         <input_file_ref idref="fl-1c"/>
      </object_component>
      <object_component id="oc-454">
         <name>.text:I2CMasterIntClearEx</name>
         <load_address>0x2000f316</load_address>
         <run_address>0x2000f316</run_address>
         <size>0x12</size>
         <input_file_ref idref="fl-1c"/>
      </object_component>
      <object_component id="oc-45a">
         <name>.text:I2CMasterTimeoutSet</name>
         <load_address>0x2000f328</load_address>
         <run_address>0x2000f328</run_address>
         <size>0x12</size>
         <input_file_ref idref="fl-1c"/>
      </object_component>
      <object_component id="oc-72c">
         <name>.text:wcslen</name>
         <load_address>0x2000f33a</load_address>
         <run_address>0x2000f33a</run_address>
         <size>0x12</size>
         <input_file_ref idref="fl-102"/>
      </object_component>
      <object_component id="oc-9a8">
         <name>.text:_SlDrvDispatchHttpServerEvents</name>
[...]
      </symbol>
      <symbol id="sm-dae">
         <name>IntRegister</name>
         <value>0x2000edf1</value>
         <object_component_ref idref="oc-5b0"/>
      </symbol>
      <symbol id="sm-daf">
         <name>IntUnregister</name>
         <value>0x2000ecd9</value>
         <object_component_ref idref="oc-5dd"/>
      </symbol>
      <symbol id="sm-db0">
         <name>IntMasterEnable</name>
         <value>0x2000f3b9</value>
         <object_component_ref idref="oc-127"/>
      </symbol>
      <symbol id="sm-df7">
         <name>PinTypeI2C</name>
         <value>0x2000ef65</value>
         <object_component_ref idref="oc-4d4"/>
      </symbol>
      <symbol id="sm-df8">
         <name>PinTypeUART</name>
         <value>0x2000f079</value>
         <object_component_ref idref="oc-4ce"/>
      </symbol>
      <symbol id="sm-df9">
         <name>PinTypeGPIO</name>
         <value>0x2000e9b5</value>
         <object_component_ref idref="oc-4bc"/>
      </symbol>
      <symbol id="sm-dfa">
         <name>PinConfigSet</name>
         <value>0x2000d0c1</value>
         <object_component_ref idref="oc-6f2"/>
      </symbol>
      <symbol id="sm-dfb">
         <name>PinTypeSPI</name>
         <value>0x2000f05f</value>
         <object_component_ref idref="oc-4c8"/>
      </symbol>
      <symbol id="sm-dfc">
         <name>PinModeSet</name>
         <value>0x2000e515</value>
         <object_component_ref idref="oc-4b6"/>
      </symbol>
      <symbol id="sm-e8f">
         <name>PRCMPeripheralReset</name>
         <value>0x2000ddad</value>
         <object_component_ref idref="oc-3a3"/>
      </symbol>
      <symbol id="sm-e90">
         <name>PRCMPeripheralClkEnable</name>
         <value>0x2000e74d</value>
         <object_component_ref idref="oc-39d"/>
      </symbol>
      <symbol id="sm-e91">
         <name>PRCMPeripheralClockGet</name>
         <value>0x2000cbc1</value>
         <object_component_ref idref="oc-1c3"/>
      </symbol>
      <symbol id="sm-e92">
         <name>PRCMCC3200MCUInit</name>
         <value>0x2000a1c9</value>
         <object_component_ref idref="oc-133"/>
      </symbol>
      <symbol id="sm-e93">
         <name>PRCMHIBRegWrite</name>
         <value>0x2000f25f</value>
         <object_component_ref idref="oc-397"/>
      </symbol>
      <symbol id="sm-e94">
         <name>PRCMSysResetCauseGet</name>
         <value>0x2000eaa1</value>
         <object_component_ref idref="oc-38b"/>
      </symbol>
      <symbol id="sm-e95">
         <name>PRCMPeripheralStatusGet</name>
         <value>0x2000e919</value>
         <object_component_ref idref="oc-598"/>
      </symbol>
      <symbol id="sm-e96">
         <name>PRCMPeripheralClkDisable</name>
         <value>0x2000eb79</value>
         <object_component_ref idref="oc-3a9"/>
      </symbol>
      <symbol id="sm-e97">
         <name>PRCMHIBRegRead</name>
         <value>0x2000f249</value>
         <object_component_ref idref="oc-391"/>
      </symbol>
      <symbol id="sm-f64">
         <name>SPIFIFODisable</name>
         <value>0x2000f0c7</value>
         <object_component_ref idref="oc-64e"/>
      </symbol>
      <symbol id="sm-f65">
         <name>SPICSEnable</name>
         <value>0x2000f15d</value>
         <object_component_ref idref="oc-49a"/>
      </symbol>
      <symbol id="sm-f66">
         <name>SPIDisable</name>
         <value>0x2000f175</value>
         <object_component_ref idref="oc-592"/>
      </symbol>
      <symbol id="sm-f67">
         <name>SPIFIFOEnable</name>
         <value>0x2000f0e1</value>
         <object_component_ref idref="oc-1bd"/>
      </symbol>
      <symbol id="sm-f68">
         <name>SPIWordCountSet</name>
         <value>0x2000edad</value>
         <object_component_ref idref="oc-8c6"/>
      </symbol>
      <symbol id="sm-f69">
         <name>SPIDataPut</name>
         <value>0x2000eeed</value>
         <object_component_ref idref="oc-4a0"/>
      </symbol>
      <symbol id="sm-f6a">
         <name>SPIEnable</name>
         <value>0x2000f18d</value>
         <object_component_ref idref="oc-1cf"/>
      </symbol>
      <symbol id="sm-f6b">
         <name>SPIDataGet</name>
         <value>0x2000ee31</value>
         <object_component_ref idref="oc-4a6"/>
      </symbol>
      <symbol id="sm-f6c">
         <name>SPIDmaEnable</name>
         <value>0x2000f0ad</value>
         <object_component_ref idref="oc-5a4"/>
      </symbol>
      <symbol id="sm-f6d">
         <name>SPIConfigSetExpClk</name>
         <value>0x2000c5b9</value>
         <object_component_ref idref="oc-1c9"/>
      </symbol>
      <symbol id="sm-f6e">
         <name>SPIIntUnregister</name>
         <value>0x2000f0fb</value>
         <object_component_ref idref="oc-648"/>
      </symbol>
      <symbol id="sm-f6f">
         <name>SPIFIFOLevelSet</name>
         <value>0x2000e94d</value>
         <object_component_ref idref="oc-5aa"/>
      </symbol>
      <symbol id="sm-f70">
         <name>SPIDmaDisable</name>
         <value>0x2000f093</value>
         <object_component_ref idref="oc-654"/>
      </symbol>
      <symbol id="sm-f71">
         <name>SPIReset</name>
         <value>0x2000ed8b</value>
         <object_component_ref idref="oc-1b7"/>
      </symbol>
      <symbol id="sm-f72">
         <name>SPIIntEnable</name>
         <value>0x2000e051</value>
         <object_component_ref idref="oc-5b6"/>
      </symbol>
      <symbol id="sm-f73">
         <name>SPIIntClear</name>
         <value>0x2000e261</value>
         <object_component_ref idref="oc-7b7"/>
      </symbol>
      <symbol id="sm-f74">
         <name>SPICSDisable</name>
         <value>0x2000f145</value>
         <object_component_ref idref="oc-4ac"/>
      </symbol>
      <symbol id="sm-fa7">
         <name>TimerLoadSet</name>
         <value>0x2000eb25</value>
         <object_component_ref idref="oc-976"/>
      </symbol>
      <symbol id="sm-fa8">
         <name>TimerEnable</name>
         <value>0x2000ef0b</value>
         <object_component_ref idref="oc-97c"/>
      </symbol>
      <symbol id="sm-fa9">
         <name>TimerValueGet</name>
         <value>0x2000ef81</value>
         <object_component_ref idref="oc-914"/>
      </symbol>
      <symbol id="sm-faa">
         <name>TimerPrescaleSet</name>
         <value>0x2000eb4f</value>
         <object_component_ref idref="oc-970"/>
      </symbol>
      <symbol id="sm-fab">
         <name>TimerConfigure</name>
         <value>0x2000e37d</value>
         <object_component_ref idref="oc-96a"/>
      </symbol>
      <symbol id="sm-fe7">
         <name>UARTConfigSetExpClk</name>
         <value>0x2000d6d9</value>
         <object_component_ref idref="oc-252"/>
      </symbol>
      <symbol id="sm-fe8">
         <name>UARTDisable</name>
         <value>0x2000e9e5</value>
         <object_component_ref idref="oc-532"/>
      </symbol>
      <symbol id="sm-fe9">
         <name>UARTCharsAvail</name>
         <value>0x2000f1a5</value>
         <object_component_ref idref="oc-264"/>
      </symbol>
      <symbol id="sm-fea">
         <name>UARTCharGetNonBlocking</name>
         <value>0x2000ef9d</value>
         <object_component_ref idref="oc-26a"/>
      </symbol>
      <symbol id="sm-feb">
         <name>UARTCharPut</name>
         <value>0x2000ef29</value>
         <object_component_ref idref="oc-258"/>
      </symbol>
      <symbol id="sm-fec">
         <name>UARTEnable</name>
         <value>0x2000ecfd</value>
         <object_component_ref idref="oc-538"/>
      </symbol>
      <symbol id="sm-1043">
         <name>uDMAChannelControlSet</name>
         <value>0x2000e801</value>
         <object_component_ref idref="oc-9d8"/>
      </symbol>
      <symbol id="sm-1044">
         <name>uDMAChannelAttributeEnable</name>
         <value>0x2000db75</value>
         <object_component_ref idref="oc-9de"/>
      </symbol>
      <symbol id="sm-1045">
         <name>uDMAChannelTransferSet</name>
         <value>0x2000b82d</value>
         <object_component_ref idref="oc-9e4"/>
      </symbol>
      <symbol id="sm-1046">
         <name>uDMAChannelAssign</name>
         <value>0x2000e1cd</value>
         <object_component_ref idref="oc-797"/>
      </symbol>
      <symbol id="sm-1047">
         <name>uDMAChannelAttributeDisable</name>
         <value>0x2000db11</value>
         <object_component_ref idref="oc-79d"/>
      </symbol>
      <symbol id="sm-1048">
         <name>uDMAChannelEnable</name>
         <value>0x2000f029</value>
         <object_component_ref idref="oc-9ea"/>
      </symbol>
      <symbol id="sm-104c">
         <name>UtilsDelay</name>
         <value>0x2000f3dd</value>
         <object_component_ref idref="oc-14b"/>
      </symbol>
      <symbol id="sm-1056">
         <name>CPUcpsie</name>
         <value>0x2000f2a1</value>
         <object_component_ref idref="oc-380"/>
      </symbol>
      <symbol id="sm-1083">
         <name>sqrtl</name>
         <value>0x2000a4b1</value>
         <object_component_ref idref="oc-181"/>
      </symbol>
      <symbol id="sm-1084">
         <name>sqrt</name>
         <value>0x2000a4b1</value>
         <object_component_ref idref="oc-181"/>
      </symbol>
      <symbol id="sm-10ab">
         <name>sprintf</name>
         <value>0x2000e615</value>
         <object_component_ref idref="oc-1dc"/>
      </symbol>
      <symbol id="sm-10d5">
         <name>vsnprintf</name>
         <value>0x2000e655</value>
         <object_component_ref idref="oc-25e"/>
      </symbol>
      <symbol id="sm-10ec">
         <name>__aeabi_dsub</name>
         <value>0x200099a5</value>
         <object_component_ref idref="oc-433"/>
      </symbol>
      <symbol id="sm-10ed">
         <name>__aeabi_dadd</name>
         <value>0x200099af</value>
         <object_component_ref idref="oc-433"/>
      </symbol>
      <symbol id="sm-10f8">
         <name>__aeabi_dmul</name>
         <value>0x2000b461</value>
         <object_component_ref idref="oc-42e"/>
      </symbol>
      <symbol id="sm-1102">
         <name>__aeabi_d2iz</name>
         <value>0x2000e2f1</value>
         <object_component_ref idref="oc-187"/>
      </symbol>
      <symbol id="sm-110c">
         <name>__aeabi_i2d</name>
         <value>0x2000ea45</value>
         <object_component_ref idref="oc-17c"/>
      </symbol>
      <symbol id="sm-1127">
         <name>memcpy</name>
         <value>0x2000c6f9</value>
         <object_component_ref idref="oc-3d"/>
      </symbol>
      <symbol id="sm-1128">
         <name>__aeabi_memcpy</name>
         <value>0x2000c6f9</value>
         <object_component_ref idref="oc-3d"/>
      </symbol>
      <symbol id="sm-1129">
         <name>__aeabi_memcpy8</name>
         <value>0x2000c6f9</value>
         <object_component_ref idref="oc-3d"/>
      </symbol>
      <symbol id="sm-112a">
         <name>__aeabi_memcpy4</name>
         <value>0x2000c6f9</value>
         <object_component_ref idref="oc-3d"/>
      </symbol>
      <symbol id="sm-1139">
         <name>__aeabi_memset</name>
         <value>0x2000d5e7</value>
         <object_component_ref idref="oc-8b"/>
      </symbol>
      <symbol id="sm-113a">
         <name>memset</name>
         <value>0x2000d5ed</value>
         <object_component_ref idref="oc-8b"/>
      </symbol>
      <symbol id="sm-113b">
         <name>__aeabi_memset8</name>
         <value>0x2000d5e7</value>
         <object_component_ref idref="oc-8b"/>
      </symbol>
      <symbol id="sm-113c">
         <name>__aeabi_memset4</name>
         <value>0x2000d5e7</value>
         <object_component_ref idref="oc-8b"/>
      </symbol>
      <symbol id="sm-113d">
         <name>__aeabi_memclr8</name>
         <value>0x2000d5e5</value>
         <object_component_ref idref="oc-8b"/>
      </symbol>
      <symbol id="sm-113e">
         <name>__aeabi_memclr4</name>
         <value>0x2000d5e5</value>
         <object_component_ref idref="oc-8b"/>
      </symbol>
      <symbol id="sm-113f">
         <name>__aeabi_memclr</name>
         <value>0x2000d5e5</value>
         <object_component_ref idref="oc-8b"/>
      </symbol>
      <symbol id="sm-114c">
         <name>__aeabi_uldivmod</name>
         <value>0x2000cb29</value>
         <object_component_ref idref="oc-821"/>
      </symbol>
      <symbol id="sm-1160">
         <name>__TI_zero_init_nomemset</name>
         <value>0x2000efd5</value>
         <object_component_ref idref="oc-49"/>
      </symbol>
      <symbol id="sm-1177">
         <name>__TI_decompress_none</name>
         <value>0x2000f379</value>
         <object_component_ref idref="oc-1b"/>
      </symbol>
      <symbol id="sm-119a">
         <name>__TI_decompress_lzss</name>
         <value>0x2000d97d</value>
         <object_component_ref idref="oc-15"/>
      </symbol>
      <symbol id="sm-11ab">
         <name>memmove</name>
         <value>0x2000ec41</value>
         <object_component_ref idref="oc-270"/>
      </symbol>
      <symbol id="sm-1249">
         <name>_sys_memory</name>
         <value>0x20017000</value>
         <object_component_ref idref="oc-23"/>
      </symbol>
      <symbol id="sm-124a">
         <name>free</name>
         <value>0x2000baed</value>
         <object_component_ref idref="oc-282"/>
      </symbol>
      <symbol id="sm-124b">
         <name>realloc</name>
         <value>0x2000bbd1</value>
         <object_component_ref idref="oc-27c"/>
      </symbol>
      <symbol id="sm-124c">
         <name>memalign</name>
         <value>0x2000b255</value>
         <object_component_ref idref="oc-55c"/>
      </symbol>
      <symbol id="sm-124d">
         <name>malloc</name>
         <value>0x2000f3d5</value>
         <object_component_ref idref="oc-276"/>
      </symbol>
      <symbol id="sm-124e">
         <name>aligned_alloc</name>
         <value>0x2000b255</value>
         <object_component_ref idref="oc-55c"/>
      </symbol>
      <symbol id="sm-1273">
         <name>rand</name>
         <value>0x2000e981</value>
         <object_component_ref idref="oc-19f"/>
      </symbol>
      <symbol id="sm-1274">
         <name>srand</name>
         <value>0x2000ed45</value>
         <object_component_ref idref="oc-1ab"/>
      </symbol>
      <symbol id="sm-1282">
         <name>strcpy</name>
         <value>0x2000f2dd</value>
         <object_component_ref idref="oc-1e2"/>
      </symbol>
      <symbol id="sm-1290">
         <name>strlen</name>
         <value>0x2000f2f1</value>
         <object_component_ref idref="oc-139"/>
      </symbol>
      <symbol id="sm-12a6">
         <name>__aeabi_errno_addr</name>
         <value>0x2000f3cd</value>
         <object_component_ref idref="oc-438"/>
      </symbol>
      <symbol id="sm-12a7">
         <name>errno</name>
         <value>0x20017acc</value>
         <object_component_ref idref="oc-6b0"/>
      </symbol>
      <symbol id="sm-12b9">
         <name>__stack</name>
         <value>0x2002f800</value>
         <object_component_ref idref="oc-26"/>
      </symbol>
      <symbol id="sm-12ba">
         <name>_c_int00_noargs</name>
         <value>0x2000ed21</value>
         <object_component_ref idref="oc-5b"/>
      </symbol>
      <symbol id="sm-141f">
         <name>__TI_printfi</name>
         <value>0x200068c1</value>
         <object_component_ref idref="oc-4e1"/>
      </symbol>
      <symbol id="sm-1429">
         <name>__aeabi_idiv0</name>
         <value>0x2000ad9f</value>
         <object_component_ref idref="oc-8e1"/>
      </symbol>
      <symbol id="sm-142a">
         <name>__aeabi_ldiv0</name>
         <value>0x2000ad9f</value>
         <object_component_ref idref="oc-8e1"/>
      </symbol>
      <symbol id="sm-144c">
         <name>__aeabi_cdcmpeq</name>
         <value>0x2000d149</value>
         <object_component_ref idref="oc-709"/>
      </symbol>
      <symbol id="sm-144d">
         <name>__aeabi_cdcmple</name>
         <value>0x2000d149</value>
         <object_component_ref idref="oc-709"/>
      </symbol>
      <symbol id="sm-144e">
         <name>__aeabi_cdrcmple</name>
         <value>0x2000d1cf</value>
         <object_component_ref idref="oc-82d"/>
      </symbol>
      <symbol id="sm-1462">
         <name>__aeabi_ddiv</name>
         <value>0x2000ac69</value>
         <object_component_ref idref="oc-828"/>
      </symbol>
      <symbol id="sm-148a">
         <name>__TI_auto_init_nobinit_nopinit</name>
         <value>0x2000e449</value>
         <object_component_ref idref="oc-220"/>
      </symbol>
      <symbol id="sm-1494">
         <name>_system_pre_init</name>
         <value>0x2000f3e3</value>
         <object_component_ref idref="oc-91"/>
      </symbol>
      <symbol id="sm-14a0">
         <name>C$$EXIT</name>
         <value>0x2000f3e7</value>
         <object_component_ref idref="oc-214"/>
      </symbol>
      <symbol id="sm-14a1">
         <name>abort</name>
         <value>0x2000f3e7</value>
         <object_component_ref idref="oc-214"/>
      </symbol>
      <symbol id="sm-14b6">
         <name>_nop</name>
         <value>0x20009b5b</value>
         <object_component_ref idref="oc-6d9"/>
      </symbol>
      <symbol id="sm-14b7">
         <name>_lock</name>
         <value>0x20017abc</value>
         <object_component_ref idref="oc-493"/>
      </symbol>
      <symbol id="sm-14b8">
         <name>_unlock</name>
         <value>0x20017ac0</value>
         <object_component_ref idref="oc-493"/>
      </symbol>
      <symbol id="sm-14c7">
         <name>__TI_ltoa</name>
         <value>0x2000df05</value>
         <object_component_ref idref="oc-832"/>
      </symbol>
      <symbol id="sm-14de">
         <name>atoi</name>
         <value>0x2000e181</value>
         <object_component_ref idref="oc-6fd"/>
      </symbol>
      <symbol id="sm-14e9">
         <name>_ctypes_</name>
         <value>0x2000f8e7</value>
         <object_component_ref idref="oc-81c"/>
      </symbol>
      <symbol id="sm-14f9">
         <name>memccpy</name>
         <value>0x2000f00d</value>
         <object_component_ref idref="oc-726"/>
      </symbol>
      <symbol id="sm-1509">
         <name>strchr</name>
         <value>0x2000f28b</value>
         <object_component_ref idref="oc-85f"/>
      </symbol>
      <symbol id="sm-1529">
         <name>frexpl</name>
         <value>0x2000dcf9</value>
         <object_component_ref idref="oc-853"/>
      </symbol>
      <symbol id="sm-152a">
         <name>frexp</name>
         <value>0x2000dcf9</value>
         <object_component_ref idref="oc-853"/>
      </symbol>
      <symbol id="sm-1548">
         <name>scalbn</name>
         <value>0x2000be75</value>
         <object_component_ref idref="oc-859"/>
      </symbol>
      <symbol id="sm-1549">
         <name>scalbnl</name>
         <value>0x2000be75</value>
         <object_component_ref idref="oc-859"/>
      </symbol>
      <symbol id="sm-154a">
         <name>ldexpl</name>
         <value>0x2000be75</value>
         <object_component_ref idref="oc-859"/>
      </symbol>
      <symbol id="sm-154b">
         <name>ldexp</name>
         <value>0x2000be75</value>
         <object_component_ref idref="oc-859"/>
      </symbol>
      <symbol id="sm-1555">
         <name>copysign</name>
         <value>0x2000f3ad</value>
         <object_component_ref idref="oc-8f6"/>
      </symbol>
      <symbol id="sm-1556">
         <name>copysignl</name>
         <value>0x2000f3ad</value>
         <object_component_ref idref="oc-8f6"/>
      </symbol>
      <symbol id="sm-156f">
         <name>wcslen</name>
         <value>0x2000f33b</value>
         <object_component_ref idref="oc-72c"/>
      </symbol>
      <symbol id="sm-1570">
         <name>__TI_static_base__</name>
         <value>0x2000fef8</value>
      </symbol>
      <symbol id="sm-1573">
         <name>__mpu_init</name>
         <value>0x0</value>
      </symbol>
      <symbol id="sm-1574">
         <name>_system_post_cinit</name>
         <value>0x0</value>
      </symbol>
   </symbol_table>
   <title>Link successful</title>
</link_info>
