******************************************************************************
                  TI ARM Linker PC v20.2.0                     
******************************************************************************
>> Linked Tue May 12 21:19:02 2020

OUTPUT FILE NAME:   <udp_socket.out>
ENTRY POINT SYMBOL: "_c_int00_noargs"  address: 2000c985


MEMORY CONFIGURATION

         name            origin    length      used     unused   attr    fill
----------------------  --------  ---------  --------  --------  ----  --------
  SRAM_CODE             20004000   00013000  0000955a  00009aa6  RW X
  SRAM_DATA             20017000   00019000  000012ba  00017d46  RW X


SEGMENT ALLOCATION MAP

run origin  load origin   length   init length attrs members
----------  ----------- ---------- ----------- ----- -------
20004000    20004000    00009560   00009560    r-x
  20004000    20004000    00000400   00000400    r-- .intvecs
  20004400    20004400    00008aee   00008aee    r-x .text
  2000cef0    2000cef0    00000614   00000614    r-- .const
  2000d508    2000d508    00000058   00000058    r-- .cinit
20017000    20017000    00000abc   00000000    rw-
  20017000    20017000    00000800   00000000    rw- .sysmem
  20017800    20017800    0000021a   00000000    rw- .bss
  20017a1c    20017a1c    000000a0   00000000    rw- .data
2002f800    2002f800    00000800   00000000    rw-
  2002f800    2002f800    00000800   00000000    rw- .stack


SECTION ALLOCATION MAP

 output                                  attributes/
section   page    origin      length       input sections
--------  ----  ----------  ----------   ----------------
.intvecs   0    20004000    00000400     
                  20004000    00000400     startup_ccs.obj (.intvecs)

.init_array 
*          0    20004000    00000000     UNINITIALIZED

.text      0    20004400    00008aee     
                  20004400    0000127c     main.obj (.text)
                  2000567c    00000a4e     rtsv7M4_T_le_eabi.lib : _printfi.c.obj (.text:__TI_printfi)
                  200060ca    00000002     driverlib.a : interrupt.obj (.text:IntDefaultHandler)
                  200060cc    00000590     simplelink.a : driver.obj (.text:_SlDrvMsgRead)
                  2000665c    00000398     gpio_if.obj (.text)
                  200069f4    00000280     simplelink.a : wlan.obj (.text:sl_WlanConnect)
                  20006c74    0000027c     uart_if.obj (.text)
                  20006ef0    00000268     rtsv7M4_T_le_eabi.lib : _printfi.c.obj (.text:_pconv_a)
                  20007158    00000248     simplelink.a : driver.obj (.text:_SlDrvRxHdrRead)
                  200073a0    000001e4                  : driver.obj (.text:_SlDrvDataReadOp)
                  20007584    000001d0                  : driver.obj (.text:_SlDrvReleasePoolObj)
                  20007754    000001cc     rtsv7M4_T_le_eabi.lib : _printfi.c.obj (.text:_pconv_g)
                  20007920    000001b6                           : fd_add_t2.asm.obj (.text)
                  20007ad6    00000002                           : _lock.c.obj (.text:_nop)
                  20007ad8    000001b4     simplelink.a : driver.obj (.text:_SlDrvDriverCBInit)
                  20007c8c    0000019c                  : driver.obj (.text:_SlDrvMsgWrite)
                  20007e28    00000190                  : driver.obj (.text:_SlDrvWaitForPoolObj)
                  20007fb8    0000018c                  : socket.obj (.text:sl_Connect)
                  20008144    00000178     driverlib.a : prcm.obj (.text:PRCMCC3200MCUInit)
                  200082bc    00000170     simplelink.a : driver.obj (.text:_SlFindAndSetActiveObj)
                  2000842c    00000150                  : driver.obj (.text:_SlDrvDataWriteOp)
                  2000857c    00000148                  : cc_pal.obj (.text:spi_Open)
                  200086c4    00000144                  : driver.obj (.text:_SlDrvMsgReadCmdCtx)
                  20008808    00000144                  : netapp.obj (.text:sl_NetAppDnsGetHostByName)
                  2000894c    0000013c     rtsv7M4_T_le_eabi.lib : _printfi.c.obj (.text:_pconv_e)
                  20008a88    00000136                           : fd_div_t2.asm.obj (.text)
                  20008bbe    00000002                           : div0.asm.obj (.text)
                  20008bc0    00000134     simplelink.a : socket.obj (.text:sl_Send)
                  20008cf4    00000130                  : driver.obj (.text:_SlDrvDriverCBDeinit)
                  20008e24    00000120     rtsv7M4_T_le_eabi.lib : _printfi.c.obj (.text:fcvt)
                  20008f44    00000108                           : memory.c.obj (.text:aligned_alloc)
                  2000904c    00000104     simplelink.a : netapp.obj (.text:_SlDrvNetAppEventHandler)
                  20009150    000000fc     rtsv7M4_T_le_eabi.lib : fd_mul_t2.asm.obj (.text)
                  2000924c    000000f0     simplelink.a : device.obj (.text:sl_Start)
                  2000933c    000000f0                  : device.obj (.text:sl_Stop)
                  2000942c    000000f0                  : cc_pal.obj (.text:spi_Read)
                  2000951c    000000f0     driverlib.a : udma.obj (.text:uDMAChannelTransferSet)
                  2000960c    000000e8     simplelink.a : driver.obj (.text:_SlAsyncEventGenericHandler)
                  200096f4    000000e8                  : driver.obj (.text:_SlDrvMsgReadSpawnCtx)
                  200097dc    000000e4     rtsv7M4_T_le_eabi.lib : memory.c.obj (.text:free)
                  200098c0    000000e4                           : memory.c.obj (.text:realloc)
                  200099a4    000000e4     simplelink.a : netapp.obj (.text:sl_NetAppMDNSRegisterUnregisterService)
                  20009a88    000000dc                  : driver.obj (.text:_SlDrvClassifyRxMsg)
                  20009b64    000000d0     rtsv7M4_T_le_eabi.lib : s_scalbn.c.obj (.text:scalbn)
                  20009c34    000000cc     simplelink.a : netapp.obj (.text:_sl_HandleAsync_DnsGetHostByService)
                  20009d00    000000cc                  : device.obj (.text:sl_DevGet)
                  20009dcc    000000c4                  : driver.obj (.text:_SlRemoveFromList)
                  20009e90    000000c0                  : driver.obj (.text:_SlDrvCmdOp)
                  20009f50    000000b1     rtsv7M4_T_le_eabi.lib : _printfi.c.obj (.text:_ltostr)
                  2000a001    00000003     --HOLE-- [fill = 0]
                  2000a004    000000b0     simplelink.a : nonos.obj (.text:_SlNonOsSemGet)
                  2000a0b4    000000a8     driverlib.a : interrupt.obj (.text:IntDisable)
                  2000a15c    000000a8                 : interrupt.obj (.text:IntEnable)
                  2000a204    000000a4     simplelink.a : driver.obj (.text:_SlDriverHandleError)
                  2000a2a8    000000a0     driverlib.a : spi.obj (.text:SPIConfigSetExpClk)
                  2000a348    000000a0     simplelink.a : socket.obj (.text:sl_Recv)
                  2000a3e8    0000009c     rtsv7M4_T_le_eabi.lib : memcpy_t2.asm.obj (.text)
                  2000a484    0000009a     simplelink.a : device.obj (.text:_SlDrvDeviceEventHandler)
                  2000a51e    00000002     --HOLE-- [fill = 0]
                  2000a520    00000098                  : device.obj (.text:sl_DevSet)
                  2000a5b8    00000098                  : netcfg.obj (.text:sl_NetCfgSet)
                  2000a650    00000098                  : socket.obj (.text:sl_SetSockOpt)
                  2000a6e8    00000098                  : wlan.obj (.text:sl_WlanSet)
                  2000a780    00000098                  : cc_pal.obj (.text:spi_Write)
                  2000a818    00000096     rtsv7M4_T_le_eabi.lib : ull_div_t2.asm.obj (.text)
                  2000a8ae    00000002     --HOLE-- [fill = 0]
                  2000a8b0    00000094     driverlib.a : prcm.obj (.text:PRCMPeripheralClockGet)
                  2000a944    00000090     simplelink.a : netapp.obj (.text:_sl_HandleAsync_DnsGetHostByName)
                  2000a9d4    00000090                  : netapp.obj (.text:_sl_HandleAsync_PingResponse)
                  2000aa64    00000090                  : wlan.obj (.text:sl_WlanPolicySet)
                  2000aaf4    0000008c                  : cc_pal.obj (.text:SetupDMAReceive)
                  2000ab80    0000008c                  : cc_pal.obj (.text:SetupDMASend)
                  2000ac0c    0000008c                  : driver.obj (.text:_SlDrvIsTimeoutExpired)
                  2000ac98    0000008c                  : device.obj (.text:_sl_HandleAsync_InitComplete)
                  2000ad24    0000008c                  : socket.obj (.text:sl_Socket)
                  2000adb0    00000088     driverlib.a : pin.obj (.text:PinConfigSet)
                  2000ae38    00000086     rtsv7M4_T_le_eabi.lib : fd_cmp_t2.asm.obj (.text:__aeabi_cdcmple)
                  2000aebe    00000086                           : fd_cmp_t2.asm.obj (.text:__aeabi_cdrcmple)
                  2000af44    00000084     simplelink.a : cc_pal.obj (.text:NwpPowerOnPreamble)
                  2000afc8    00000084                  : wlan.obj (.text:sl_WlanRxFilterSet)
                  2000b04c    00000082     driverlib.a : gpio.obj (.text:GPIOIntTypeSet)
                  2000b0ce    00000002     --HOLE-- [fill = 0]
                  2000b0d0    00000080     simplelink.a : socket.obj (.text:_sl_HandleAsync_Connect)
                  2000b150    00000080                  : cc_pal.obj (.text:spi_Read_CPU)
                  2000b1d0    00000080                  : cc_pal.obj (.text:spi_Write_CPU)
                  2000b250    0000007a     rtsv7M4_T_le_eabi.lib : memset_t2.asm.obj (.text)
                  2000b2ca    00000002     --HOLE-- [fill = 0]
                  2000b2cc    00000078     simplelink.a : cc_pal.obj (.text:spi_Close)
                  2000b344    00000076     driverlib.a : uart.obj (.text:UARTConfigSetExpClk)
                  2000b3ba    00000002     --HOLE-- [fill = 0]
                  2000b3bc    00000074     simplelink.a : nonos.obj (.text:_SlNonOsMainLoopTask)
                  2000b430    00000070     rtsv7M4_T_le_eabi.lib : memory.c.obj (.text:split)
                  2000b4a0    0000006e                           : _printfi.c.obj (.text:_mcpy)
                  2000b50e    00000002     --HOLE-- [fill = 0]
                  2000b510    0000006c     simplelink.a : driver.obj (.text:_SlDrvCmdSend)
                  2000b57c    0000006c                  : netapp.obj (.text:_sl_NetAppSendTokenValue)
                  2000b5e8    00000068     rtsv7M4_T_le_eabi.lib : copy_decompress_lzss.c.obj (.text:decompress:lzss:__TI_decompress_lzss)
                  2000b650    00000064     simplelink.a : nonos.obj (.text:_SlNonOsSpawn)
                  2000b6b4    00000064                  : socket.obj (.text:_sl_HandleAsync_Accept)
                  2000b718    00000064                  : netapp.obj (.text:sl_NetAppMDNSUnRegisterService)
                  2000b77c    00000064     driverlib.a : udma.obj (.text:uDMAChannelAttributeDisable)
                  2000b7e0    00000064                 : udma.obj (.text:uDMAChannelAttributeEnable)
                  2000b844    00000060     simplelink.a : socket.obj (.text:sl_Close)
                  2000b8a4    00000060                  : wlan.obj (.text:sl_WlanProfileDel)
                  2000b904    00000060                  : wlan.obj (.text:sl_WlanSetMode)
                  2000b964    0000005c     rtsv7M4_T_le_eabi.lib : s_frexp.c.obj (.text:frexp)
                  2000b9c0    00000058     driverlib.a : interrupt.obj (.text:IntPendClear)
                  2000ba18    00000058                 : prcm.obj (.text:PRCMPeripheralReset)
                  2000ba70    00000058     pinmux.obj (.text)
                  2000bac8    00000056     rtsv7M4_T_le_eabi.lib : _printfi.c.obj (.text:_pconv_f)
                  2000bb1e    00000002     --HOLE-- [fill = 0]
                  2000bb20    00000054     driverlib.a : interrupt.obj (.text:IntPrioritySet)
                  2000bb74    00000054     simplelink.a : driver.obj (.text:_SlDrvRxIrqHandler)
                  2000bbc8    00000054     rtsv7M4_T_le_eabi.lib : _ltoa.c.obj (.text:__TI_ltoa)
                  2000bc1c    00000054     simplelink.a : socket.obj (.text:_sl_HandleAsync_Select)
                  2000bc70    00000052     rtsv7M4_T_le_eabi.lib : _printfi.c.obj (.text:_ecpy)
                  2000bcc2    00000002     --HOLE-- [fill = 0]
                  2000bcc4    00000050     simplelink.a : device.obj (.text:_sl_HandleAsync_Stop)
                  2000bd14    0000004c     driverlib.a : spi.obj (.text:SPIIntEnable)
                  2000bd60    0000004c                 : spi.obj (.text:SPIIntNumberGet)
                  2000bdac    0000004c     simplelink.a : driver.obj (.text:_SlDrvProtectAsyncRespSetting)
                  2000bdf8    0000004c                  : socket.obj (.text:_sl_BuildAddress)
                  2000be44    0000004c     rtsv7M4_T_le_eabi.lib : atoi.c.obj (.text:atoi)
                  2000be90    0000004c     driverlib.a : udma.obj (.text:uDMAChannelAssign)
                  2000bedc    00000048                 : gpio.obj (.text:GPIOGetIntNumber)
                  2000bf24    00000048                 : spi.obj (.text:SPIIntClear)
                  2000bf6c    00000048     simplelink.a : driver.obj (.text:_SlDrvBasicCmd)
                  2000bfb4    00000048     rtsv7M4_T_le_eabi.lib : fd_toi_t2.asm.obj (.text)
                  2000bffc    00000044     driverlib.a : spi.obj (.text:SPIDmaMaskGet)
                  2000c040    00000044                 : timer.obj (.text:TimerConfigure)
                  2000c084    00000044     simplelink.a : driver.obj (.text:_SlDrvHandleHttpServerEvents)
                  2000c0c8    00000044                  : driver.obj (.text:_SlDrvSyncObjWaitTimeout)
                  2000c10c    00000044     rtsv7M4_T_le_eabi.lib : autoinit.c.obj (.text:__TI_auto_init_nobinit_nopinit:__TI_auto_init_nobinit_nopinit)
                  2000c150    00000044     simplelink.a : cc_pal.obj (.text:cc_SetupTransfer)
                  2000c194    00000042                  : socket.obj (.text:sl_Htonl)
                  2000c1d6    00000002     --HOLE-- [fill = 0]
                  2000c1d8    00000040     driverlib.a : pin.obj (.text:PinModeSet)
                  2000c218    00000040     simplelink.a : driver.obj (.text:_SlDrvHandleNetAppEvents)
                  2000c258    00000040                  : driver.obj (.text:_SlDrvHandleWlanEvents)
                  2000c298    00000040                  : socket.obj (.text:_sl_TruncatePayloadByProtocol)
                  2000c2d8    00000040     rtsv7M4_T_le_eabi.lib : sprintf.c.obj (.text:sprintf)
                  2000c318    00000040                           : vsnprintf.c.obj (.text:vsnprintf)
                  2000c358    0000003e     simplelink.a : cc_pal.obj (.text:NwpRegisterInterruptHandler)
                  2000c396    0000003e     rtsv7M4_T_le_eabi.lib : _printfi.c.obj (.text:_fcpy)
                  2000c3d4    0000003c     simplelink.a : netapp.obj (.text:CopyPingResultsToReport)
                  2000c410    0000003c     driverlib.a : prcm.obj (.text:PRCMPeripheralClkEnable)
                  2000c44c    0000003c     simplelink.a : cc_pal.obj (.text:simplelink_timerA2_start)
                  2000c488    0000003c                  : socket.obj (.text:sl_Htons)
                  2000c4c4    0000003c     driverlib.a : udma.obj (.text:uDMAChannelControlSet)
                  2000c500    00000038     simplelink.a : cc_pal.obj (.text:NwpPowerOff)
                  2000c538    00000038                  : wlan.obj (.text:sl_WlanDisconnect)
                  2000c570    00000036     driverlib.a : gpio.obj (.text:GPIODirModeSet)
                  2000c5a6    00000002     --HOLE-- [fill = 0]
                  2000c5a8    00000034     simplelink.a : cc_pal.obj (.text:NwpPowerOn)
                  2000c5dc    00000034     driverlib.a : prcm.obj (.text:PRCMPeripheralStatusGet)
                  2000c610    00000034                 : spi.obj (.text:SPIFIFOLevelSet)
                  2000c644    00000030                 : pin.obj (.text:PinTypeGPIO)
                  2000c674    00000030                 : uart.obj (.text:UARTDisable)
                  2000c6a4    00000030     rtsv7M4_T_le_eabi.lib : vsnprintf.c.obj (.text:_outs)
                  2000c6d4    0000002e                           : i_tofd_t2.asm.obj (.text)
                  2000c702    00000002     --HOLE-- [fill = 0]
                  2000c704    0000002c     driverlib.a : prcm.obj (.text:PRCMSysResetCauseGet)
                  2000c730    0000002c     simplelink.a : driver.obj (.text:_SlDrvObjGlobalLockWaitForever)
                  2000c75c    0000002c                  : driver.obj (.text:_SlDrvProtectionObjLockWaitForever)
                  2000c788    0000002a     driverlib.a : timer.obj (.text:TimerLoadSet)
                  2000c7b2    0000002a                 : timer.obj (.text:TimerPrescaleSet)
                  2000c7dc    00000028                 : prcm.obj (.text:PRCMPeripheralClkDisable)
                  2000c804    00000028     simplelink.a : driver.obj (.text:_SlDrvGlobalObjUnLock)
                  2000c82c    00000028                  : driver.obj (.text:_SlDrvProtectionObjUnLock)
                  2000c854    00000028                  : driver.obj (.text:_SlDrvSyncObjWaitForever)
                  2000c87c    00000028     rtsv7M4_T_le_eabi.lib : memory.c.obj (.text:free_list_insert)
                  2000c8a4    00000028                           : memmov.c.obj (.text:memmove)
                  2000c8cc    00000026     simplelink.a : driver.obj (.text:_SlDrvObjLockWaitForever)
                  2000c8f2    00000026     network_common.obj (.text)
                  2000c918    00000024     simplelink.a : cc_pal.obj (.text:DmaSpiSwIntHandler)
                  2000c93c    00000024     driverlib.a : interrupt.obj (.text:IntUnregister)
                  2000c960    00000024                 : uart.obj (.text:UARTEnable)
                  2000c984    00000024     rtsv7M4_T_le_eabi.lib : boot_cortex_m.c.obj (.text:_c_int00_noargs:_c_int00_noargs)
                  2000c9a8    00000022     driverlib.a : spi.obj (.text:SPIReset)
                  2000c9ca    00000022                 : spi.obj (.text:SPIWordCountSet)
                  2000c9ec    00000020                 : gpio.obj (.text:GPIOPinWrite)
                  2000ca0c    00000020                 : interrupt.obj (.text:IntRegister)
                  2000ca2c    00000020     simplelink.a : cc_pal.obj (.text:NwpPrePowerOffTimout0)
                  2000ca4c    00000020                  : cc_pal.obj (.text:TimerGetCurrentTimestamp)
                  2000ca6c    00000020                  : driver.obj (.text:_SlDrvObjUnLock)
                  2000ca8c    00000020                  : driver.obj (.text:_SlDrvSyncObjSignal)
                  2000caac    0000001e     driverlib.a : gpio.obj (.text:GPIOIntRegister)
                  2000caca    0000001e                 : timer.obj (.text:TimerEnable)
                  2000cae8    0000001e                 : uart.obj (.text:UARTCharPut)
                  2000cb06    0000001e     simplelink.a : cc_pal.obj (.text:cc_UDMAChannelSelect)
                  2000cb24    0000001c     driverlib.a : timer.obj (.text:TimerValueGet)
                  2000cb40    0000001c                 : uart.obj (.text:UARTCharGetNonBlocking)
                  2000cb5c    0000001c     simplelink.a : driver.obj (.text:_SlDrvStartMeasureTimeout)
                  2000cb78    0000001c     rtsv7M4_T_le_eabi.lib : copy_zero_init.c.obj (.text:decompress:ZI:__TI_zero_init_nomemset:__TI_zero_init_nomemset)
                  2000cb94    0000001c                           : memory.c.obj (.text:free_list_remove)
                  2000cbb0    0000001c                           : memccpy.c.obj (.text:memccpy)
                  2000cbcc    0000001c     driverlib.a : udma.obj (.text:uDMAChannelEnable)
                  2000cbe8    0000001a                 : gpio.obj (.text:GPIOIntEnable)
                  2000cc02    0000001a                 : pin.obj (.text:PinTypeUART)
                  2000cc1c    0000001a                 : spi.obj (.text:SPIDmaDisable)
                  2000cc36    0000001a                 : spi.obj (.text:SPIDmaEnable)
                  2000cc50    0000001a                 : spi.obj (.text:SPIFIFODisable)
                  2000cc6a    0000001a                 : spi.obj (.text:SPIFIFOEnable)
                  2000cc84    0000001a                 : spi.obj (.text:SPIIntUnregister)
                  2000cc9e    00000018                 : gpio.obj (.text:GPIOPinRead)
                  2000ccb6    00000018                 : spi.obj (.text:SPICSDisable)
                  2000ccce    00000018                 : spi.obj (.text:SPICSEnable)
                  2000cce6    00000018                 : spi.obj (.text:SPIDisable)
                  2000ccfe    00000018                 : spi.obj (.text:SPIEnable)
                  2000cd16    00000018                 : uart.obj (.text:UARTCharsAvail)
                  2000cd2e    00000018     simplelink.a : nonos.obj (.text:_SlNonOsSemSet)
                  2000cd46    00000018     rtsv7M4_T_le_eabi.lib : vsnprintf.c.obj (.text:_outc)
                  2000cd5e    00000018                           : sprintf.c.obj (.text:_outs)
                  2000cd76    00000002     --HOLE-- [fill = 0]
                  2000cd78    00000018     simplelink.a : device.obj (.text:_sl_GetStartResponseConvert)
                  2000cd90    00000016     driverlib.a : prcm.obj (.text:PRCMHIBRegRead)
                  2000cda6    00000016                 : prcm.obj (.text:PRCMHIBRegWrite)
                  2000cdbc    00000016     simplelink.a : driver.obj (.text:_SlDrvMemZero)
                  2000cdd2    00000016     rtsv7M4_T_le_eabi.lib : strchr.c.obj (.text:strchr)
                  2000cde8    00000014     driverlib.a : cpu.obj (.text:CPUcpsie)
                  2000cdfc    00000014                 : gpio.obj (.text:GPIOIntClear)
                  2000ce10    00000014                 : interrupt.obj (.text:IntVTableBaseSet)
                  2000ce24    00000014     rtsv7M4_T_le_eabi.lib : strcpy.c.obj (.text:strcpy)
                  2000ce38    00000014                           : strlen.c.obj (.text:strlen)
                  2000ce4c    00000012                           : wcslen.c.obj (.text:wcslen)
                  2000ce5e    00000010     simplelink.a : driver.obj (.text:_SlDrvDispatchHttpServerEvents)
                  2000ce6e    0000000e                  : driver.obj (.text:_SlDrvResetCmdExt)
                  2000ce7c    0000000e     rtsv7M4_T_le_eabi.lib : copy_decompress_none.c.obj (.text:decompress:none:__TI_decompress_none)
                  2000ce8a    0000000e     startup_ccs.obj (.text)
                  2000ce98    0000000c     simplelink.a : cc_pal.obj (.text:NwpMaskInterrupt)
                  2000cea4    0000000c                  : cc_pal.obj (.text:NwpUnMaskInterrupt)
                  2000ceb0    0000000c     rtsv7M4_T_le_eabi.lib : s_copysign.c.obj (.text:copysign)
                  2000cebc    0000000a     driverlib.a : interrupt.obj (.text:IntMasterEnable)
                  2000cec6    0000000a     rtsv7M4_T_le_eabi.lib : sprintf.c.obj (.text:_outc)
                  2000ced0    00000008                           : errno.c.obj (.text:__aeabi_errno_addr)
                  2000ced8    00000008                           : memory.c.obj (.text:malloc)
                  2000cee0    00000006     driverlib.a : utils.obj (.text:UtilsDelay)
                  2000cee6    00000004     rtsv7M4_T_le_eabi.lib : pre_init.c.obj (.text:_system_pre_init)
                  2000ceea    00000004                           : exit.c.obj (.text:abort:abort)

.const     0    2000cef0    00000614     
                  2000cef0    00000101     rtsv7M4_T_le_eabi.lib : ctype.c.obj (.const:.string:_ctypes_)
                  2000cff1    00000003     --HOLE-- [fill = 0]
                  2000cff4    00000100     driverlib.a : pin.obj (.const:g_ulPinToPadMap)
                  2000d0f4    000000d4                 : interrupt.obj (.const:g_pulRegs)
                  2000d1c8    000000a8                 : prcm.obj (.const:PRCM_PeriphRegsList)
                  2000d270    0000003c     simplelink.a : driver.obj (.const:OpcodeTranslateTable)
                  2000d2ac    00000038                  : driver.obj (.const:_SlActionLookupTable)
                  2000d2e4    00000030     main.obj (.const:.string)
                  2000d314    0000002c     main.obj (.const:$P$T1$2)
                  2000d340    00000024     driverlib.a : spi.obj (.const:g_ppulSPIIntMap)
                  2000d364    00000022     main.obj (.const:.string:$P$T0$1)
                  2000d386    00000002     --HOLE-- [fill = 0]
                  2000d388    00000020     simplelink.a : driver.obj (.const:RxMsgClassLUT)
                  2000d3a8    00000018     driverlib.a : interrupt.obj (.const:g_pulDisRegs)
                  2000d3c0    00000018                 : interrupt.obj (.const:g_pulEnRegs)
                  2000d3d8    00000018                 : interrupt.obj (.const:g_pulUnpendRegs)
                  2000d3f0    00000018                 : spi.obj (.const:g_ulSPIDmaMaskMap)
                  2000d408    00000015     main.obj (.const:.string:$P$T6$7)
                  2000d41d    00000003     --HOLE-- [fill = 0]
                  2000d420    00000014     simplelink.a : driver.obj (.const:$P$T0$1)
                  2000d434    00000014                  : nonos.obj (.const:$P$T0$1)
                  2000d448    00000014     main.obj (.const:$P$T2$3)
                  2000d45c    00000010     simplelink.a : socket.obj (.const:.string:_SlPayloadByProtocolLUT)
                  2000d46c    0000000c     main.obj (.const:$P$T4$5)
                  2000d478    0000000c     main.obj (.const:.string:$P$T3$4)
                  2000d484    00000009     main.obj (.const:.string:$P$T5$6)
                  2000d48d    00000008     simplelink.a : device.obj (.const:StartResponseLUT)
                  2000d495    00000003     --HOLE-- [fill = 0]
                  2000d498    00000008                  : driver.obj (.const:g_H2NCnysPattern)
                  2000d4a0    00000008                  : driver.obj (.const:g_H2NSyncPattern)
                  2000d4a8    00000005     main.obj (.const:.string:$P$T7$8)
                  2000d4ad    00000001     --HOLE-- [fill = 0]
                  2000d4ae    00000004     simplelink.a : wlan.obj (.const:$P$T0$1)
                  2000d4b2    00000004                  : socket.obj (.const:$P$T2$3)
                  2000d4b6    00000004                  : device.obj (.const:_SlDeviceGetCmdCtrl)
                  2000d4ba    00000004                  : device.obj (.const:_SlDeviceSetCmdCtrl)
                  2000d4be    00000004                  : netapp.obj (.const:_SlGetHostByNameCtrl)
                  2000d4c2    00000004                  : netapp.obj (.const:_SlNetAppSendTokenValueCmdCtrl)
                  2000d4c6    00000004                  : netcfg.obj (.const:_SlNetCfgSetCmdCtrl)
                  2000d4ca    00000004                  : wlan.obj (.const:_SlPolicySetCmdCtrl)
                  2000d4ce    00000004                  : wlan.obj (.const:_SlProfileDelCmdCtrl)
                  2000d4d2    00000004                  : socket.obj (.const:_SlRecvCmdCtrl)
                  2000d4d6    00000004                  : netapp.obj (.const:_SlRegisterServiceCtrl)
                  2000d4da    00000004                  : wlan.obj (.const:_SlRxFilterSetCmdCtrl)
                  2000d4de    00000004                  : socket.obj (.const:_SlSendCmdCtrl)
                  2000d4e2    00000004                  : socket.obj (.const:_SlSetSockOptCmdCtrl)
                  2000d4e6    00000004                  : socket.obj (.const:_SlSockCloseCmdCtrl)
                  2000d4ea    00000004                  : socket.obj (.const:_SlSockSocketCmdCtrl)
                  2000d4ee    00000004                  : device.obj (.const:_SlStopCmdCtrl)
                  2000d4f2    00000004                  : wlan.obj (.const:_SlWlanCfgSetCmdCtrl)
                  2000d4f6    00000004                  : wlan.obj (.const:_SlWlanSetModeCmdCtrl)
                  2000d4fa    00000002     --HOLE-- [fill = 0]
                  2000d4fc    00000004                  : driver.obj (.const:httpServer_callbacks)
                  2000d500    00000004                  : driver.obj (.const:netApp_callbacks)

.cinit     0    2000d508    00000058     
                  2000d508    00000033     (.cinit..data.load) [load image, compression = lzss]
                  2000d53b    00000001     --HOLE-- [fill = 0]
                  2000d53c    0000000c     (__TI_handler_table)
                  2000d548    00000008     (.cinit..bss.load) [load image, compression = zero_init]
                  2000d550    00000010     (__TI_cinit_table)

.sysmem    0    20017000    00000800     UNINITIALIZED
                  20017000    00000010     rtsv7M4_T_le_eabi.lib : memory.c.obj (.sysmem)
                  20017010    000007f0     --HOLE--

.bss       0    20017800    0000021a     UNINITIALIZED
                  20017800    00000168     simplelink.a : driver.obj (.bss:g_StatMem)
                  20017968    00000050     (.common:g_ucDinDout)
                  200179b8    0000002c     (.common:g_time)
                  200179e4    00000024     (.common:g_ucConnectionSSID)
                  20017a08    00000008     (.common:g_ucConnectionBSSID)
                  20017a10    00000004     uart_if.obj (.bss)
                  20017a14    00000001     (.common:RxIrqCnt)
                  20017a15    00000001     (.common:g_bDeviceRestartIsRequired)
                  20017a16    00000001     (.common:g_cDummy)
                  20017a17    00000001     (.common:g_ucLED1Pin)
                  20017a18    00000001     (.common:g_ucLED2Pin)
                  20017a19    00000001     (.common:g_ucLED3Pin)

.data      0    20017a1c    000000a0     UNINITIALIZED
                  20017a1c    0000003c     simplelink.a : nonos.obj (.data:g__SlNonOsCB)
                  20017a58    00000014     gpio_if.obj (.data:ulReg)
                  20017a6c    00000010     main.obj (.data)
                  20017a7c    0000000d     simplelink.a : driver.obj (.data)
                  20017a89    00000003     --HOLE--
                  20017a8c    0000000c     gpio_if.obj (.data)
                  20017a98    00000009     simplelink.a : cc_pal.obj (.data)
                  20017aa1    00000003     --HOLE--
                  20017aa4    00000008     rtsv7M4_T_le_eabi.lib : _lock.c.obj (.data:$O1$$)
                  20017aac    00000008                           : memory.c.obj (.data:$O1$$)
                  20017ab4    00000004                           : errno.c.obj (.data)
                  20017ab8    00000004     simplelink.a : driver.obj (.data:wlan_callbacks)

.stack     0    2002f800    00000800     UNINITIALIZED
                  2002f800    00000004     rtsv7M4_T_le_eabi.lib : boot_cortex_m.c.obj (.stack)
                  2002f804    000007fc     --HOLE--

__llvm_prf_cnts 
*          0    20017000    00000000     UNINITIALIZED

MODULE SUMMARY

       Module                       code    ro data   rw data
       ------                       ----    -------   -------
    .\
       main.obj                     4732    205       104    
       startup_ccs.obj              14      1024      0      
       gpio_if.obj                  920     0         35     
       uart_if.obj                  636     0         4      
       pinmux.obj                   88      0         0      
       network_common.obj           38      0         0      
    +--+----------------------------+-------+---------+---------+
       Total:                       6428    1229      143    
                                                             
    C:/ti/CC3200SDK_1.4.0/cc3200-sdk/driverlib/ccs/Release/driverlib.a
       prcm.obj                     852     168       0      
       interrupt.obj                608     284       0      
       spi.obj                      798     60        0      
       udma.obj                     604     0         0      
       pin.obj                      274     256       0      
       gpio.obj                     388     0         0      
       uart.obj                     284     0         0      
       timer.obj                    210     0         0      
       cpu.obj                      20      0         0      
       utils.obj                    6       0         0      
    +--+----------------------------+-------+---------+---------+
       Total:                       4044    768       0      
                                                             
    C:/ti/CC3200SDK_1.4.0/cc3200-sdk/simplelink/ccs/NON_OS_debug/simplelink.a
       driver.obj                   7906    192       379    
       cc_pal.obj                   1960    0         90     
       socket.obj                   1830    40        0      
       netapp.obj                   1572    12        0      
       wlan.obj                     1316    24        0      
       device.obj                   1234    20        0      
       nonos.obj                    416     20        60     
       netcfg.obj                   152     4         0      
    +--+----------------------------+-------+---------+---------+
       Total:                       16386   312       529    
                                                             
    C:\ti\ccs1000\ccs\tools\compiler\ti-cgt-arm_20.2.0.LTS\lib\rtsv7M4_T_le_eabi.lib
       _printfi.c.obj               4835    0         0      
       memory.c.obj                 908     0         8      
       fd_add_t2.asm.obj            438     0         0      
       fd_div_t2.asm.obj            310     0         0      
       fd_cmp_t2.asm.obj            268     0         0      
       ctype.c.obj                  0       257       0      
       fd_mul_t2.asm.obj            252     0         0      
       s_scalbn.c.obj               208     0         0      
       memcpy_t2.asm.obj            156     0         0      
       ull_div_t2.asm.obj           150     0         0      
       vsnprintf.c.obj              136     0         0      
       memset_t2.asm.obj            122     0         0      
       copy_decompress_lzss.c.obj   104     0         0      
       sprintf.c.obj                98      0         0      
       s_frexp.c.obj                92      0         0      
       _ltoa.c.obj                  84      0         0      
       atoi.c.obj                   76      0         0      
       fd_toi_t2.asm.obj            72      0         0      
       autoinit.c.obj               68      0         0      
       i_tofd_t2.asm.obj            46      0         0      
       memmov.c.obj                 40      0         0      
       boot_cortex_m.c.obj          36      0         0      
       copy_zero_init.c.obj         28      0         0      
       memccpy.c.obj                28      0         0      
       strchr.c.obj                 22      0         0      
       strcpy.c.obj                 20      0         0      
       strlen.c.obj                 20      0         0      
       wcslen.c.obj                 18      0         0      
       copy_decompress_none.c.obj   14      0         0      
       errno.c.obj                  8       0         4      
       s_copysign.c.obj             12      0         0      
       _lock.c.obj                  2       0         8      
       exit.c.obj                   4       0         0      
       pre_init.c.obj               4       0         0      
       div0.asm.obj                 2       0         0      
    +--+----------------------------+-------+---------+---------+
       Total:                       8681    257       20     
                                                             
       Heap:                        0       0         2048   
       Stack:                       0       0         2048   
       Linker Generated:            0       87        0      
    +--+----------------------------+-------+---------+---------+
       Grand Total:                 35539   2653      4788   


LINKER GENERATED COPY TABLES

__TI_cinit_table @ 2000d550 records: 2, size/record: 8, table size: 16
	.data: load addr=2000d508, load size=00000033 bytes, run addr=20017a1c, run size=000000a0 bytes, compression=lzss
	.bss: load addr=2000d548, load size=00000008 bytes, run addr=20017800, run size=0000021a bytes, compression=zero_init


LINKER GENERATED HANDLER TABLE

__TI_handler_table @ 2000d53c records: 3, size/record: 4, table size: 12
	index: 0, handler: __TI_decompress_lzss
	index: 1, handler: __TI_decompress_none
	index: 2, handler: __TI_zero_init


GLOBAL SYMBOLS: SORTED ALPHABETICALLY BY Name 

address   name                                  
-------   ----                                  
2000ceeb  C$$EXIT                               
2000cde9  CPUcpsie                              
20006cb5  ClearTerm                             
2000c919  DmaSpiSwIntHandler                    
20006cbf  Error                                 
2000c571  GPIODirModeSet                        
2000cdfd  GPIOIntClear                          
2000cbe9  GPIOIntEnable                         
2000caad  GPIOIntRegister                       
2000b04d  GPIOIntTypeSet                        
2000cc9f  GPIOPinRead                           
2000c9ed  GPIOPinWrite                          
2000691d  GPIO_IF_ConfigureNIntEnable           
200069a9  GPIO_IF_Get                           
200068d7  GPIO_IF_GetPortNPin                   
20006699  GPIO_IF_LedConfigure                  
2000678b  GPIO_IF_LedOff                        
200066d7  GPIO_IF_LedOn                         
2000683f  GPIO_IF_LedStatus                     
200068a9  GPIO_IF_LedToggle                     
20006965  GPIO_IF_Set                           
20006cf7  GetCmd                                
20006c75  InitTerm                              
2000a0b5  IntDisable                            
2000a15d  IntEnable                             
2000cebd  IntMasterEnable                       
2000b9c1  IntPendClear                          
2000bb21  IntPrioritySet                        
2000ca0d  IntRegister                           
2000c93d  IntUnregister                         
2000ce11  IntVTableBaseSet                      
20006c93  Message                               
2000ce99  NwpMaskInterrupt                      
2000c501  NwpPowerOff                           
2000c5a9  NwpPowerOn                            
2000af45  NwpPowerOnPreamble                    
2000ca2d  NwpPrePowerOffTimout0                 
2000c359  NwpRegisterInterruptHandler           
2000cea5  NwpUnMaskInterrupt                    
2000d270  OpcodeTranslateTable                  
20008145  PRCMCC3200MCUInit                     
2000cd91  PRCMHIBRegRead                        
2000cda7  PRCMHIBRegWrite                       
2000c7dd  PRCMPeripheralClkDisable              
2000c411  PRCMPeripheralClkEnable               
2000a8b1  PRCMPeripheralClockGet                
2000ba19  PRCMPeripheralReset                   
2000c5dd  PRCMPeripheralStatusGet               
2000c705  PRCMSysResetCauseGet                  
2000adb1  PinConfigSet                          
2000c1d9  PinModeSet                            
2000ba71  PinMuxConfig                          
2000c645  PinTypeGPIO                           
2000cc03  PinTypeUART                           
20006e35  Report                                
2000ce8b  ResetISR                              
20017a14  RxIrqCnt                              
2000ccb7  SPICSDisable                          
2000cccf  SPICSEnable                           
2000a2a9  SPIConfigSetExpClk                    
2000cce7  SPIDisable                            
2000cc1d  SPIDmaDisable                         
2000cc37  SPIDmaEnable                          
2000ccff  SPIEnable                             
2000cc51  SPIFIFODisable                        
2000cc6b  SPIFIFOEnable                         
2000c611  SPIFIFOLevelSet                       
2000bf25  SPIIntClear                           
2000bd15  SPIIntEnable                          
2000cc85  SPIIntUnregister                      
2000c9a9  SPIReset                              
2000c9cb  SPIWordCountSet                       
200045d5  SimpleLinkGeneralEventHandler         
200045b1  SimpleLinkHttpServerCallback          
2000450f  SimpleLinkNetAppEventHandler          
200045f5  SimpleLinkSockEventHandler            
20004401  SimpleLinkWlanEventHandler            
2000c041  TimerConfigure                        
2000cacb  TimerEnable                           
2000ca4d  TimerGetCurrentTimestamp              
2000c789  TimerLoadSet                          
2000c7b3  TimerPrescaleSet                      
2000cb25  TimerValueGet                         
20006d9d  TrimSpace                             
2000cb41  UARTCharGetNonBlocking                
2000cae9  UARTCharPut                           
2000cd17  UARTCharsAvail                        
2000b345  UARTConfigSetExpClk                   
2000c675  UARTDisable                           
2000c961  UARTEnable                            
2000cee1  UtilsDelay                            
2000d2ac  _SlActionLookupTable                  
2000a205  _SlDriverHandleError                  
2000bf6d  _SlDrvBasicCmd                        
20009e91  _SlDrvCmdOp                           
2000b511  _SlDrvCmdSend                         
200073a1  _SlDrvDataReadOp                      
2000842d  _SlDrvDataWriteOp                     
2000a485  _SlDrvDeviceEventHandler              
2000ce5f  _SlDrvDispatchHttpServerEvents        
20008cf5  _SlDrvDriverCBDeinit                  
20007ad9  _SlDrvDriverCBInit                    
2000c805  _SlDrvGlobalObjUnLock                 
2000c085  _SlDrvHandleHttpServerEvents          
2000c219  _SlDrvHandleNetAppEvents              
2000c259  _SlDrvHandleWlanEvents                
2000ac0d  _SlDrvIsTimeoutExpired                
2000cdbd  _SlDrvMemZero                         
200096f5  _SlDrvMsgReadSpawnCtx                 
2000904d  _SlDrvNetAppEventHandler              
2000c8cd  _SlDrvObjLockWaitForever              
2000ca6d  _SlDrvObjUnLock                       
2000bdad  _SlDrvProtectAsyncRespSetting         
2000c75d  _SlDrvProtectionObjLockWaitForever    
2000c82d  _SlDrvProtectionObjUnLock             
20007585  _SlDrvReleasePoolObj                  
2000ce6f  _SlDrvResetCmdExt                     
2000bb75  _SlDrvRxIrqHandler                    
2000cb5d  _SlDrvStartMeasureTimeout             
2000ca8d  _SlDrvSyncObjSignal                   
2000c855  _SlDrvSyncObjWaitForever              
2000c0c9  _SlDrvSyncObjWaitTimeout              
20007e29  _SlDrvWaitForPoolObj                  
2000d4c2  _SlNetAppSendTokenValueCmdCtrl        
2000b3bd  _SlNonOsMainLoopTask                  
2000a005  _SlNonOsSemGet                        
2000cd2f  _SlNonOsSemSet                        
2000b651  _SlNonOsSpawn                         
20030000  __STACK_END                           
00000800  __STACK_SIZE                          
00000800  __SYSMEM_SIZE                         
2000d550  __TI_CINIT_Base                       
2000d560  __TI_CINIT_Limit                      
2000d53c  __TI_Handler_Table_Base               
2000d548  __TI_Handler_Table_Limit              
2000c10d  __TI_auto_init_nobinit_nopinit        
2000b5e9  __TI_decompress_lzss                  
2000ce7d  __TI_decompress_none                  
2000bbc9  __TI_ltoa                             
ffffffff  __TI_pprof_out_hndl                   
2000567d  __TI_printfi                          
ffffffff  __TI_prof_data_size                   
ffffffff  __TI_prof_data_start                  
2000d508  __TI_static_base__                    
2000cb79  __TI_zero_init_nomemset               
2000ae39  __aeabi_cdcmpeq                       
2000ae39  __aeabi_cdcmple                       
2000aebf  __aeabi_cdrcmple                      
2000bfb5  __aeabi_d2iz                          
2000792b  __aeabi_dadd                          
20008a89  __aeabi_ddiv                          
20009151  __aeabi_dmul                          
20007921  __aeabi_dsub                          
2000ced1  __aeabi_errno_addr                    
2000c6d5  __aeabi_i2d                           
20008bbf  __aeabi_idiv0                         
20008bbf  __aeabi_ldiv0                         
2000b251  __aeabi_memclr                        
2000b251  __aeabi_memclr4                       
2000b251  __aeabi_memclr8                       
2000a3e9  __aeabi_memcpy                        
2000a3e9  __aeabi_memcpy4                       
2000a3e9  __aeabi_memcpy8                       
2000b253  __aeabi_memset                        
2000b253  __aeabi_memset4                       
2000b253  __aeabi_memset8                       
2000a819  __aeabi_uldivmod                      
ffffffff  __binit__                             
ffffffff  __c_args__                            
UNDEFED   __mpu_init                            
2002f800  __stack                               
20017000  __start___llvm_prf_cnts               
20017000  __stop___llvm_prf_cnts                
2000c985  _c_int00_noargs                       
2000cef0  _ctypes_                              
20017aa4  _lock                                 
20007ad7  _nop                                  
2000b6b5  _sl_HandleAsync_Accept                
2000b0d1  _sl_HandleAsync_Connect               
2000a945  _sl_HandleAsync_DnsGetHostByName      
20009c35  _sl_HandleAsync_DnsGetHostByService   
2000ac99  _sl_HandleAsync_InitComplete          
2000a9d5  _sl_HandleAsync_PingResponse          
2000bc1d  _sl_HandleAsync_Select                
2000bcc5  _sl_HandleAsync_Stop                  
2000b57d  _sl_NetAppSendTokenValue              
20017000  _sys_memory                           
UNDEFED   _system_post_cinit                    
2000cee7  _system_pre_init                      
20017aa8  _unlock                               
2000ceeb  abort                                 
20008f45  aligned_alloc                         
2000be45  atoi                                  
ffffffff  binit                                 
2000ceb1  copysign                              
2000ceb1  copysignl                             
20017ab4  errno                                 
200097dd  free                                  
2000b965  frexp                                 
2000b965  frexpl                                
20017a78  g_Host                                
20017a7c  g_SlDeviceStatus                      
20017a98  g_SpiFd                               
20017a1c  g__SlNonOsCB                          
20017a15  g_bDeviceRestartIsRequired            
20017a16  g_cDummy                              
20017a80  g_pCB                                 
20017a9c  g_pHostIntHdl                         
20004000  g_pfnVectors                          
200179b8  g_time                                
20017a08  g_ucConnectionBSSID                   
200179e4  g_ucConnectionSSID                    
20017aa0  g_ucDMAEnabled                        
20017968  g_ucDinDout                           
20017a17  g_ucLED1Pin                           
20017a18  g_ucLED2Pin                           
20017a19  g_ucLED3Pin                           
20017a8c  g_uiLED1Port                          
20017a90  g_uiLED2Port                          
20017a94  g_uiLED3Port                          
20017a74  g_ulGatewayIP                         
20017a70  g_ulPingPacketsRecv                   
20017a6c  g_ulStatus                            
20009b65  ldexp                                 
20009b65  ldexpl                                
200050c5  main                                  
2000ced9  malloc                                
20008f45  memalign                              
2000cbb1  memccpy                               
2000a3e9  memcpy                                
2000c8a5  memmove                               
2000b259  memset                                
20017a84  pPingCallBackFunc                     
20004fe5  printErrConvenience                   
200098c1  realloc                               
20009b65  scalbn                                
20009b65  scalbnl                               
2000c44d  simplelink_timerA2_start              
2000b845  sl_Close                              
20007fb9  sl_Connect                            
20009d01  sl_DevGet                             
2000a521  sl_DevSet                             
2000c195  sl_Htonl                              
2000c489  sl_Htons                              
20008809  sl_NetAppDnsGetHostByName             
200099a5  sl_NetAppMDNSRegisterUnregisterService
2000b719  sl_NetAppMDNSUnRegisterService        
2000a5b9  sl_NetCfgSet                          
2000c8f3  sl_Provisioning_HttpServerEventHdl    
2000c901  sl_Provisioning_NetAppEventHdl        
2000c90d  sl_Provisioning_WlanEventHdl          
2000a349  sl_Recv                               
20008bc1  sl_Send                               
2000a651  sl_SetSockOpt                         
2000ad25  sl_Socket                             
2000924d  sl_Start                              
2000933d  sl_Stop                               
200069f5  sl_WlanConnect                        
2000c539  sl_WlanDisconnect                     
2000aa65  sl_WlanPolicySet                      
2000b8a5  sl_WlanProfileDel                     
2000afc9  sl_WlanRxFilterSet                    
2000a6e9  sl_WlanSet                            
2000b905  sl_WlanSetMode                        
2000b2cd  spi_Close                             
2000857d  spi_Open                              
2000942d  spi_Read                              
2000a781  spi_Write                             
2000c2d9  sprintf                               
2000cdd3  strchr                                
2000ce25  strcpy                                
2000ce39  strlen                                
2000be91  uDMAChannelAssign                     
2000b77d  uDMAChannelAttributeDisable           
2000b7e1  uDMAChannelAttributeEnable            
2000c4c5  uDMAChannelControlSet                 
2000cbcd  uDMAChannelEnable                     
2000951d  uDMAChannelTransferSet                
2000c319  vsnprintf                             
2000ce4d  wcslen                                


GLOBAL SYMBOLS: SORTED BY Symbol Address 

address   name                                  
-------   ----                                  
00000800  __STACK_SIZE                          
00000800  __SYSMEM_SIZE                         
20004000  g_pfnVectors                          
20004401  SimpleLinkWlanEventHandler            
2000450f  SimpleLinkNetAppEventHandler          
200045b1  SimpleLinkHttpServerCallback          
200045d5  SimpleLinkGeneralEventHandler         
200045f5  SimpleLinkSockEventHandler            
20004fe5  printErrConvenience                   
200050c5  main                                  
2000567d  __TI_printfi                          
20006699  GPIO_IF_LedConfigure                  
200066d7  GPIO_IF_LedOn                         
2000678b  GPIO_IF_LedOff                        
2000683f  GPIO_IF_LedStatus                     
200068a9  GPIO_IF_LedToggle                     
200068d7  GPIO_IF_GetPortNPin                   
2000691d  GPIO_IF_ConfigureNIntEnable           
20006965  GPIO_IF_Set                           
200069a9  GPIO_IF_Get                           
200069f5  sl_WlanConnect                        
20006c75  InitTerm                              
20006c93  Message                               
20006cb5  ClearTerm                             
20006cbf  Error                                 
20006cf7  GetCmd                                
20006d9d  TrimSpace                             
20006e35  Report                                
200073a1  _SlDrvDataReadOp                      
20007585  _SlDrvReleasePoolObj                  
20007921  __aeabi_dsub                          
2000792b  __aeabi_dadd                          
20007ad7  _nop                                  
20007ad9  _SlDrvDriverCBInit                    
20007e29  _SlDrvWaitForPoolObj                  
20007fb9  sl_Connect                            
20008145  PRCMCC3200MCUInit                     
2000842d  _SlDrvDataWriteOp                     
2000857d  spi_Open                              
20008809  sl_NetAppDnsGetHostByName             
20008a89  __aeabi_ddiv                          
20008bbf  __aeabi_idiv0                         
20008bbf  __aeabi_ldiv0                         
20008bc1  sl_Send                               
20008cf5  _SlDrvDriverCBDeinit                  
20008f45  aligned_alloc                         
20008f45  memalign                              
2000904d  _SlDrvNetAppEventHandler              
20009151  __aeabi_dmul                          
2000924d  sl_Start                              
2000933d  sl_Stop                               
2000942d  spi_Read                              
2000951d  uDMAChannelTransferSet                
200096f5  _SlDrvMsgReadSpawnCtx                 
200097dd  free                                  
200098c1  realloc                               
200099a5  sl_NetAppMDNSRegisterUnregisterService
20009b65  ldexp                                 
20009b65  ldexpl                                
20009b65  scalbn                                
20009b65  scalbnl                               
20009c35  _sl_HandleAsync_DnsGetHostByService   
20009d01  sl_DevGet                             
20009e91  _SlDrvCmdOp                           
2000a005  _SlNonOsSemGet                        
2000a0b5  IntDisable                            
2000a15d  IntEnable                             
2000a205  _SlDriverHandleError                  
2000a2a9  SPIConfigSetExpClk                    
2000a349  sl_Recv                               
2000a3e9  __aeabi_memcpy                        
2000a3e9  __aeabi_memcpy4                       
2000a3e9  __aeabi_memcpy8                       
2000a3e9  memcpy                                
2000a485  _SlDrvDeviceEventHandler              
2000a521  sl_DevSet                             
2000a5b9  sl_NetCfgSet                          
2000a651  sl_SetSockOpt                         
2000a6e9  sl_WlanSet                            
2000a781  spi_Write                             
2000a819  __aeabi_uldivmod                      
2000a8b1  PRCMPeripheralClockGet                
2000a945  _sl_HandleAsync_DnsGetHostByName      
2000a9d5  _sl_HandleAsync_PingResponse          
2000aa65  sl_WlanPolicySet                      
2000ac0d  _SlDrvIsTimeoutExpired                
2000ac99  _sl_HandleAsync_InitComplete          
2000ad25  sl_Socket                             
2000adb1  PinConfigSet                          
2000ae39  __aeabi_cdcmpeq                       
2000ae39  __aeabi_cdcmple                       
2000aebf  __aeabi_cdrcmple                      
2000af45  NwpPowerOnPreamble                    
2000afc9  sl_WlanRxFilterSet                    
2000b04d  GPIOIntTypeSet                        
2000b0d1  _sl_HandleAsync_Connect               
2000b251  __aeabi_memclr                        
2000b251  __aeabi_memclr4                       
2000b251  __aeabi_memclr8                       
2000b253  __aeabi_memset                        
2000b253  __aeabi_memset4                       
2000b253  __aeabi_memset8                       
2000b259  memset                                
2000b2cd  spi_Close                             
2000b345  UARTConfigSetExpClk                   
2000b3bd  _SlNonOsMainLoopTask                  
2000b511  _SlDrvCmdSend                         
2000b57d  _sl_NetAppSendTokenValue              
2000b5e9  __TI_decompress_lzss                  
2000b651  _SlNonOsSpawn                         
2000b6b5  _sl_HandleAsync_Accept                
2000b719  sl_NetAppMDNSUnRegisterService        
2000b77d  uDMAChannelAttributeDisable           
2000b7e1  uDMAChannelAttributeEnable            
2000b845  sl_Close                              
2000b8a5  sl_WlanProfileDel                     
2000b905  sl_WlanSetMode                        
2000b965  frexp                                 
2000b965  frexpl                                
2000b9c1  IntPendClear                          
2000ba19  PRCMPeripheralReset                   
2000ba71  PinMuxConfig                          
2000bb21  IntPrioritySet                        
2000bb75  _SlDrvRxIrqHandler                    
2000bbc9  __TI_ltoa                             
2000bc1d  _sl_HandleAsync_Select                
2000bcc5  _sl_HandleAsync_Stop                  
2000bd15  SPIIntEnable                          
2000bdad  _SlDrvProtectAsyncRespSetting         
2000be45  atoi                                  
2000be91  uDMAChannelAssign                     
2000bf25  SPIIntClear                           
2000bf6d  _SlDrvBasicCmd                        
2000bfb5  __aeabi_d2iz                          
2000c041  TimerConfigure                        
2000c085  _SlDrvHandleHttpServerEvents          
2000c0c9  _SlDrvSyncObjWaitTimeout              
2000c10d  __TI_auto_init_nobinit_nopinit        
2000c195  sl_Htonl                              
2000c1d9  PinModeSet                            
2000c219  _SlDrvHandleNetAppEvents              
2000c259  _SlDrvHandleWlanEvents                
2000c2d9  sprintf                               
2000c319  vsnprintf                             
2000c359  NwpRegisterInterruptHandler           
2000c411  PRCMPeripheralClkEnable               
2000c44d  simplelink_timerA2_start              
2000c489  sl_Htons                              
2000c4c5  uDMAChannelControlSet                 
2000c501  NwpPowerOff                           
2000c539  sl_WlanDisconnect                     
2000c571  GPIODirModeSet                        
2000c5a9  NwpPowerOn                            
2000c5dd  PRCMPeripheralStatusGet               
2000c611  SPIFIFOLevelSet                       
2000c645  PinTypeGPIO                           
2000c675  UARTDisable                           
2000c6d5  __aeabi_i2d                           
2000c705  PRCMSysResetCauseGet                  
2000c75d  _SlDrvProtectionObjLockWaitForever    
2000c789  TimerLoadSet                          
2000c7b3  TimerPrescaleSet                      
2000c7dd  PRCMPeripheralClkDisable              
2000c805  _SlDrvGlobalObjUnLock                 
2000c82d  _SlDrvProtectionObjUnLock             
2000c855  _SlDrvSyncObjWaitForever              
2000c8a5  memmove                               
2000c8cd  _SlDrvObjLockWaitForever              
2000c8f3  sl_Provisioning_HttpServerEventHdl    
2000c901  sl_Provisioning_NetAppEventHdl        
2000c90d  sl_Provisioning_WlanEventHdl          
2000c919  DmaSpiSwIntHandler                    
2000c93d  IntUnregister                         
2000c961  UARTEnable                            
2000c985  _c_int00_noargs                       
2000c9a9  SPIReset                              
2000c9cb  SPIWordCountSet                       
2000c9ed  GPIOPinWrite                          
2000ca0d  IntRegister                           
2000ca2d  NwpPrePowerOffTimout0                 
2000ca4d  TimerGetCurrentTimestamp              
2000ca6d  _SlDrvObjUnLock                       
2000ca8d  _SlDrvSyncObjSignal                   
2000caad  GPIOIntRegister                       
2000cacb  TimerEnable                           
2000cae9  UARTCharPut                           
2000cb25  TimerValueGet                         
2000cb41  UARTCharGetNonBlocking                
2000cb5d  _SlDrvStartMeasureTimeout             
2000cb79  __TI_zero_init_nomemset               
2000cbb1  memccpy                               
2000cbcd  uDMAChannelEnable                     
2000cbe9  GPIOIntEnable                         
2000cc03  PinTypeUART                           
2000cc1d  SPIDmaDisable                         
2000cc37  SPIDmaEnable                          
2000cc51  SPIFIFODisable                        
2000cc6b  SPIFIFOEnable                         
2000cc85  SPIIntUnregister                      
2000cc9f  GPIOPinRead                           
2000ccb7  SPICSDisable                          
2000cccf  SPICSEnable                           
2000cce7  SPIDisable                            
2000ccff  SPIEnable                             
2000cd17  UARTCharsAvail                        
2000cd2f  _SlNonOsSemSet                        
2000cd91  PRCMHIBRegRead                        
2000cda7  PRCMHIBRegWrite                       
2000cdbd  _SlDrvMemZero                         
2000cdd3  strchr                                
2000cde9  CPUcpsie                              
2000cdfd  GPIOIntClear                          
2000ce11  IntVTableBaseSet                      
2000ce25  strcpy                                
2000ce39  strlen                                
2000ce4d  wcslen                                
2000ce5f  _SlDrvDispatchHttpServerEvents        
2000ce6f  _SlDrvResetCmdExt                     
2000ce7d  __TI_decompress_none                  
2000ce8b  ResetISR                              
2000ce99  NwpMaskInterrupt                      
2000cea5  NwpUnMaskInterrupt                    
2000ceb1  copysign                              
2000ceb1  copysignl                             
2000cebd  IntMasterEnable                       
2000ced1  __aeabi_errno_addr                    
2000ced9  malloc                                
2000cee1  UtilsDelay                            
2000cee7  _system_pre_init                      
2000ceeb  C$$EXIT                               
2000ceeb  abort                                 
2000cef0  _ctypes_                              
2000d270  OpcodeTranslateTable                  
2000d2ac  _SlActionLookupTable                  
2000d4c2  _SlNetAppSendTokenValueCmdCtrl        
2000d508  __TI_static_base__                    
2000d53c  __TI_Handler_Table_Base               
2000d548  __TI_Handler_Table_Limit              
2000d550  __TI_CINIT_Base                       
2000d560  __TI_CINIT_Limit                      
20017000  __start___llvm_prf_cnts               
20017000  __stop___llvm_prf_cnts                
20017000  _sys_memory                           
20017968  g_ucDinDout                           
200179b8  g_time                                
200179e4  g_ucConnectionSSID                    
20017a08  g_ucConnectionBSSID                   
20017a14  RxIrqCnt                              
20017a15  g_bDeviceRestartIsRequired            
20017a16  g_cDummy                              
20017a17  g_ucLED1Pin                           
20017a18  g_ucLED2Pin                           
20017a19  g_ucLED3Pin                           
20017a1c  g__SlNonOsCB                          
20017a6c  g_ulStatus                            
20017a70  g_ulPingPacketsRecv                   
20017a74  g_ulGatewayIP                         
20017a78  g_Host                                
20017a7c  g_SlDeviceStatus                      
20017a80  g_pCB                                 
20017a84  pPingCallBackFunc                     
20017a8c  g_uiLED1Port                          
20017a90  g_uiLED2Port                          
20017a94  g_uiLED3Port                          
20017a98  g_SpiFd                               
20017a9c  g_pHostIntHdl                         
20017aa0  g_ucDMAEnabled                        
20017aa4  _lock                                 
20017aa8  _unlock                               
20017ab4  errno                                 
2002f800  __stack                               
20030000  __STACK_END                           
ffffffff  __TI_pprof_out_hndl                   
ffffffff  __TI_prof_data_size                   
ffffffff  __TI_prof_data_start                  
ffffffff  __binit__                             
ffffffff  __c_args__                            
ffffffff  binit                                 
UNDEFED   __mpu_init                            
UNDEFED   _system_post_cinit                    

[280 symbols]
